Archive member included to satisfy reference by file (symbol)

c:/devkitPro/libctru/lib\libctru.a(gfx.o)
                              main.o (gfxInitDefault)
c:/devkitPro/libctru/lib\libctru.a(console.o)
                              main.o (consoleInit)
c:/devkitPro/libctru/lib\libctru.a(gx.o)
                              c:/devkitPro/libctru/lib\libctru.a(gfx.o) (gxCmdBuf)
c:/devkitPro/libctru/lib\libctru.a(hid.o)
                              main.o (hidScanInput)
c:/devkitPro/libctru/lib\libctru.a(apt.o)
                              main.o (aptMainLoop)
c:/devkitPro/libctru/lib\libctru.a(gspgpu.o)
                              c:/devkitPro/libctru/lib\libctru.a(gfx.o) (gspInit)
c:/devkitPro/libctru/lib\libctru.a(irrst.o)
                              c:/devkitPro/libctru/lib\libctru.a(hid.o) (irrstScanInput)
c:/devkitPro/libctru/lib\libctru.a(initArgv.o)
                              c:/devkitpro/devkitarm/bin/../lib/gcc/arm-none-eabi/6.3.0/../../../../arm-none-eabi/lib/armv6k/fpu/3dsx_crt0.o (__system_argc)
c:/devkitPro/libctru/lib\libctru.a(initSystem.o)
                              c:/devkitPro/libctru/lib\libctru.a(apt.o) (__system_retAddr)
c:/devkitPro/libctru/lib\libctru.a(svc.o)
                              c:/devkitPro/libctru/lib\libctru.a(apt.o) (svcExitProcess)
c:/devkitPro/libctru/lib\libctru.a(stack_adjust.o)
                              c:/devkitpro/devkitarm/bin/../lib/gcc/arm-none-eabi/6.3.0/../../../../arm-none-eabi/lib/armv6k/fpu/3dsx_crt0.o (initSystem)
c:/devkitPro/libctru/lib\libctru.a(default_font.bin.o)
                              c:/devkitPro/libctru/lib\libctru.a(console.o) (default_font_bin)
c:/devkitPro/libctru/lib\libctru.a(linear.o)
                              c:/devkitPro/libctru/lib\libctru.a(gfx.o) (linearAlloc)
c:/devkitPro/libctru/lib\libctru.a(mappable.o)
                              c:/devkitPro/libctru/lib\libctru.a(gfx.o) (mappableAlloc)
c:/devkitPro/libctru/lib\libctru.a(vram.o)
                              c:/devkitPro/libctru/lib\libctru.a(gfx.o) (vramAlloc)
c:/devkitPro/libctru/lib\libctru.a(thread.o)
                              c:/devkitPro/libctru/lib\libctru.a(apt.o) (threadCreate)
c:/devkitPro/libctru/lib\libctru.a(srv.o)
                              c:/devkitPro/libctru/lib\libctru.a(apt.o) (srvInit)
c:/devkitPro/libctru/lib\libctru.a(os.o)
                              c:/devkitPro/libctru/lib\libctru.a(apt.o) (__ctru_speedup_config)
c:/devkitPro/libctru/lib\libctru.a(env.o)
                              c:/devkitPro/libctru/lib\libctru.a(irrst.o) (envGetHandle)
c:/devkitPro/libctru/lib\libctru.a(synchronization.o)
                              c:/devkitPro/libctru/lib\libctru.a(initSystem.o) (__sync_init)
c:/devkitPro/libctru/lib\libctru.a(ptmsysm.o)
                              c:/devkitPro/libctru/lib\libctru.a(os.o) (ptmSysmInit)
c:/devkitPro/libctru/lib\libctru.a(rbtree_find.o)
                              c:/devkitPro/libctru/lib\libctru.a(linear.o) (rbtree_find)
c:/devkitPro/libctru/lib\libctru.a(rbtree_remove.o)
                              c:/devkitPro/libctru/lib\libctru.a(linear.o) (rbtree_remove)
c:/devkitPro/libctru/lib\libctru.a(rbtree_iterator.o)
                              c:/devkitPro/libctru/lib\libctru.a(rbtree_remove.o) (rbtree_node_next)
c:/devkitPro/libctru/lib\libctru.a(rbtree_rotate.o)
                              c:/devkitPro/libctru/lib\libctru.a(rbtree_remove.o) (rbtree_rotate)
c:/devkitPro/libctru/lib\libctru.a(rbtree_insert.o)
                              c:/devkitPro/libctru/lib\libctru.a(linear.o) (rbtree_insert)
c:/devkitPro/libctru/lib\libctru.a(rbtree_init.o)
                              c:/devkitPro/libctru/lib\libctru.a(linear.o) (rbtree_init)
c:/devkitPro/libctru/lib\libctru.a(ctru_exit.o)
                              c:/devkitPro/libctru/lib\libctru.a(stack_adjust.o) (__libctru_exit)
c:/devkitPro/libctru/lib\libctru.a(appExit.o)
                              c:/devkitPro/libctru/lib\libctru.a(stack_adjust.o) (__appExit)
c:/devkitPro/libctru/lib\libctru.a(allocateHeaps.o)
                              c:/devkitPro/libctru/lib\libctru.a(initSystem.o) (__system_allocateHeaps)
c:/devkitPro/libctru/lib\libctru.a(syscalls.o)
                              c:/devkitPro/libctru/lib\libctru.a(initSystem.o) (__system_initSyscalls)
c:/devkitPro/libctru/lib\libctru.a(appInit.o)
                              c:/devkitPro/libctru/lib\libctru.a(stack_adjust.o) (__appInit)
c:/devkitPro/libctru/lib\libctru.a(mem_pool.o)
                              c:/devkitPro/libctru/lib\libctru.a(linear.o) (MemPool::Allocate(MemChunk&, unsigned long, int))
c:/devkitPro/libctru/lib\libctru.a(sdmc_dev.o)
                              c:/devkitPro/libctru/lib\libctru.a(appInit.o) (sdmcInit)
c:/devkitPro/libctru/lib\libctru.a(fs.o)
                              c:/devkitPro/libctru/lib\libctru.a(appInit.o) (fsInit)
c:/devkitPro/libctru/lib\libctru.a(utf8_to_utf16.o)
[...]
Memory Configuration

Name             Origin             Length             Attributes
*default*        0x00000000         0xffffffff

Linker script and memory map

                0x00100000                PROVIDE (__start__, 0x100000)
                0x00100000                . = __start__

.text           0x00100000    0x245f8
 *(.crt0)
 .crt0          0x00100000       0x94 c:/devkitpro/devkitarm/bin/../lib/gcc/arm-none-eabi/6.3.0/../../../../arm-none-eabi/lib/armv6k/fpu/3dsx_crt0.o
                0x00100000                _start
                0x00100008                __service_ptr
                0x0010000c                __apt_appid
                0x00100010                __heap_size
                0x00100014                __linear_heap_size
                0x00100018                __system_arglist
                0x0010001c                __system_runflags
 *(.init)
 .init          0x00100094        0xc c:/devkitpro/devkitarm/bin/../lib/gcc/arm-none-eabi/6.3.0/armv6k/fpu/crti.o
                0x00100094                _init
 .init          0x001000a0        0xc c:/devkitpro/devkitarm/bin/../lib/gcc/arm-none-eabi/6.3.0/armv6k/fpu/crtn.o
                0x001000ac                . = ALIGN (0x4)
 *(.text)
 .text          0x001000ac       0x1c main.o
                0x001000ac                handle_msg
                0x001000b8                handle_exit
 .text          0x001000c8      0x900 zupper.o
                0x001000c8                createZMenuTextItem
                0x001000ec                createZMenuSelectItem
                0x00100118                createZMenuOptionsItem
                0x00100134                createZMenuNumOptionsItem
                0x00100150                clearMenu
                0x00100168                zupperMenu
                0x001001b0                llMenuGet
                0x001001f0                llMenuGetLast
                0x0010020c                llMenuPop
                0x001002b0                llMenuPopLast
                0x001002cc                llMenuClear
                0x001002fc                llMenuAppend
                0x00100348                llMenuSetLast
                0x001003ac                linkedListZMenu
                0x001003d0                initCurrZMenuSystem
                0x0010043c                zupperSTARTK
                0x00100448                zupperAK
                0x001004b0                printZMenu
                0x001005bc                zupperDUPK
                0x001006ac                zupperDDOWNK
                0x001007a0                setZMenu
                0x0010080c                goBackToLastMenu
                0x0010086c                zupperBK
                0x00100870                zupperKeysDown
                0x001008e0                addZItem
                0x00100954                createZMenu
 .text          0x001009c8       0x64 c:/devkitPro/libctru/lib\libctru.a(stack_adjust.o)
                0x001009c8                initSystem
                0x00100a0c                __ctru_exit
 .text          0x00100a2c      0x240 c:/devkitpro/devkitarm/bin/../lib/gcc/arm-none-eabi/6.3.0/armv6k/fpu\libgcc.a(_divsi3.o)
                0x00100a2c                __divsi3
                0x00100a2c                __aeabi_idiv
                0x00100c4c                __aeabi_idivmod
 .text          0x00100c6c        0x4 c:/devkitpro/devkitarm/bin/../lib/gcc/arm-none-eabi/6.3.0/armv6k/fpu\libgcc.a(_dvmd_tls.o)
                0x00100c6c                __aeabi_idiv0
                0x00100c6c                __aeabi_ldiv0
 .text          0x00100c70       0x3c c:/devkitpro/devkitarm/bin/../lib/gcc/arm-none-eabi/6.3.0/armv6k/fpu\libgcc.a(_aeabi_uldivmod.o)
                0x00100c70                __aeabi_uldivmod
 *fill*         0x00100cac       0x14 
 .text          0x00100cc0      0x390 c:/devkitpro/devkitarm/bin/../lib/gcc/arm-none-eabi/6.3.0/../../../../arm-none-eabi/lib/armv6k/fpu\libg.a(lib_a-strcmp.o)
                0x00100cc8                strcmp
 .text          0x00101050      0x20c c:/devkitpro/devkitarm/bin/../lib/gcc/arm-none-eabi/6.3.0/armv6k/fpu\libgcc.a(_udivsi3.o)
                0x00101050                __aeabi_uidiv
                0x00101050                __udivsi3
                0x0010123c                __aeabi_uidivmod
 *(.text.*)
 .text.deregister_tm_clones
                0x0010125c       0x30 c:/devkitpro/devkitarm/bin/../lib/gcc/arm-none-eabi/6.3.0/armv6k/fpu/crtbegin.o
 .text.register_tm_clones
                0x0010128c       0x38 c:/devkitpro/devkitarm/bin/../lib/gcc/arm-none-eabi/6.3.0/armv6k/fpu/crtbegin.o
 .text.__do_global_dtors_aux
                0x001012c4       0x44 c:/devkitpro/devkitarm/bin/../lib/gcc/arm-none-eabi/6.3.0/armv6k/fpu/crtbegin.o
 .text.frame_dummy
                0x00101308       0x5c c:/devkitpro/devkitarm/bin/../lib/gcc/arm-none-eabi/6.3.0/armv6k/fpu/crtbegin.o
 .text.startup  0x00101364      0x10c main.o
                0x00101364                main
 .text.gfxSetFramebufferInfo.part.0
                0x00101470       0x8c c:/devkitPro/libctru/lib\libctru.a(gfx.o)
 .text.__get_bytes_per_pixel
                0x001014fc       0x18 c:/devkitPro/libctru/lib\libctru.a(gfx.o)
                0x001014fc                __get_bytes_per_pixel
 .text.gfxSetScreenFormat
                0x00101514      0x174 c:/devkitPro/libctru/lib\libctru.a(gfx.o)
                0x00101514                gfxSetScreenFormat
 .text.gfxSetDoubleBuffering
                0x00101688       0x14 c:/devkitPro/libctru/lib\libctru.a(gfx.o)
                0x00101688                gfxSetDoubleBuffering
 .text.gfxSetFramebufferInfo
                0x0010169c       0x70 c:/devkitPro/libctru/lib\libctru.a(gfx.o)
                0x0010169c                gfxSetFramebufferInfo
 .text.gfxWriteFramebufferInfo
                0x0010170c       0x88 c:/devkitPro/libctru/lib\libctru.a(gfx.o)
                0x0010170c                gfxWriteFramebufferInfo
 .text.gfxInit  0x00101794      0x1fc c:/devkitPro/libctru/lib\libctru.a(gfx.o)
                0x00101794                gfxInit
 .text.gfxInitDefault
                0x00101990       0x10 c:/devkitPro/libctru/lib\libctru.a(gfx.o)
                0x00101990                gfxInitDefault
 .text.gfxExit  0x001019a0       0xe0 c:/devkitPro/libctru/lib\libctru.a(gfx.o)
                0x001019a0                gfxExit
 .text.gfxGetFramebuffer
                0x00101a80       0xb0 c:/devkitPro/libctru/lib\libctru.a(gfx.o)
                0x00101a80                gfxGetFramebuffer
 .text.gfxFlushBuffers
                0x00101b30       0xc8 c:/devkitPro/libctru/lib\libctru.a(gfx.o)
                0x00101b30                gfxFlushBuffers
 .text.gfxConfigScreen
                0x00101bf8       0x70 c:/devkitPro/libctru/lib\libctru.a(gfx.o)
                0x00101bf8                gfxConfigScreen
 .text.gfxSwapBuffers
                0x00101c68       0x20 c:/devkitPro/libctru/lib\libctru.a(gfx.o)
                0x00101c68                gfxSwapBuffers
 .text.gfxSwapBuffersGpu
                0x00101c88       0x20 c:/devkitPro/libctru/lib\libctru.a(gfx.o)
                0x00101c88                gfxSwapBuffersGpu
 .text.debug_write
                0x00101ca8       0x1c c:/devkitPro/libctru/lib\libctru.a(console.o)
                0x00101ca8                debug_write
 .text.consoleDrawChar
                0x00101cc4      0x1b0 c:/devkitPro/libctru/lib\libctru.a(console.o)
                0x00101cc4                consoleDrawChar
 .text.consolePrintChar
                0x00101e74      0x124 c:/devkitPro/libctru/lib\libctru.a(console.o)
                0x00101e74                consolePrintChar
 .text.consoleCls
                0x00101f98      0x190 c:/devkitPro/libctru/lib\libctru.a(console.o)
 .text.consoleInit
                0x00102128       0xf8 c:/devkitPro/libctru/lib\libctru.a(console.o)
                0x00102128                consoleInit
 .text.consoleClearLine
                0x00102220      0x144 c:/devkitPro/libctru/lib\libctru.a(console.o)
 .text.newRow   0x00102364       0xbc c:/devkitPro/libctru/lib\libctru.a(console.o)
 .text.con_write
                0x00102420      0x79c c:/devkitPro/libctru/lib\libctru.a(console.o)
                0x00102420                con_write
 .text.consoleClear
                0x00102bbc        0xc c:/devkitPro/libctru/lib\libctru.a(console.o)
                0x00102bbc                consoleClear
 .text.hidExit  0x00102bc8       0xd0 c:/devkitPro/libctru/lib\libctru.a(hid.o)
                0x00102bc8                hidExit
 .text.hidScanInput
                0x00102c98      0x234 c:/devkitPro/libctru/lib\libctru.a(hid.o)
                0x00102c98                hidScanInput
 .text.hidKeysDown
                0x00102ecc       0x10 c:/devkitPro/libctru/lib\libctru.a(hid.o)
                0x00102ecc                hidKeysDown
 .text.HIDUSER_GetHandles
                0x00102edc       0x90 c:/devkitPro/libctru/lib\libctru.a(hid.o)
                0x00102edc                HIDUSER_GetHandles
 .text.hidInit  0x00102f6c      0x18c c:/devkitPro/libctru/lib\libctru.a(hid.o)
                0x00102f6c                hidInit
 .text._aptDebug
                0x001030f8        0x4 c:/devkitPro/libctru/lib\libctru.a(apt.o)
                0x001030f8                _aptDebug
 .text.aptSendCommand
                0x001030fc      0x130 c:/devkitPro/libctru/lib\libctru.a(apt.o)
                0x001030fc                aptSendCommand
 .text.aptExitProcess
                0x0010322c       0x3c c:/devkitPro/libctru/lib\libctru.a(apt.o)
 .text.APT_InquireNotification
                0x00103268       0x4c c:/devkitPro/libctru/lib\libctru.a(apt.o)
                0x00103268                APT_InquireNotification
 .text.aptEventHandler
                0x001032b4      0x19c c:/devkitPro/libctru/lib\libctru.a(apt.o)
 .text.APT_AppletUtility
                0x00103450       0x74 c:/devkitPro/libctru/lib\libctru.a(apt.o)
                0x00103450                APT_AppletUtility
 .text.aptSetSleepAllowed
                0x001034c4       0xb4 c:/devkitPro/libctru/lib\libctru.a(apt.o)
                0x001034c4                aptSetSleepAllowed
 .text.APT_GlanceParameter
                0x00103578       0xb4 c:/devkitPro/libctru/lib\libctru.a(apt.o)
                0x00103578                APT_GlanceParameter
 .text.APT_ReceiveParameter
                0x0010362c       0xc0 c:/devkitPro/libctru/lib\libctru.a(apt.o)
                0x0010362c                APT_ReceiveParameter
 .text.aptReceiveParameter.constprop.1
                0x001036ec       0xa8 c:/devkitPro/libctru/lib\libctru.a(apt.o)
 *fill*         0x00103794        0x4 
 .text.aptScreenTransfer
                0x00103798      0x1ec c:/devkitPro/libctru/lib\libctru.a(apt.o)
 .text.aptWaitForWakeUp
                0x00103984      0x228 c:/devkitPro/libctru/lib\libctru.a(apt.o)
 .text.APT_CancelParameter
                0x00103bac       0x70 c:/devkitPro/libctru/lib\libctru.a(apt.o)
                0x00103bac                APT_CancelParameter
 .text.aptInit  0x00103c1c      0x230 c:/devkitPro/libctru/lib\libctru.a(apt.o)
                0x00103c1c                aptInit
 .text.aptClearParamQueue
                0x00103e4c       0x8c c:/devkitPro/libctru/lib\libctru.a(apt.o)
 .text.aptMainLoop
                0x00103ed8      0x214 c:/devkitPro/libctru/lib\libctru.a(apt.o)
                0x00103ed8                aptMainLoop
 .text.aptExit  0x001040ec      0x148 c:/devkitPro/libctru/lib\libctru.a(apt.o)
                0x001040ec                aptExit
 .text.APT_CheckNew3DS
                0x00104234       0x70 c:/devkitPro/libctru/lib\libctru.a(apt.o)
                0x00104234                APT_CheckNew3DS
 .text.gspEventThreadMain
                0x001042a4      0x160 c:/devkitPro/libctru/lib\libctru.a(gspgpu.o)
 .text.gspInit  0x00104404       0x74 c:/devkitPro/libctru/lib\libctru.a(gspgpu.o)
                0x00104404                gspInit
 .text.gspExit  0x00104478       0x3c c:/devkitPro/libctru/lib\libctru.a(gspgpu.o)
                0x00104478                gspExit
 .text.gspInitEventHandler
                0x001044b4       0x88 c:/devkitPro/libctru/lib\libctru.a(gspgpu.o)
                0x001044b4                gspInitEventHandler
 .text.gspExitEventHandler
                0x0010453c       0x30 c:/devkitPro/libctru/lib\libctru.a(gspgpu.o)
                0x0010453c                gspExitEventHandler
 .text.gspWaitForEvent
                0x0010456c       0x44 c:/devkitPro/libctru/lib\libctru.a(gspgpu.o)
                0x0010456c                gspWaitForEvent
 .text.GSPGPU_SetBufferSwap
                0x001045b0       0x6c c:/devkitPro/libctru/lib\libctru.a(gspgpu.o)
                0x001045b0                GSPGPU_SetBufferSwap
 .text.GSPGPU_FlushDataCache
                0x0010461c       0x4c c:/devkitPro/libctru/lib\libctru.a(gspgpu.o)
                0x0010461c                GSPGPU_FlushDataCache
 .text.GSPGPU_SetLcdForceBlack
                0x00104668       0x34 c:/devkitPro/libctru/lib\libctru.a(gspgpu.o)
                0x00104668                GSPGPU_SetLcdForceBlack
 .text.GSPGPU_RegisterInterruptRelayQueue
                0x0010469c       0x64 c:/devkitPro/libctru/lib\libctru.a(gspgpu.o)
                0x0010469c                GSPGPU_RegisterInterruptRelayQueue
 .text.GSPGPU_UnregisterInterruptRelayQueue
                0x00104700       0x2c c:/devkitPro/libctru/lib\libctru.a(gspgpu.o)
                0x00104700                GSPGPU_UnregisterInterruptRelayQueue
 .text.GSPGPU_AcquireRight
                0x0010472c       0x48 c:/devkitPro/libctru/lib\libctru.a(gspgpu.o)
                0x0010472c                GSPGPU_AcquireRight
 .text.GSPGPU_ReleaseRight
                0x00104774       0x2c c:/devkitPro/libctru/lib\libctru.a(gspgpu.o)
                0x00104774                GSPGPU_ReleaseRight
 .text.GSPGPU_ImportDisplayCaptureInfo
                0x001047a0       0x80 c:/devkitPro/libctru/lib\libctru.a(gspgpu.o)
                0x001047a0                GSPGPU_ImportDisplayCaptureInfo
 .text.GSPGPU_SaveVramSysArea
                0x00104820       0x2c c:/devkitPro/libctru/lib\libctru.a(gspgpu.o)
                0x00104820                GSPGPU_SaveVramSysArea
 .text.GSPGPU_RestoreVramSysArea
                0x0010484c       0x2c c:/devkitPro/libctru/lib\libctru.a(gspgpu.o)
                0x0010484c                GSPGPU_RestoreVramSysArea
 .text.irrstScanInput
                0x00104878       0xb0 c:/devkitPro/libctru/lib\libctru.a(irrst.o)
                0x00104878                irrstScanInput
 .text.irrstKeysHeld
                0x00104928       0x1c c:/devkitPro/libctru/lib\libctru.a(irrst.o)
                0x00104928                irrstKeysHeld
 .text.IRRST_GetHandles
                0x00104944       0x50 c:/devkitPro/libctru/lib\libctru.a(irrst.o)
                0x00104944                IRRST_GetHandles
 .text.irrstInit
                0x00104994      0x150 c:/devkitPro/libctru/lib\libctru.a(irrst.o)
                0x00104994                irrstInit
 .text.IRRST_Shutdown
                0x00104ae4       0x2c c:/devkitPro/libctru/lib\libctru.a(irrst.o)
                0x00104ae4                IRRST_Shutdown
 .text.irrstExit
                0x00104b10       0xac c:/devkitPro/libctru/lib\libctru.a(irrst.o)
                0x00104b10                irrstExit
 .text.__system_initArgv
                0x00104bbc       0xe8 c:/devkitPro/libctru/lib\libctru.a(initArgv.o)
                0x00104bbc                __system_initArgv
 .text.__libctru_init
                0x00104ca4       0x38 c:/devkitPro/libctru/lib\libctru.a(initSystem.o)
                0x00104ca4                __libctru_init
 .text.svcControlMemory
                0x00104cdc       0x20 c:/devkitPro/libctru/lib\libctru.a(svc.o)
                0x00104cdc                svcControlMemory
 .text.svcExitProcess
                0x00104cfc        0x8 c:/devkitPro/libctru/lib\libctru.a(svc.o)
                0x00104cfc                svcExitProcess
 .text.svcCreateThread
                0x00104d04       0x20 c:/devkitPro/libctru/lib\libctru.a(svc.o)
                0x00104d04                svcCreateThread
 .text.svcExitThread
                0x00104d24        0x8 c:/devkitPro/libctru/lib\libctru.a(svc.o)
                0x00104d24                svcExitThread
 .text.svcSleepThread
                0x00104d2c        0x8 c:/devkitPro/libctru/lib\libctru.a(svc.o)
                0x00104d2c                svcSleepThread
 .text.svcReleaseMutex
                0x00104d34        0x8 c:/devkitPro/libctru/lib\libctru.a(svc.o)
                0x00104d34                svcReleaseMutex
 .text.svcCreateEvent
                0x00104d3c       0x14 c:/devkitPro/libctru/lib\libctru.a(svc.o)
                0x00104d3c                svcCreateEvent
 .text.svcSignalEvent
                0x00104d50        0x8 c:/devkitPro/libctru/lib\libctru.a(svc.o)
                0x00104d50                svcSignalEvent
 .text.svcClearEvent
                0x00104d58        0x8 c:/devkitPro/libctru/lib\libctru.a(svc.o)
                0x00104d58                svcClearEvent
 .text.svcMapMemoryBlock
                0x00104d60        0x8 c:/devkitPro/libctru/lib\libctru.a(svc.o)
                0x00104d60                svcMapMemoryBlock
 .text.svcUnmapMemoryBlock
                0x00104d68        0x8 c:/devkitPro/libctru/lib\libctru.a(svc.o)
                0x00104d68                svcUnmapMemoryBlock
 .text.svcCreateAddressArbiter
                0x00104d70       0x14 c:/devkitPro/libctru/lib\libctru.a(svc.o)
                0x00104d70                svcCreateAddressArbiter
 .text.svcArbitrateAddress
                0x00104d84       0x18 c:/devkitPro/libctru/lib\libctru.a(svc.o)
                0x00104d84                svcArbitrateAddress
 .text.svcCloseHandle
                0x00104d9c        0x8 c:/devkitPro/libctru/lib\libctru.a(svc.o)
                0x00104d9c                svcCloseHandle
 .text.svcWaitSynchronization
                0x00104da4        0x8 c:/devkitPro/libctru/lib\libctru.a(svc.o)
                0x00104da4                svcWaitSynchronization
 .text.svcWaitSynchronizationN
                0x00104dac       0x28 c:/devkitPro/libctru/lib\libctru.a(svc.o)
                0x00104dac                svcWaitSynchronizationN
 .text.svcDuplicateHandle
                0x00104dd4       0x14 c:/devkitPro/libctru/lib\libctru.a(svc.o)
                0x00104dd4                svcDuplicateHandle
 .text.svcGetSystemTick
                0x00104de8        0x8 c:/devkitPro/libctru/lib\libctru.a(svc.o)
                0x00104de8                svcGetSystemTick
 .text.svcGetSystemInfo
                0x00104df0       0x18 c:/devkitPro/libctru/lib\libctru.a(svc.o)
                0x00104df0                svcGetSystemInfo
 .text.svcConnectToPort
                0x00104e08       0x14 c:/devkitPro/libctru/lib\libctru.a(svc.o)
                0x00104e08                svcConnectToPort
 .text.svcSendSyncRequest
                0x00104e1c        0x8 c:/devkitPro/libctru/lib\libctru.a(svc.o)
                0x00104e1c                svcSendSyncRequest
 .text.svcBreak
                0x00104e24        0x8 c:/devkitPro/libctru/lib\libctru.a(svc.o)
                0x00104e24                svcBreak
 .text.svcOutputDebugString
                0x00104e2c        0x8 c:/devkitPro/libctru/lib\libctru.a(svc.o)
                0x00104e2c                svcOutputDebugString
 .text._ZL21addrMapNodeComparatorPK11rbtree_nodeS1_
                0x00104e34       0x24 c:/devkitPro/libctru/lib\libctru.a(linear.o)
 .text._ZL21addrMapNodeDestructorP11rbtree_node
                0x00104e58        0x4 c:/devkitPro/libctru/lib\libctru.a(linear.o)
 .text.linearMemAlign
                0x00104e5c      0x13c c:/devkitPro/libctru/lib\libctru.a(linear.o)
                0x00104e5c                linearMemAlign
 .text.linearAlloc
                0x00104f98        0x8 c:/devkitPro/libctru/lib\libctru.a(linear.o)
                0x00104f98                linearAlloc
 .text.linearFree
                0x00104fa0       0x50 c:/devkitPro/libctru/lib\libctru.a(linear.o)
                0x00104fa0                linearFree
 .text._ZL21addrMapNodeComparatorPK11rbtree_nodeS1_
                0x00104ff0       0x24 c:/devkitPro/libctru/lib\libctru.a(mappable.o)
 .text._ZL21addrMapNodeDestructorP11rbtree_node
                0x00105014        0x4 c:/devkitPro/libctru/lib\libctru.a(mappable.o)
 .text.mappableAlloc
                0x00105018       0xf4 c:/devkitPro/libctru/lib\libctru.a(mappable.o)
                0x00105018                mappableAlloc
 .text.mappableFree
                0x0010510c       0x50 c:/devkitPro/libctru/lib\libctru.a(mappable.o)
                0x0010510c                mappableFree
 .text._ZL21addrMapNodeComparatorPK11rbtree_nodeS1_
                0x0010515c       0x24 c:/devkitPro/libctru/lib\libctru.a(vram.o)
 .text._ZL21addrMapNodeDestructorP11rbtree_node
                0x00105180        0x4 c:/devkitPro/libctru/lib\libctru.a(vram.o)
 .text.vramMemAlign
                0x00105184      0x12c c:/devkitPro/libctru/lib\libctru.a(vram.o)
                0x00105184                vramMemAlign
 .text.vramAlloc
                0x001052b0        0x8 c:/devkitPro/libctru/lib\libctru.a(vram.o)
                0x001052b0                vramAlloc
 .text.vramFree
                0x001052b8       0x50 c:/devkitPro/libctru/lib\libctru.a(vram.o)
                0x001052b8                vramFree
 .text.threadCreate
                0x00105308      0x1bc c:/devkitPro/libctru/lib\libctru.a(thread.o)
                0x00105308                threadCreate
 .text.threadJoin
                0x001054c4       0x24 c:/devkitPro/libctru/lib\libctru.a(thread.o)
                0x001054c4                threadJoin
 .text.threadExit
                0x001054e8       0x70 c:/devkitPro/libctru/lib\libctru.a(thread.o)
                0x001054e8                threadExit
 .text._thread_begin
                0x00105558       0x40 c:/devkitPro/libctru/lib\libctru.a(thread.o)
 .text.srvExit  0x00105598       0x50 c:/devkitPro/libctru/lib\libctru.a(srv.o)
                0x00105598                srvExit
 .text.srvRegisterClient
                0x001055e8       0x38 c:/devkitPro/libctru/lib\libctru.a(srv.o)
                0x001055e8                srvRegisterClient
 .text.srvInit  0x00105620       0x78 c:/devkitPro/libctru/lib\libctru.a(srv.o)
                0x00105620                srvInit
 .text.srvGetServiceHandleDirect
                0x00105698       0x68 c:/devkitPro/libctru/lib\libctru.a(srv.o)
                0x00105698                srvGetServiceHandleDirect
 .text.srvGetServiceHandle
                0x00105700       0x38 c:/devkitPro/libctru/lib\libctru.a(srv.o)
                0x00105700                srvGetServiceHandle
 .text.getSysTime
                0x00105738       0x58 c:/devkitPro/libctru/lib\libctru.a(os.o)
 .text.osGetMemRegionUsed
                0x00105790       0x24 c:/devkitPro/libctru/lib\libctru.a(os.o)
                0x00105790                osGetMemRegionUsed
 *fill*         0x001057b4        0x4 
 .text.__libctru_gtod
                0x001057b8       0xf4 c:/devkitPro/libctru/lib\libctru.a(os.o)
                0x001057b8                __libctru_gtod
 .text.__ctru_speedup_config
                0x001058ac       0x34 c:/devkitPro/libctru/lib\libctru.a(os.o)
                0x001058ac                __ctru_speedup_config
 .text.envGetHandle
                0x001058e0       0x84 c:/devkitPro/libctru/lib\libctru.a(env.o)
                0x001058e0                envGetHandle
 .text.envDestroyHandles
                0x00105964       0x4c c:/devkitPro/libctru/lib\libctru.a(env.o)
                0x00105964                envDestroyHandles
 .text.LightLock_Unlock.part.1
                0x001059b0       0x34 c:/devkitPro/libctru/lib\libctru.a(synchronization.o)
 .text.__sync_init
                0x001059e4        0xc c:/devkitPro/libctru/lib\libctru.a(synchronization.o)
                0x001059e4                __sync_init
 .text.__sync_fini
                0x001059f0       0x18 c:/devkitPro/libctru/lib\libctru.a(synchronization.o)
                0x001059f0                __sync_fini
 .text.__sync_get_arbiter
                0x00105a08       0x10 c:/devkitPro/libctru/lib\libctru.a(synchronization.o)
                0x00105a08                __sync_get_arbiter
 .text.LightLock_Init
                0x00105a18       0x18 c:/devkitPro/libctru/lib\libctru.a(synchronization.o)
                0x00105a18                LightLock_Init
 .text.LightLock_Lock
                0x00105a30       0xa0 c:/devkitPro/libctru/lib\libctru.a(synchronization.o)
                0x00105a30                LightLock_Lock
 .text.LightLock_TryLock
                0x00105ad0       0x34 c:/devkitPro/libctru/lib\libctru.a(synchronization.o)
                0x00105ad0                LightLock_TryLock
 .text.LightLock_Unlock
                0x00105b04       0x20 c:/devkitPro/libctru/lib\libctru.a(synchronization.o)
                0x00105b04                LightLock_Unlock
 .text.RecursiveLock_Init
                0x00105b24       0x24 c:/devkitPro/libctru/lib\libctru.a(synchronization.o)
                0x00105b24                RecursiveLock_Init
 .text.RecursiveLock_Lock
                0x00105b48       0x30 c:/devkitPro/libctru/lib\libctru.a(synchronization.o)
                0x00105b48                RecursiveLock_Lock
 .text.RecursiveLock_TryLock
                0x00105b78       0x58 c:/devkitPro/libctru/lib\libctru.a(synchronization.o)
                0x00105b78                RecursiveLock_TryLock
 .text.RecursiveLock_Unlock
                0x00105bd0       0x38 c:/devkitPro/libctru/lib\libctru.a(synchronization.o)
                0x00105bd0                RecursiveLock_Unlock
 .text.LightEvent_Init
                0x00105c08       0x38 c:/devkitPro/libctru/lib\libctru.a(synchronization.o)
                0x00105c08                LightEvent_Init
 .text.LightEvent_Clear
                0x00105c40       0x7c c:/devkitPro/libctru/lib\libctru.a(synchronization.o)
                0x00105c40                LightEvent_Clear
 .text.LightEvent_Signal
                0x00105cbc       0xdc c:/devkitPro/libctru/lib\libctru.a(synchronization.o)
                0x00105cbc                LightEvent_Signal
 .text.LightEvent_Wait
                0x00105d98       0xd0 c:/devkitPro/libctru/lib\libctru.a(synchronization.o)
                0x00105d98                LightEvent_Wait
 .text.ptmSysmInit
                0x00105e68       0x70 c:/devkitPro/libctru/lib\libctru.a(ptmsysm.o)
                0x00105e68                ptmSysmInit
 .text.ptmSysmExit
                0x00105ed8       0x34 c:/devkitPro/libctru/lib\libctru.a(ptmsysm.o)
                0x00105ed8                ptmSysmExit
 .text.PTMSYSM_ConfigureNew3DSCPU
                0x00105f0c       0x34 c:/devkitPro/libctru/lib\libctru.a(ptmsysm.o)
                0x00105f0c                PTMSYSM_ConfigureNew3DSCPU
 .text.rbtree_find
                0x00105f40       0x70 c:/devkitPro/libctru/lib\libctru.a(rbtree_find.o)
                0x00105f40                rbtree_find
 .text.rbtree_remove
                0x00105fb0      0x324 c:/devkitPro/libctru/lib\libctru.a(rbtree_remove.o)
                0x00105fb0                rbtree_remove
 .text.rbtree_node_next
                0x001062d4       0x74 c:/devkitPro/libctru/lib\libctru.a(rbtree_iterator.o)
                0x001062d4                rbtree_node_next
 .text.rbtree_rotate
                0x00106348       0x94 c:/devkitPro/libctru/lib\libctru.a(rbtree_rotate.o)
                0x00106348                rbtree_rotate
 .text.do_insert
                0x001063dc      0x18c c:/devkitPro/libctru/lib\libctru.a(rbtree_insert.o)
 .text.rbtree_insert
                0x00106568        0x8 c:/devkitPro/libctru/lib\libctru.a(rbtree_insert.o)
                0x00106568                rbtree_insert
 .text.rbtree_init
                0x00106570       0x14 c:/devkitPro/libctru/lib\libctru.a(rbtree_init.o)
                0x00106570                rbtree_init
 .text.__libctru_exit
                0x00106584       0xa4 c:/devkitPro/libctru/lib\libctru.a(ctru_exit.o)
                0x00106584                __libctru_exit
 .text.__appExit
                0x00106628       0x1c c:/devkitPro/libctru/lib\libctru.a(appExit.o)
                0x00106628                __appExit
 .text.osGetMemRegionSize
                0x00106644       0x58 c:/devkitPro/libctru/lib\libctru.a(allocateHeaps.o)
 .text.__system_allocateHeaps
                0x0010669c      0x104 c:/devkitPro/libctru/lib\libctru.a(allocateHeaps.o)
                0x0010669c                __system_allocateHeaps
 .text.__ctru_get_reent
                0x001067a0       0x30 c:/devkitPro/libctru/lib\libctru.a(syscalls.o)
 .text.__system_initSyscalls
                0x001067d0       0xe4 c:/devkitPro/libctru/lib\libctru.a(syscalls.o)
                0x001067d0                __system_initSyscalls
 .text.__appInit
                0x001068b4       0x1c c:/devkitPro/libctru/lib\libctru.a(appInit.o)
                0x001068b4                __appInit
 .text._ZN7MemPool13CoalesceRightEP8MemBlock
                0x001068d0       0x98 c:/devkitPro/libctru/lib\libctru.a(mem_pool.o)
                0x001068d0                MemPool::CoalesceRight(MemBlock*)
 .text._ZN7MemPool8AllocateER8MemChunkmi
                0x00106968      0x178 c:/devkitPro/libctru/lib\libctru.a(mem_pool.o)
                0x00106968                MemPool::Allocate(MemChunk&, unsigned long, int)
 .text._ZN7MemPool10DeallocateERK8MemChunk
                0x00106ae0      0x100 c:/devkitPro/libctru/lib\libctru.a(mem_pool.o)
                0x00106ae0                MemPool::Deallocate(MemChunk const&)
 .text.sdmc_link
                0x00106be0       0x10 c:/devkitPro/libctru/lib\libctru.a(sdmc_dev.o)
 .text.sdmc_dirreset
                0x00106bf0       0x10 c:/devkitPro/libctru/lib\libctru.a(sdmc_dev.o)
 .text.sdmc_fchmod
                0x00106c00       0x10 c:/devkitPro/libctru/lib\libctru.a(sdmc_dev.o)
 .text.error_cmp
                0x00106c10       0x24 c:/devkitPro/libctru/lib\libctru.a(sdmc_dev.o)
 .text.sdmc_translate_error
                0x00106c34       0x50 c:/devkitPro/libctru/lib\libctru.a(sdmc_dev.o)
 .text.sdmc_fsync
                0x00106c84       0x34 c:/devkitPro/libctru/lib\libctru.a(sdmc_dev.o)
 .text.sdmc_ftruncate
                0x00106cb8       0x54 c:/devkitPro/libctru/lib\libctru.a(sdmc_dev.o)
 .text.sdmc_statvfs
                0x00106d0c       0xb8 c:/devkitPro/libctru/lib\libctru.a(sdmc_dev.o)
 .text.sdmc_dirclose
                0x00106dc4       0x38 c:/devkitPro/libctru/lib\libctru.a(sdmc_dev.o)
 .text.sdmc_dirnext
                0x00106dfc      0x138 c:/devkitPro/libctru/lib\libctru.a(sdmc_dev.o)
 .text.sdmc_close
                0x00106f34       0x34 c:/devkitPro/libctru/lib\libctru.a(sdmc_dev.o)
 .text.sdmc_fstat
                0x00106f68       0x74 c:/devkitPro/libctru/lib\libctru.a(sdmc_dev.o)
 .text.sdmc_seek
                0x00106fdc       0xd8 c:/devkitPro/libctru/lib\libctru.a(sdmc_dev.o)
 .text.sdmc_read
                0x001070b4       0x84 c:/devkitPro/libctru/lib\libctru.a(sdmc_dev.o)
 .text.sdmc_write
                0x00107138       0xb8 c:/devkitPro/libctru/lib\libctru.a(sdmc_dev.o)
 .text.sdmc_utf16path
                0x001071f0      0x1b4 c:/devkitPro/libctru/lib\libctru.a(sdmc_dev.o)
 .text.sdmc_rmdir
                0x001073a4       0x74 c:/devkitPro/libctru/lib\libctru.a(sdmc_dev.o)
 .text.sdmc_diropen
                0x00107418       0xa4 c:/devkitPro/libctru/lib\libctru.a(sdmc_dev.o)
 .text.sdmc_chdir
                0x001074bc       0xa0 c:/devkitPro/libctru/lib\libctru.a(sdmc_dev.o)
 .text.sdmc_mkdir
                0x0010755c       0x98 c:/devkitPro/libctru/lib\libctru.a(sdmc_dev.o)
 .text.sdmc_rename
                0x001075f4      0x108 c:/devkitPro/libctru/lib\libctru.a(sdmc_dev.o)
 .text.sdmc_unlink
                0x001076fc       0x74 c:/devkitPro/libctru/lib\libctru.a(sdmc_dev.o)
 .text.sdmc_stat
                0x00107770      0x108 c:/devkitPro/libctru/lib\libctru.a(sdmc_dev.o)
 .text.sdmc_open
                0x00107878      0x188 c:/devkitPro/libctru/lib\libctru.a(sdmc_dev.o)
 .text.sdmc_chmod
                0x00107a00       0x10 c:/devkitPro/libctru/lib\libctru.a(sdmc_dev.o)
 .text.sdmcInit
                0x00107a10      0x15c c:/devkitPro/libctru/lib\libctru.a(sdmc_dev.o)
                0x00107a10                sdmcInit
 .text.sdmcExit
                0x00107b6c       0x58 c:/devkitPro/libctru/lib\libctru.a(sdmc_dev.o)
                0x00107b6c                sdmcExit
 .text.fsSessionForArchive.part.0
                0x00107bc4       0x28 c:/devkitPro/libctru/lib\libctru.a(fs.o)
 .text.fsInit   0x00107bec       0xc8 c:/devkitPro/libctru/lib\libctru.a(fs.o)
                0x00107bec                fsInit
 .text.fsExit   0x00107cb4       0x38 c:/devkitPro/libctru/lib\libctru.a(fs.o)
                0x00107cb4                fsExit
 .text.fsExemptFromSession
                0x00107cec       0xa0 c:/devkitPro/libctru/lib\libctru.a(fs.o)
                0x00107cec                fsExemptFromSession
 .text.fsUnexemptFromSession
                0x00107d8c       0x54 c:/devkitPro/libctru/lib\libctru.a(fs.o)
                0x00107d8c                fsUnexemptFromSession
 .text.FSUSER_OpenFile
                0x00107de0       0xbc c:/devkitPro/libctru/lib\libctru.a(fs.o)
                0x00107de0                FSUSER_OpenFile
 .text.FSUSER_DeleteFile
                0x00107e9c       0xa4 c:/devkitPro/libctru/lib\libctru.a(fs.o)
                0x00107e9c                FSUSER_DeleteFile
 .text.FSUSER_RenameFile
                0x00107f40       0xe0 c:/devkitPro/libctru/lib\libctru.a(fs.o)
                0x00107f40                FSUSER_RenameFile
 .text.FSUSER_DeleteDirectory
                0x00108020       0xa4 c:/devkitPro/libctru/lib\libctru.a(fs.o)
                0x00108020                FSUSER_DeleteDirectory
 .text.FSUSER_CreateFile
                0x001080c4       0xbc c:/devkitPro/libctru/lib\libctru.a(fs.o)
                0x001080c4                FSUSER_CreateFile
 .text.FSUSER_CreateDirectory
                0x00108180       0xac c:/devkitPro/libctru/lib\libctru.a(fs.o)
                0x00108180                FSUSER_CreateDirectory
 .text.FSUSER_RenameDirectory
                0x0010822c       0xe0 c:/devkitPro/libctru/lib\libctru.a(fs.o)
                0x0010822c                FSUSER_RenameDirectory
 .text.FSUSER_OpenDirectory
                0x0010830c       0xa4 c:/devkitPro/libctru/lib\libctru.a(fs.o)
                0x0010830c                FSUSER_OpenDirectory
 .text.FSUSER_OpenArchive
                0x001083b0       0x98 c:/devkitPro/libctru/lib\libctru.a(fs.o)
                0x001083b0                FSUSER_OpenArchive
 .text.FSUSER_CloseArchive
                0x00108448       0x74 c:/devkitPro/libctru/lib\libctru.a(fs.o)
                0x00108448                FSUSER_CloseArchive
 .text.FSUSER_GetSdmcArchiveResource
                0x001084bc       0x78 c:/devkitPro/libctru/lib\libctru.a(fs.o)
                0x001084bc                FSUSER_GetSdmcArchiveResource
 .text.FSUSER_IsSdmcWritable
                0x00108534       0x64 c:/devkitPro/libctru/lib\libctru.a(fs.o)
                0x00108534                FSUSER_IsSdmcWritable
 .text.FSFILE_Read
                0x00108598       0x5c c:/devkitPro/libctru/lib\libctru.a(fs.o)
                0x00108598                FSFILE_Read
 .text.FSFILE_Write
                0x001085f4       0x64 c:/devkitPro/libctru/lib\libctru.a(fs.o)
                0x001085f4                FSFILE_Write
 .text.FSFILE_GetSize
                0x00108658       0x3c c:/devkitPro/libctru/lib\libctru.a(fs.o)
                0x00108658                FSFILE_GetSize
 .text.FSFILE_SetSize
                0x00108694       0x2c c:/devkitPro/libctru/lib\libctru.a(fs.o)
                0x00108694                FSFILE_SetSize
 .text.FSFILE_Close
                0x001086c0       0x3c c:/devkitPro/libctru/lib\libctru.a(fs.o)
                0x001086c0                FSFILE_Close
 .text.FSFILE_Flush
                0x001086fc       0x24 c:/devkitPro/libctru/lib\libctru.a(fs.o)
                0x001086fc                FSFILE_Flush
 .text.FSDIR_Read
                0x00108720       0x54 c:/devkitPro/libctru/lib\libctru.a(fs.o)
                0x00108720                FSDIR_Read
 .text.FSDIR_Close
                0x00108774       0x3c c:/devkitPro/libctru/lib\libctru.a(fs.o)
                0x00108774                FSDIR_Close
 .text.utf8_to_utf16
                0x001087b0       0xc0 c:/devkitPro/libctru/lib\libctru.a(utf8_to_utf16.o)
                0x001087b0                utf8_to_utf16
 .text.decode_utf8
                0x00108870      0x138 c:/devkitPro/libctru/lib\libctru.a(decode_utf8.o)
                0x00108870                decode_utf8
 .text.utf16_to_utf8
                0x001089a8       0xe8 c:/devkitPro/libctru/lib\libctru.a(utf16_to_utf8.o)
                0x001089a8                utf16_to_utf8
 .text.encode_utf8
                0x00108a90      0x104 c:/devkitPro/libctru/lib\libctru.a(encode_utf8.o)
                0x00108a90                encode_utf8
 .text.encode_utf16
                0x00108b94       0x68 c:/devkitPro/libctru/lib\libctru.a(encode_utf16.o)
                0x00108b94                encode_utf16
 .text.__aeabi_read_tp
                0x00108bfc        0xc c:/devkitPro/libctru/lib\libctru.a(readtp.o)
                0x00108bfc                __aeabi_read_tp
 .text.decode_utf16
                0x00108c08       0x60 c:/devkitPro/libctru/lib\libctru.a(decode_utf16.o)
                0x00108c08                decode_utf16
 .text.__udivmoddi4
                0x00108c68      0x128 c:/devkitpro/devkitarm/bin/../lib/gcc/arm-none-eabi/6.3.0/armv6k/fpu\libgcc.a(_udivmoddi4.o)
                0x00108c68                __udivmoddi4
 .text.bsearch  0x00108d90       0x74 c:/devkitpro/devkitarm/bin/../lib/gcc/arm-none-eabi/6.3.0/../../../../arm-none-eabi/lib/armv6k/fpu\libg.a(lib_a-bsearch.o)
                0x00108d90                bsearch
 .text.exit     0x00108e04       0x34 c:/devkitpro/devkitarm/bin/../lib/gcc/arm-none-eabi/6.3.0/../../../../arm-none-eabi/lib/armv6k/fpu\libg.a(lib_a-exit.o)
                0x00108e04                exit
 .text.__libc_fini_array
                0x00108e38       0x40 c:/devkitpro/devkitarm/bin/../lib/gcc/arm-none-eabi/6.3.0/../../../../arm-none-eabi/lib/armv6k/fpu\libg.a(lib_a-fini.o)
                0x00108e38                __libc_fini_array
 .text.__libc_init_array
                0x00108e78       0x78 c:/devkitpro/devkitarm/bin/../lib/gcc/arm-none-eabi/6.3.0/../../../../arm-none-eabi/lib/armv6k/fpu\libg.a(lib_a-init.o)
                0x00108e78                __libc_init_array
 .text.iprintf  0x00108ef0       0x38 c:/devkitpro/devkitarm/bin/../lib/gcc/arm-none-eabi/6.3.0/../../../../arm-none-eabi/lib/armv6k/fpu\libg.a(lib_a-iprintf.o)
                0x00108ef0                iprintf
 .text.memalign
                0x00108f28       0x20 c:/devkitpro/devkitarm/bin/../lib/gcc/arm-none-eabi/6.3.0/../../../../arm-none-eabi/lib/armv6k/fpu\libg.a(lib_a-malign.o)
                0x00108f28                memalign
 .text._memalign_r
                0x00108f48      0x158 c:/devkitpro/devkitarm/bin/../lib/gcc/arm-none-eabi/6.3.0/../../../../arm-none-eabi/lib/armv6k/fpu\libg.a(lib_a-malignr.o)
                0x00108f48                _memalign_r
 .text.malloc   0x001090a0       0x18 c:/devkitpro/devkitarm/bin/../lib/gcc/arm-none-eabi/6.3.0/../../../../arm-none-eabi/lib/armv6k/fpu\libg.a(lib_a-malloc.o)
                0x001090a0                malloc
 .text.free     0x001090b8       0x18 c:/devkitpro/devkitarm/bin/../lib/gcc/arm-none-eabi/6.3.0/../../../../arm-none-eabi/lib/armv6k/fpu\libg.a(lib_a-malloc.o)
                0x001090b8                free
 .text._malloc_r
                0x001090d0      0x78c c:/devkitpro/devkitarm/bin/../lib/gcc/arm-none-eabi/6.3.0/../../../../arm-none-eabi/lib/armv6k/fpu\libg.a(lib_a-mallocr.o)
                0x001090d0                _malloc_r
 .text.memchr   0x0010985c      0x104 c:/devkitpro/devkitarm/bin/../lib/gcc/arm-none-eabi/6.3.0/../../../../arm-none-eabi/lib/armv6k/fpu\libg.a(lib_a-memchr-stub.o)
                0x0010985c                memchr
 .text.memcpy   0x00109960      0x114 c:/devkitpro/devkitarm/bin/../lib/gcc/arm-none-eabi/6.3.0/../../../../arm-none-eabi/lib/armv6k/fpu\libg.a(lib_a-memcpy-stub.o)
                0x00109960                memcpy
 .text.memset   0x00109a74      0x110 c:/devkitpro/devkitarm/bin/../lib/gcc/arm-none-eabi/6.3.0/../../../../arm-none-eabi/lib/armv6k/fpu\libg.a(lib_a-memset.o)
                0x00109a74                memset
 .text.__malloc_lock
                0x00109b84        0xc c:/devkitpro/devkitarm/bin/../lib/gcc/arm-none-eabi/6.3.0/../../../../arm-none-eabi/lib/armv6k/fpu\libg.a(lib_a-mlock.o)
                0x00109b84                __malloc_lock
 .text.__malloc_unlock
                0x00109b90        0xc c:/devkitpro/devkitarm/bin/../lib/gcc/arm-none-eabi/6.3.0/../../../../arm-none-eabi/lib/armv6k/fpu\libg.a(lib_a-mlock.o)
                0x00109b90                __malloc_unlock
 .text.printf   0x00109b9c       0x38 c:/devkitpro/devkitarm/bin/../lib/gcc/arm-none-eabi/6.3.0/../../../../arm-none-eabi/lib/armv6k/fpu\libg.a(lib_a-printf.o)
                0x00109b9c                printf
 .text.setvbuf  0x00109bd4      0x258 c:/devkitpro/devkitarm/bin/../lib/gcc/arm-none-eabi/6.3.0/../../../../arm-none-eabi/lib/armv6k/fpu\libg.a(lib_a-setvbuf.o)
                0x00109bd4                setvbuf
 .text.sscanf   0x00109e2c       0x74 c:/devkitpro/devkitarm/bin/../lib/gcc/arm-none-eabi/6.3.0/../../../../arm-none-eabi/lib/armv6k/fpu\libg.a(lib_a-sscanf.o)
                0x00109e2c                sscanf
 .text.__sread  0x00109ea0       0x3c c:/devkitpro/devkitarm/bin/../lib/gcc/arm-none-eabi/6.3.0/../../../../arm-none-eabi/lib/armv6k/fpu\libg.a(lib_a-stdio.o)
                0x00109ea0                __sread
 .text.__seofread
                0x00109edc        0x8 c:/devkitpro/devkitarm/bin/../lib/gcc/arm-none-eabi/6.3.0/../../../../arm-none-eabi/lib/armv6k/fpu\libg.a(lib_a-stdio.o)
                0x00109edc                __seofread
 .text.__swrite
                0x00109ee4       0x64 c:/devkitpro/devkitarm/bin/../lib/gcc/arm-none-eabi/6.3.0/../../../../arm-none-eabi/lib/armv6k/fpu\libg.a(lib_a-stdio.o)
                0x00109ee4                __swrite
 .text.__sseek  0x00109f48       0x4c c:/devkitpro/devkitarm/bin/../lib/gcc/arm-none-eabi/6.3.0/../../../../arm-none-eabi/lib/armv6k/fpu\libg.a(lib_a-stdio.o)
                0x00109f48                __sseek
 .text.__sclose
                0x00109f94        0x8 c:/devkitpro/devkitarm/bin/../lib/gcc/arm-none-eabi/6.3.0/../../../../arm-none-eabi/lib/armv6k/fpu\libg.a(lib_a-stdio.o)
                0x00109f94                __sclose
 .text.strlen   0x00109f9c       0x5c c:/devkitpro/devkitarm/bin/../lib/gcc/arm-none-eabi/6.3.0/../../../../arm-none-eabi/lib/armv6k/fpu\libg.a(lib_a-strlen-stub.o)
                0x00109f9c                strlen
 .text.strncat  0x00109ff8       0x9c c:/devkitpro/devkitarm/bin/../lib/gcc/arm-none-eabi/6.3.0/../../../../arm-none-eabi/lib/armv6k/fpu\libg.a(lib_a-strncat.o)
                0x00109ff8                strncat
 .text.strncpy  0x0010a094       0xd8 c:/devkitpro/devkitarm/bin/../lib/gcc/arm-none-eabi/6.3.0/../../../../arm-none-eabi/lib/armv6k/fpu\libg.a(lib_a-strncpy.o)
                0x0010a094                strncpy
 .text.__ssvfscanf_r
                0x0010a16c     0x290c c:/devkitpro/devkitarm/bin/../lib/gcc/arm-none-eabi/6.3.0/../../../../arm-none-eabi/lib/armv6k/fpu\libg.a(lib_a-svfscanf.o)
                0x0010a16c                __ssvfscanf_r
 .text.get_arg  0x0010ca78     0x1624 c:/devkitpro/devkitarm/bin/../lib/gcc/arm-none-eabi/6.3.0/../../../../arm-none-eabi/lib/armv6k/fpu\libg.a(lib_a-vfiprintf.o)
 .text.__sprint_r.part.0
                0x0010e09c       0x1c c:/devkitpro/devkitarm/bin/../lib/gcc/arm-none-eabi/6.3.0/../../../../arm-none-eabi/lib/armv6k/fpu\libg.a(lib_a-vfiprintf.o)
 .text.__sprint_r
                0x0010e0b8       0x1c c:/devkitpro/devkitarm/bin/../lib/gcc/arm-none-eabi/6.3.0/../../../../arm-none-eabi/lib/armv6k/fpu\libg.a(lib_a-vfiprintf.o)
                0x0010e0b8                __sprint_r
 .text._vfiprintf_r
                0x0010e0d4     0x2de8 c:/devkitpro/devkitarm/bin/../lib/gcc/arm-none-eabi/6.3.0/../../../../arm-none-eabi/lib/armv6k/fpu\libg.a(lib_a-vfiprintf.o)
                0x0010e0d4                _vfiprintf_r
 .text.__sbprintf
                0x00110ebc       0xcc c:/devkitpro/devkitarm/bin/../lib/gcc/arm-none-eabi/6.3.0/../../../../arm-none-eabi/lib/armv6k/fpu\libg.a(lib_a-vfiprintf.o)
 .text.get_arg  0x00110f88     0x1624 c:/devkitpro/devkitarm/bin/../lib/gcc/arm-none-eabi/6.3.0/../../../../arm-none-eabi/lib/armv6k/fpu\libg.a(lib_a-vfprintf.o)
 *fill*         0x001125ac        0x4 
 .text._vfprintf_r
                0x001125b0     0x4314 c:/devkitpro/devkitarm/bin/../lib/gcc/arm-none-eabi/6.3.0/../../../../arm-none-eabi/lib/armv6k/fpu\libg.a(lib_a-vfprintf.o)
                0x001125b0                _vfprintf_r
 .text.__sbprintf
                0x001168c4       0xcc c:/devkitpro/devkitarm/bin/../lib/gcc/arm-none-eabi/6.3.0/../../../../arm-none-eabi/lib/armv6k/fpu\libg.a(lib_a-vfprintf.o)
 .text._wcrtomb_r
                0x00116990       0xa0 c:/devkitpro/devkitarm/bin/../lib/gcc/arm-none-eabi/6.3.0/../../../../arm-none-eabi/lib/armv6k/fpu\libg.a(lib_a-wcrtomb.o)
                0x00116990                _wcrtomb_r
 .text._wcsrtombs_r
                0x00116a30       0x20 c:/devkitpro/devkitarm/bin/../lib/gcc/arm-none-eabi/6.3.0/../../../../arm-none-eabi/lib/armv6k/fpu\libg.a(lib_a-wcsrtombs.o)
                0x00116a30                _wcsrtombs_r
 .text.__swsetup_r
                0x00116a50      0x144 c:/devkitpro/devkitarm/bin/../lib/gcc/arm-none-eabi/6.3.0/../../../../arm-none-eabi/lib/armv6k/fpu\libg.a(lib_a-wsetup.o)
                0x00116a50                __swsetup_r
 .text.__call_exitprocs
                0x00116b94      0x174 c:/devkitpro/devkitarm/bin/../lib/gcc/arm-none-eabi/6.3.0/../../../../arm-none-eabi/lib/armv6k/fpu\libg.a(lib_a-__call_atexit.o)
                0x00116b94                __call_exitprocs
 .text.quorem   0x00116d08      0x1d0 c:/devkitpro/devkitarm/bin/../lib/gcc/arm-none-eabi/6.3.0/../../../../arm-none-eabi/lib/armv6k/fpu\libg.a(lib_a-dtoa.o)
 .text._dtoa_r  0x00116ed8     0x1260 c:/devkitpro/devkitarm/bin/../lib/gcc/arm-none-eabi/6.3.0/../../../../arm-none-eabi/lib/armv6k/fpu\libg.a(lib_a-dtoa.o)
                0x00116ed8                _dtoa_r
 .text.__sflush_r
                0x00118138      0x254 c:/devkitpro/devkitarm/bin/../lib/gcc/arm-none-eabi/6.3.0/../../../../arm-none-eabi/lib/armv6k/fpu\libg.a(lib_a-fflush.o)
                0x00118138                __sflush_r
 .text._fflush_r
                0x0011838c       0x94 c:/devkitpro/devkitarm/bin/../lib/gcc/arm-none-eabi/6.3.0/../../../../arm-none-eabi/lib/armv6k/fpu\libg.a(lib_a-fflush.o)
                0x0011838c                _fflush_r
 .text._cleanup_r
                0x00118420        0xc c:/devkitpro/devkitarm/bin/../lib/gcc/arm-none-eabi/6.3.0/../../../../arm-none-eabi/lib/armv6k/fpu\libg.a(lib_a-findfp.o)
                0x00118420                _cleanup_r
 .text.std.isra.0
                0x0011842c       0x80 c:/devkitpro/devkitarm/bin/../lib/gcc/arm-none-eabi/6.3.0/../../../../arm-none-eabi/lib/armv6k/fpu\libg.a(lib_a-findfp.o)
 .text.__sinit  0x001184ac       0x8c c:/devkitpro/devkitarm/bin/../lib/gcc/arm-none-eabi/6.3.0/../../../../arm-none-eabi/lib/armv6k/fpu\libg.a(lib_a-findfp.o)
                0x001184ac                __sinit
 .text.__sfp_lock_acquire
                0x00118538        0xc c:/devkitpro/devkitarm/bin/../lib/gcc/arm-none-eabi/6.3.0/../../../../arm-none-eabi/lib/armv6k/fpu\libg.a(lib_a-findfp.o)
                0x00118538                __sfp_lock_acquire
 .text.__sfp_lock_release
                0x00118544        0xc c:/devkitpro/devkitarm/bin/../lib/gcc/arm-none-eabi/6.3.0/../../../../arm-none-eabi/lib/armv6k/fpu\libg.a(lib_a-findfp.o)
                0x00118544                __sfp_lock_release
 .text._malloc_trim_r
                0x00118550       0xf8 c:/devkitpro/devkitarm/bin/../lib/gcc/arm-none-eabi/6.3.0/../../../../arm-none-eabi/lib/armv6k/fpu\libg.a(lib_a-freer.o)
                0x00118550                _malloc_trim_r
 .text._free_r  0x00118648      0x2e4 c:/devkitpro/devkitarm/bin/../lib/gcc/arm-none-eabi/6.3.0/../../../../arm-none-eabi/lib/armv6k/fpu\libg.a(lib_a-freer.o)
                0x00118648                _free_r
 .text.__sfvwrite_r
                0x0011892c      0x4ac c:/devkitpro/devkitarm/bin/../lib/gcc/arm-none-eabi/6.3.0/../../../../arm-none-eabi/lib/armv6k/fpu\libg.a(lib_a-fvwrite.o)
                0x0011892c                __sfvwrite_r
 .text._fwalk_reent
                0x00118dd8       0x80 c:/devkitpro/devkitarm/bin/../lib/gcc/arm-none-eabi/6.3.0/../../../../arm-none-eabi/lib/armv6k/fpu\libg.a(lib_a-fwalk.o)
                0x00118dd8                _fwalk_reent
 .text.iswspace
                0x00118e58       0x74 c:/devkitpro/devkitarm/bin/../lib/gcc/arm-none-eabi/6.3.0/../../../../arm-none-eabi/lib/armv6k/fpu\libg.a(lib_a-iswspace.o)
                0x00118e58                iswspace
 .text.__jp2uc  0x00118ecc      0x204 c:/devkitpro/devkitarm/bin/../lib/gcc/arm-none-eabi/6.3.0/../../../../arm-none-eabi/lib/armv6k/fpu\libg.a(lib_a-jp2uc.o)
 .text._jp2uc   0x001190d0       0xc8 c:/devkitpro/devkitarm/bin/../lib/gcc/arm-none-eabi/6.3.0/../../../../arm-none-eabi/lib/armv6k/fpu\libg.a(lib_a-jp2uc.o)
                0x001190d0                _jp2uc
 .text.__localeconv_l
                0x00119198        0x8 c:/devkitpro/devkitarm/bin/../lib/gcc/arm-none-eabi/6.3.0/../../../../arm-none-eabi/lib/armv6k/fpu\libg.a(lib_a-localeconv.o)
                0x00119198                __localeconv_l
 .text._localeconv_r
                0x001191a0       0x24 c:/devkitpro/devkitarm/bin/../lib/gcc/arm-none-eabi/6.3.0/../../../../arm-none-eabi/lib/armv6k/fpu\libg.a(lib_a-localeconv.o)
                0x001191a0                _localeconv_r
 .text.__locale_mb_cur_max
                0x001191c4       0x24 c:/devkitpro/devkitarm/bin/../lib/gcc/arm-none-eabi/6.3.0/../../../../arm-none-eabi/lib/armv6k/fpu\libg.a(lib_a-locale.o)
                0x001191c4                __locale_mb_cur_max
 .text.__locale_ctype_ptr_l
                0x001191e8        0x8 c:/devkitpro/devkitarm/bin/../lib/gcc/arm-none-eabi/6.3.0/../../../../arm-none-eabi/lib/armv6k/fpu\libg.a(lib_a-locale.o)
                0x001191e8                __locale_ctype_ptr_l
 .text.__locale_ctype_ptr
                0x001191f0       0x24 c:/devkitpro/devkitarm/bin/../lib/gcc/arm-none-eabi/6.3.0/../../../../arm-none-eabi/lib/armv6k/fpu\libg.a(lib_a-locale.o)
                0x001191f0                __locale_ctype_ptr
 .text.__swhatbuf_r
                0x00119214       0x94 c:/devkitpro/devkitarm/bin/../lib/gcc/arm-none-eabi/6.3.0/../../../../arm-none-eabi/lib/armv6k/fpu\libg.a(lib_a-makebuf.o)
                0x00119214                __swhatbuf_r
 .text.__smakebuf_r
                0x001192a8       0xf4 c:/devkitpro/devkitarm/bin/../lib/gcc/arm-none-eabi/6.3.0/../../../../arm-none-eabi/lib/armv6k/fpu\libg.a(lib_a-makebuf.o)
                0x001192a8                __smakebuf_r
 .text._mbrtowc_r
                0x0011939c       0xb4 c:/devkitpro/devkitarm/bin/../lib/gcc/arm-none-eabi/6.3.0/../../../../arm-none-eabi/lib/armv6k/fpu\libg.a(lib_a-mbrtowc.o)
                0x0011939c                _mbrtowc_r
 .text.__utf8_mbtowc
                0x00119450      0x300 c:/devkitpro/devkitarm/bin/../lib/gcc/arm-none-eabi/6.3.0/../../../../arm-none-eabi/lib/armv6k/fpu\libg.a(lib_a-mbtowc_r.o)
                0x00119450                __utf8_mbtowc
 .text.memmove  0x00119750      0x148 c:/devkitpro/devkitarm/bin/../lib/gcc/arm-none-eabi/6.3.0/../../../../arm-none-eabi/lib/armv6k/fpu\libg.a(lib_a-memmove.o)
                0x00119750                memmove
 .text._Balloc  0x00119898       0x88 c:/devkitpro/devkitarm/bin/../lib/gcc/arm-none-eabi/6.3.0/../../../../arm-none-eabi/lib/armv6k/fpu\libg.a(lib_a-mprec.o)
                0x00119898                _Balloc
 .text._Bfree   0x00119920       0x1c c:/devkitpro/devkitarm/bin/../lib/gcc/arm-none-eabi/6.3.0/../../../../arm-none-eabi/lib/armv6k/fpu\libg.a(lib_a-mprec.o)
                0x00119920                _Bfree
 .text.__multadd
                0x0011993c       0xd8 c:/devkitpro/devkitarm/bin/../lib/gcc/arm-none-eabi/6.3.0/../../../../arm-none-eabi/lib/armv6k/fpu\libg.a(lib_a-mprec.o)
                0x0011993c                __multadd
 .text.__s2b    0x00119a14       0xf0 c:/devkitpro/devkitarm/bin/../lib/gcc/arm-none-eabi/6.3.0/../../../../arm-none-eabi/lib/armv6k/fpu\libg.a(lib_a-mprec.o)
                0x00119a14                __s2b
 .text.__hi0bits
                0x00119b04       0x58 c:/devkitpro/devkitarm/bin/../lib/gcc/arm-none-eabi/6.3.0/../../../../arm-none-eabi/lib/armv6k/fpu\libg.a(lib_a-mprec.o)
                0x00119b04                __hi0bits
 .text.__lo0bits
                0x00119b5c       0x9c c:/devkitpro/devkitarm/bin/../lib/gcc/arm-none-eabi/6.3.0/../../../../arm-none-eabi/lib/armv6k/fpu\libg.a(lib_a-mprec.o)
                0x00119b5c                __lo0bits
 .text.__i2b    0x00119bf8       0x20 c:/devkitpro/devkitarm/bin/../lib/gcc/arm-none-eabi/6.3.0/../../../../arm-none-eabi/lib/armv6k/fpu\libg.a(lib_a-mprec.o)
                0x00119bf8                __i2b
 .text.__multiply
                0x00119c18      0x1cc c:/devkitpro/devkitarm/bin/../lib/gcc/arm-none-eabi/6.3.0/../../../../arm-none-eabi/lib/armv6k/fpu\libg.a(lib_a-mprec.o)
                0x00119c18                __multiply
 .text.__pow5mult
                0x00119de4      0x100 c:/devkitpro/devkitarm/bin/../lib/gcc/arm-none-eabi/6.3.0/../../../../arm-none-eabi/lib/armv6k/fpu\libg.a(lib_a-mprec.o)
                0x00119de4                __pow5mult
 .text.__lshift
                0x00119ee4       0xe4 c:/devkitpro/devkitarm/bin/../lib/gcc/arm-none-eabi/6.3.0/../../../../arm-none-eabi/lib/armv6k/fpu\libg.a(lib_a-mprec.o)
                0x00119ee4                __lshift
 .text.__mcmp   0x00119fc8       0x60 c:/devkitpro/devkitarm/bin/../lib/gcc/arm-none-eabi/6.3.0/../../../../arm-none-eabi/lib/armv6k/fpu\libg.a(lib_a-mprec.o)
                0x00119fc8                __mcmp
 .text.__mdiff  0x0011a028      0x198 c:/devkitpro/devkitarm/bin/../lib/gcc/arm-none-eabi/6.3.0/../../../../arm-none-eabi/lib/armv6k/fpu\libg.a(lib_a-mprec.o)
                0x0011a028                __mdiff
 .text.__ulp    0x0011a1c0       0x78 c:/devkitpro/devkitarm/bin/../lib/gcc/arm-none-eabi/6.3.0/../../../../arm-none-eabi/lib/armv6k/fpu\libg.a(lib_a-mprec.o)
                0x0011a1c0                __ulp
 .text.__b2d    0x0011a238       0xd4 c:/devkitpro/devkitarm/bin/../lib/gcc/arm-none-eabi/6.3.0/../../../../arm-none-eabi/lib/armv6k/fpu\libg.a(lib_a-mprec.o)
                0x0011a238                __b2d
 .text.__d2b    0x0011a30c      0x108 c:/devkitpro/devkitarm/bin/../lib/gcc/arm-none-eabi/6.3.0/../../../../arm-none-eabi/lib/armv6k/fpu\libg.a(lib_a-mprec.o)
                0x0011a30c                __d2b
 .text.__ratio  0x0011a414       0x7c c:/devkitpro/devkitarm/bin/../lib/gcc/arm-none-eabi/6.3.0/../../../../arm-none-eabi/lib/armv6k/fpu\libg.a(lib_a-mprec.o)
                0x0011a414                __ratio
 .text.__copybits
                0x0011a490       0x6c c:/devkitpro/devkitarm/bin/../lib/gcc/arm-none-eabi/6.3.0/../../../../arm-none-eabi/lib/armv6k/fpu\libg.a(lib_a-mprec.o)
                0x0011a490                __copybits
 .text.__any_on
                0x0011a4fc       0x80 c:/devkitpro/devkitarm/bin/../lib/gcc/arm-none-eabi/6.3.0/../../../../arm-none-eabi/lib/armv6k/fpu\libg.a(lib_a-mprec.o)
                0x0011a4fc                __any_on
 .text._realloc_r
                0x0011a57c      0x4cc c:/devkitpro/devkitarm/bin/../lib/gcc/arm-none-eabi/6.3.0/../../../../arm-none-eabi/lib/armv6k/fpu\libg.a(lib_a-reallocr.o)
                0x0011a57c                _realloc_r
 .text.__sccl   0x0011aa48       0xcc c:/devkitpro/devkitarm/bin/../lib/gcc/arm-none-eabi/6.3.0/../../../../arm-none-eabi/lib/armv6k/fpu\libg.a(lib_a-sccl.o)
                0x0011aa48                __sccl
 .text.nanf     0x0011ab14        0xc c:/devkitpro/devkitarm/bin/../lib/gcc/arm-none-eabi/6.3.0/../../../../arm-none-eabi/lib/armv6k/fpu\libg.a(lib_a-sf_nan.o)
                0x0011ab14                nanf
 .text.frexp    0x0011ab20       0x9c c:/devkitpro/devkitarm/bin/../lib/gcc/arm-none-eabi/6.3.0/../../../../arm-none-eabi/lib/armv6k/fpu\libg.a(lib_a-s_frexp.o)
                0x0011ab20                frexp
 .text.sprintf  0x0011abbc       0x68 c:/devkitpro/devkitarm/bin/../lib/gcc/arm-none-eabi/6.3.0/../../../../arm-none-eabi/lib/armv6k/fpu\libg.a(lib_a-sprintf.o)
                0x0011abbc                sprintf
 .text.stpncpy  0x0011ac24      0x100 c:/devkitpro/devkitarm/bin/../lib/gcc/arm-none-eabi/6.3.0/../../../../arm-none-eabi/lib/armv6k/fpu\libg.a(lib_a-stpncpy.o)
                0x0011ac24                stpncpy
 .text.strchr   0x0011ad24      0x1ac c:/devkitpro/devkitarm/bin/../lib/gcc/arm-none-eabi/6.3.0/../../../../arm-none-eabi/lib/armv6k/fpu\libg.a(lib_a-strchr.o)
                0x0011ad24                strchr
 .text.strncmp  0x0011aed0      0x108 c:/devkitpro/devkitarm/bin/../lib/gcc/arm-none-eabi/6.3.0/../../../../arm-none-eabi/lib/armv6k/fpu\libg.a(lib_a-strncmp.o)
                0x0011aed0                strncmp
 .text.unlikely.sulp
                0x0011afd8       0x54 c:/devkitpro/devkitarm/bin/../lib/gcc/arm-none-eabi/6.3.0/../../../../arm-none-eabi/lib/armv6k/fpu\libg.a(lib_a-strtod.o)
 *fill*         0x0011b02c        0x4 
 .text._strtod_l
                0x0011b030     0x1434 c:/devkitpro/devkitarm/bin/../lib/gcc/arm-none-eabi/6.3.0/../../../../arm-none-eabi/lib/armv6k/fpu\libg.a(lib_a-strtod.o)
                0x0011b030                _strtod_l
 .text._strtod_r
                0x0011c464       0x3c c:/devkitpro/devkitarm/bin/../lib/gcc/arm-none-eabi/6.3.0/../../../../arm-none-eabi/lib/armv6k/fpu\libg.a(lib_a-strtod.o)
                0x0011c464                _strtod_r
 .text._strtoll_l.isra.0
                0x0011c4a0      0x2dc c:/devkitpro/devkitarm/bin/../lib/gcc/arm-none-eabi/6.3.0/../../../../arm-none-eabi/lib/armv6k/fpu\libg.a(lib_a-strtoll.o)
 .text._strtoll_r
                0x0011c77c       0x50 c:/devkitpro/devkitarm/bin/../lib/gcc/arm-none-eabi/6.3.0/../../../../arm-none-eabi/lib/armv6k/fpu\libg.a(lib_a-strtoll.o)
                0x0011c77c                _strtoll_r
 .text._strtol_l.isra.0
                0x0011c7cc      0x220 c:/devkitpro/devkitarm/bin/../lib/gcc/arm-none-eabi/6.3.0/../../../../arm-none-eabi/lib/armv6k/fpu\libg.a(lib_a-strtol.o)
 .text._strtol_r
                0x0011c9ec       0x50 c:/devkitpro/devkitarm/bin/../lib/gcc/arm-none-eabi/6.3.0/../../../../arm-none-eabi/lib/armv6k/fpu\libg.a(lib_a-strtol.o)
                0x0011c9ec                _strtol_r
 *fill*         0x0011ca3c        0x4 
 .text._strtoull_l.isra.0
                0x0011ca40      0x268 c:/devkitpro/devkitarm/bin/../lib/gcc/arm-none-eabi/6.3.0/../../../../arm-none-eabi/lib/armv6k/fpu\libg.a(lib_a-strtoull.o)
 .text._strtoull_r
                0x0011cca8       0x50 c:/devkitpro/devkitarm/bin/../lib/gcc/arm-none-eabi/6.3.0/../../../../arm-none-eabi/lib/armv6k/fpu\libg.a(lib_a-strtoull.o)
                0x0011cca8                _strtoull_r
 .text._strtoul_l.isra.0
                0x0011ccf8      0x1e4 c:/devkitpro/devkitarm/bin/../lib/gcc/arm-none-eabi/6.3.0/../../../../arm-none-eabi/lib/armv6k/fpu\libg.a(lib_a-strtoul.o)
 .text._strtoul_r
                0x0011cedc       0x50 c:/devkitpro/devkitarm/bin/../lib/gcc/arm-none-eabi/6.3.0/../../../../arm-none-eabi/lib/armv6k/fpu\libg.a(lib_a-strtoul.o)
                0x0011cedc                _strtoul_r
 .text.__ssprint_r
                0x0011cf2c      0x188 c:/devkitpro/devkitarm/bin/../lib/gcc/arm-none-eabi/6.3.0/../../../../arm-none-eabi/lib/armv6k/fpu\libg.a(lib_a-svfiprintf.o)
                0x0011cf2c                __ssprint_r
 .text._sungetc_r
                0x0011d0b4       0xe8 c:/devkitpro/devkitarm/bin/../lib/gcc/arm-none-eabi/6.3.0/../../../../arm-none-eabi/lib/armv6k/fpu\libg.a(lib_a-svfiscanf.o)
                0x0011d0b4                _sungetc_r
 .text.__ssrefill_r
                0x0011d19c       0x6c c:/devkitpro/devkitarm/bin/../lib/gcc/arm-none-eabi/6.3.0/../../../../arm-none-eabi/lib/armv6k/fpu\libg.a(lib_a-svfiscanf.o)
                0x0011d19c                __ssrefill_r
 .text._sfread_r
                0x0011d208       0xd0 c:/devkitpro/devkitarm/bin/../lib/gcc/arm-none-eabi/6.3.0/../../../../arm-none-eabi/lib/armv6k/fpu\libg.a(lib_a-svfiscanf.o)
                0x0011d208                _sfread_r
 .text.get_arg  0x0011d2d8     0x1624 c:/devkitpro/devkitarm/bin/../lib/gcc/arm-none-eabi/6.3.0/../../../../arm-none-eabi/lib/armv6k/fpu\libg.a(lib_a-svfprintf.o)
 *fill*         0x0011e8fc        0x4 
 .text._svfprintf_r
                0x0011e900     0x41c4 c:/devkitpro/devkitarm/bin/../lib/gcc/arm-none-eabi/6.3.0/../../../../arm-none-eabi/lib/armv6k/fpu\libg.a(lib_a-svfprintf.o)
                0x0011e900                _svfprintf_r
 .text.__submore
                0x00122ac4       0xa8 c:/devkitpro/devkitarm/bin/../lib/gcc/arm-none-eabi/6.3.0/../../../../arm-none-eabi/lib/armv6k/fpu\libg.a(lib_a-ungetc.o)
                0x00122ac4                __submore
 .text._wcsnrtombs_l
                0x00122b6c      0x174 c:/devkitpro/devkitarm/bin/../lib/gcc/arm-none-eabi/6.3.0/../../../../arm-none-eabi/lib/armv6k/fpu\libg.a(lib_a-wcsnrtombs.o)
                0x00122b6c                _wcsnrtombs_l
 .text._wcsnrtombs_r
                0x00122ce0       0x64 c:/devkitpro/devkitarm/bin/../lib/gcc/arm-none-eabi/6.3.0/../../../../arm-none-eabi/lib/armv6k/fpu\libg.a(lib_a-wcsnrtombs.o)
                0x00122ce0                _wcsnrtombs_r
 .text.__utf8_wctomb
                0x00122d44       0xe8 c:/devkitpro/devkitarm/bin/../lib/gcc/arm-none-eabi/6.3.0/../../../../arm-none-eabi/lib/armv6k/fpu\libg.a(lib_a-wctomb_r.o)
                0x00122d44                __utf8_wctomb
 .text._calloc_r
                0x00122e2c       0x90 c:/devkitpro/devkitarm/bin/../lib/gcc/arm-none-eabi/6.3.0/../../../../arm-none-eabi/lib/armv6k/fpu\libg.a(lib_a-callocr.o)
                0x00122e2c                _calloc_r
 .text._fclose_r
                0x00122ebc      0x154 c:/devkitpro/devkitarm/bin/../lib/gcc/arm-none-eabi/6.3.0/../../../../arm-none-eabi/lib/armv6k/fpu\libg.a(lib_a-fclose.o)
                0x00122ebc                _fclose_r
 .text.rshift   0x00123010       0xf0 c:/devkitpro/devkitarm/bin/../lib/gcc/arm-none-eabi/6.3.0/../../../../arm-none-eabi/lib/armv6k/fpu\libg.a(lib_a-gdtoa-gethex.o)
 .text.__gethex
                0x00123100      0x7f4 c:/devkitpro/devkitarm/bin/../lib/gcc/arm-none-eabi/6.3.0/../../../../arm-none-eabi/lib/armv6k/fpu\libg.a(lib_a-gdtoa-gethex.o)
                0x00123100                __gethex
 .text.__match  0x001238f4       0x64 c:/devkitpro/devkitarm/bin/../lib/gcc/arm-none-eabi/6.3.0/../../../../arm-none-eabi/lib/armv6k/fpu\libg.a(lib_a-gdtoa-hexnan.o)
                0x001238f4                __match
 .text.__hexnan
                0x00123958      0x264 c:/devkitpro/devkitarm/bin/../lib/gcc/arm-none-eabi/6.3.0/../../../../arm-none-eabi/lib/armv6k/fpu\libg.a(lib_a-gdtoa-hexnan.o)
                0x00123958                __hexnan
 .text.null_write
                0x00123bbc        0x8 c:/devkitpro/devkitarm/bin/../lib/gcc/arm-none-eabi/6.3.0/../../../../arm-none-eabi/lib/armv6k/fpu\libsysbase.a(iosupport.o)
 .text.setDefaultDevice
                0x00123bc4       0x18 c:/devkitpro/devkitarm/bin/../lib/gcc/arm-none-eabi/6.3.0/../../../../arm-none-eabi/lib/armv6k/fpu\libsysbase.a(iosupport.o)
                0x00123bc4                setDefaultDevice
 .text.FindDevice
                0x00123bdc       0xcc c:/devkitpro/devkitarm/bin/../lib/gcc/arm-none-eabi/6.3.0/../../../../arm-none-eabi/lib/armv6k/fpu\libsysbase.a(iosupport.o)
                0x00123bdc                FindDevice
 .text.RemoveDevice
                0x00123ca8       0x28 c:/devkitpro/devkitarm/bin/../lib/gcc/arm-none-eabi/6.3.0/../../../../arm-none-eabi/lib/armv6k/fpu\libsysbase.a(iosupport.o)
                0x00123ca8                RemoveDevice
 .text.AddDevice
                0x00123cd0       0x98 c:/devkitpro/devkitarm/bin/../lib/gcc/arm-none-eabi/6.3.0/../../../../arm-none-eabi/lib/armv6k/fpu\libsysbase.a(iosupport.o)
                0x00123cd0                AddDevice
 .text._close_r
                0x00123d68       0x84 c:/devkitpro/devkitarm/bin/../lib/gcc/arm-none-eabi/6.3.0/../../../../arm-none-eabi/lib/armv6k/fpu\libsysbase.a(close.o)
                0x00123d68                _close_r
 .text._fstat_r
                0x00123dec       0x7c c:/devkitpro/devkitarm/bin/../lib/gcc/arm-none-eabi/6.3.0/../../../../arm-none-eabi/lib/armv6k/fpu\libsysbase.a(fstat.o)
                0x00123dec                _fstat_r
 .text._isatty_r
                0x00123e68        0x8 c:/devkitpro/devkitarm/bin/../lib/gcc/arm-none-eabi/6.3.0/../../../../arm-none-eabi/lib/armv6k/fpu\libsysbase.a(isatty.o)
                0x00123e68                _isatty_r
 .text._lseek_r
                0x00123e70       0x90 c:/devkitpro/devkitarm/bin/../lib/gcc/arm-none-eabi/6.3.0/../../../../arm-none-eabi/lib/armv6k/fpu\libsysbase.a(lseek.o)
                0x00123e70                _lseek_r
 .text._read_r  0x00123f00       0x88 c:/devkitpro/devkitarm/bin/../lib/gcc/arm-none-eabi/6.3.0/../../../../arm-none-eabi/lib/armv6k/fpu\libsysbase.a(read.o)
                0x00123f00                _read_r
 .text._sbrk_r  0x00123f88       0x70 c:/devkitpro/devkitarm/bin/../lib/gcc/arm-none-eabi/6.3.0/../../../../arm-none-eabi/lib/armv6k/fpu\libsysbase.a(sbrk.o)
                0x00123f88                _sbrk_r
 .text._write_r
                0x00123ff8       0x88 c:/devkitpro/devkitarm/bin/../lib/gcc/arm-none-eabi/6.3.0/../../../../arm-none-eabi/lib/armv6k/fpu\libsysbase.a(write.o)
                0x00123ff8                _write_r
 .text._exit    0x00124080       0x24 c:/devkitpro/devkitarm/bin/../lib/gcc/arm-none-eabi/6.3.0/../../../../arm-none-eabi/lib/armv6k/fpu\libsysbase.a(_exit.o)
                0x00124080                _exit
 .text._concatenate_path
                0x001240a4      0x1d4 c:/devkitpro/devkitarm/bin/../lib/gcc/arm-none-eabi/6.3.0/../../../../arm-none-eabi/lib/armv6k/fpu\libsysbase.a(chdir.o)
                0x001240a4                _concatenate_path
 .text.chdir    0x00124278      0x15c c:/devkitpro/devkitarm/bin/../lib/gcc/arm-none-eabi/6.3.0/../../../../arm-none-eabi/lib/armv6k/fpu\libsysbase.a(chdir.o)
                0x00124278                chdir
 .text.__flockfile
                0x001243d4        0x8 c:/devkitpro/devkitarm/bin/../lib/gcc/arm-none-eabi/6.3.0/../../../../arm-none-eabi/lib/armv6k/fpu\libsysbase.a(flock.o)
                0x001243d4                __flockfile
 .text.__funlockfile
                0x001243dc        0x8 c:/devkitpro/devkitarm/bin/../lib/gcc/arm-none-eabi/6.3.0/../../../../arm-none-eabi/lib/armv6k/fpu\libsysbase.a(flock.o)
                0x001243dc                __funlockfile
 .text.__libc_lock_acquire
                0x001243e4       0x18 c:/devkitpro/devkitarm/bin/../lib/gcc/arm-none-eabi/6.3.0/../../../../arm-none-eabi/lib/armv6k/fpu\libsysbase.a(syscall_support.o)
                0x001243e4                __libc_lock_acquire
 .text.__libc_lock_release
                0x001243fc       0x18 c:/devkitpro/devkitarm/bin/../lib/gcc/arm-none-eabi/6.3.0/../../../../arm-none-eabi/lib/armv6k/fpu\libsysbase.a(syscall_support.o)
                0x001243fc                __libc_lock_release
 .text.__libc_lock_init_recursive
                0x00124414       0x18 c:/devkitpro/devkitarm/bin/../lib/gcc/arm-none-eabi/6.3.0/../../../../arm-none-eabi/lib/armv6k/fpu\libsysbase.a(syscall_support.o)
                0x00124414                __libc_lock_init_recursive
 .text.__libc_lock_acquire_recursive
                0x0012442c       0x18 c:/devkitpro/devkitarm/bin/../lib/gcc/arm-none-eabi/6.3.0/../../../../arm-none-eabi/lib/armv6k/fpu\libsysbase.a(syscall_support.o)
                0x0012442c                __libc_lock_acquire_recursive
 .text.__libc_lock_release_recursive
                0x00124444       0x18 c:/devkitpro/devkitarm/bin/../lib/gcc/arm-none-eabi/6.3.0/../../../../arm-none-eabi/lib/armv6k/fpu\libsysbase.a(syscall_support.o)
                0x00124444                __libc_lock_release_recursive
 .text.__libc_lock_close_recursive
                0x0012445c       0x18 c:/devkitpro/devkitarm/bin/../lib/gcc/arm-none-eabi/6.3.0/../../../../arm-none-eabi/lib/armv6k/fpu\libsysbase.a(syscall_support.o)
                0x0012445c                __libc_lock_close_recursive
 .text.__free_handle
                0x00124474       0x4c c:/devkitpro/devkitarm/bin/../lib/gcc/arm-none-eabi/6.3.0/../../../../arm-none-eabi/lib/armv6k/fpu\libsysbase.a(handle_manager.o)
                0x00124474                __free_handle
 .text.__release_handle
                0x001244c0       0x40 c:/devkitpro/devkitarm/bin/../lib/gcc/arm-none-eabi/6.3.0/../../../../arm-none-eabi/lib/armv6k/fpu\libsysbase.a(handle_manager.o)
                0x001244c0                __release_handle
 .text.__get_handle
                0x00124500       0x18 c:/devkitpro/devkitarm/bin/../lib/gcc/arm-none-eabi/6.3.0/../../../../arm-none-eabi/lib/armv6k/fpu\libsysbase.a(handle_manager.o)
                0x00124500                __get_handle
 .text.__getreent
                0x00124518       0x28 c:/devkitpro/devkitarm/bin/../lib/gcc/arm-none-eabi/6.3.0/../../../../arm-none-eabi/lib/armv6k/fpu\libsysbase.a(getreent.o)
                0x00124518                __getreent
 .text.strnlen  0x00124540       0x5c c:/devkitpro/devkitarm/bin/../lib/gcc/arm-none-eabi/6.3.0/../../../../arm-none-eabi/lib/armv6k/fpu\libg.a(lib_a-strnlen.o)
                0x00124540                strnlen
 .text.strrchr  0x0012459c       0x44 c:/devkitpro/devkitarm/bin/../lib/gcc/arm-none-eabi/6.3.0/../../../../arm-none-eabi/lib/armv6k/fpu\libg.a(lib_a-strrchr.o)
                0x0012459c                strrchr
 *(.glue_7)
 .glue_7        0x001245e0        0x0 linker stubs
 *(.glue_7t)
 .glue_7t       0x001245e0        0x0 linker stubs
 *(.stub)
 *(.gnu.warning)
 *(.gnu.linkonce.t*)
                0x001245e0                . = ALIGN (0x4)
 *(.fini)
 .fini          0x001245e0        0xc c:/devkitpro/devkitarm/bin/../lib/gcc/arm-none-eabi/6.3.0/armv6k/fpu/crti.o
                0x001245e0                _fini
 .fini          0x001245ec        0xc c:/devkitpro/devkitarm/bin/../lib/gcc/arm-none-eabi/6.3.0/armv6k/fpu/crtn.o
                0x001245f8                . = ALIGN (0x4)

.vfp11_veneer   0x001245f8        0x0
 .vfp11_veneer  0x001245f8        0x0 linker stubs

.v4_bx          0x001245f8        0x0
 .v4_bx         0x001245f8        0x0 linker stubs

.iplt           0x001245f8        0x0
 .iplt          0x001245f8        0x0 c:/devkitpro/devkitarm/bin/../lib/gcc/arm-none-eabi/6.3.0/../../../../arm-none-eabi/lib/armv6k/fpu/3dsx_crt0.o

.rodata         0x00125000     0x46d8
 *(.rodata)
 .rodata        0x00125000       0x1c c:/devkitPro/libctru/lib\libctru.a(gfx.o)
 .rodata        0x0012501c      0x168 c:/devkitPro/libctru/lib\libctru.a(console.o)
 .rodata        0x00125184        0xc c:/devkitPro/libctru/lib\libctru.a(apt.o)
 .rodata        0x00125190      0x804 c:/devkitPro/libctru/lib\libctru.a(default_font.bin.o)
                0x00125190                default_font_bin
                0x00125990                default_font_bin_size
                0x00125990                default_font_bin_end
 .rodata        0x00125994       0x3c c:/devkitPro/libctru/lib\libctru.a(sdmc_dev.o)
 *(.roda)
 *(.rodata.*)
 .rodata.str1.4
                0x001259d0       0x2d main.o
 *fill*         0x001259fd        0x3 
 .rodata.str1.4
                0x00125a00       0x32 zupper.o
 *fill*         0x00125a32        0x2 
 .rodata.str1.4
                0x00125a34       0x70 c:/devkitPro/libctru/lib\libctru.a(console.o)
 .rodata.str1.4
                0x00125aa4       0x15 c:/devkitPro/libctru/lib\libctru.a(hid.o)
 *fill*         0x00125ab9        0x3 
 .rodata.str1.4
                0x00125abc       0x16 c:/devkitPro/libctru/lib\libctru.a(apt.o)
 *fill*         0x00125ad2        0x2 
 .rodata.str1.4
                0x00125ad4        0x9 c:/devkitPro/libctru/lib\libctru.a(gspgpu.o)
 *fill*         0x00125add        0x3 
 .rodata.str1.4
                0x00125ae0        0x7 c:/devkitPro/libctru/lib\libctru.a(irrst.o)
 *fill*         0x00125ae7        0x1 
 .rodata.str1.4
                0x00125ae8        0x5 c:/devkitPro/libctru/lib\libctru.a(srv.o)
 *fill*         0x00125aed        0x3 
 .rodata.str1.4
                0x00125af0        0x9 c:/devkitPro/libctru/lib\libctru.a(ptmsysm.o)
 *fill*         0x00125af9        0x3 
 .rodata.str1.4
                0x00125afc        0xd c:/devkitPro/libctru/lib\libctru.a(sdmc_dev.o)
                                 0x11 (size before relaxing)
 *fill*         0x00125b09        0x3 
 .rodata.str1.4
                0x00125b0c        0x8 c:/devkitPro/libctru/lib\libctru.a(fs.o)
                                  0x9 (size before relaxing)
 .rodata._global_impure_ptr
                0x00125b14        0x4 c:/devkitpro/devkitarm/bin/../lib/gcc/arm-none-eabi/6.3.0/../../../../arm-none-eabi/lib/armv6k/fpu\libg.a(lib_a-impure.o)
                0x00125b14                _global_impure_ptr
 .rodata.__ssvfscanf_r.str1.4
                0x00125b18        0x5 c:/devkitpro/devkitarm/bin/../lib/gcc/arm-none-eabi/6.3.0/../../../../arm-none-eabi/lib/armv6k/fpu\libg.a(lib_a-svfscanf.o)
 *fill*         0x00125b1d        0x3 
 .rodata.basefix.8441
                0x00125b20       0x22 c:/devkitpro/devkitarm/bin/../lib/gcc/arm-none-eabi/6.3.0/../../../../arm-none-eabi/lib/armv6k/fpu\libg.a(lib_a-svfscanf.o)
 *fill*         0x00125b42        0x2 
 .rodata._vfiprintf_r.str1.4
                0x00125b44       0x2f c:/devkitpro/devkitarm/bin/../lib/gcc/arm-none-eabi/6.3.0/../../../../arm-none-eabi/lib/armv6k/fpu\libg.a(lib_a-vfiprintf.o)
 *fill*         0x00125b73        0x1 
 .rodata.blanks.8383
                0x00125b74       0x10 c:/devkitpro/devkitarm/bin/../lib/gcc/arm-none-eabi/6.3.0/../../../../arm-none-eabi/lib/armv6k/fpu\libg.a(lib_a-vfiprintf.o)
 .rodata.zeroes.8384
                0x00125b84       0x10 c:/devkitpro/devkitarm/bin/../lib/gcc/arm-none-eabi/6.3.0/../../../../arm-none-eabi/lib/armv6k/fpu\libg.a(lib_a-vfiprintf.o)
 .rodata._vfprintf_r.str1.4
                0x00125b94       0x12 c:/devkitpro/devkitarm/bin/../lib/gcc/arm-none-eabi/6.3.0/../../../../arm-none-eabi/lib/armv6k/fpu\libg.a(lib_a-vfprintf.o)
                                 0x42 (size before relaxing)
 *fill*         0x00125ba6        0x2 
 .rodata.blanks.8415
                0x00125ba8       0x10 c:/devkitpro/devkitarm/bin/../lib/gcc/arm-none-eabi/6.3.0/../../../../arm-none-eabi/lib/armv6k/fpu\libg.a(lib_a-vfprintf.o)
 .rodata.zeroes.8416
                0x00125bb8       0x10 c:/devkitpro/devkitarm/bin/../lib/gcc/arm-none-eabi/6.3.0/../../../../arm-none-eabi/lib/armv6k/fpu\libg.a(lib_a-vfprintf.o)
 .rodata._dtoa_r.str1.4
                0x00125bc8       0x10 c:/devkitpro/devkitarm/bin/../lib/gcc/arm-none-eabi/6.3.0/../../../../arm-none-eabi/lib/armv6k/fpu\libg.a(lib_a-dtoa.o)
                                 0x12 (size before relaxing)
 .rodata._jp2uc.str1.4
                0x00125bd8       0x12 c:/devkitpro/devkitarm/bin/../lib/gcc/arm-none-eabi/6.3.0/../../../../arm-none-eabi/lib/armv6k/fpu\libg.a(lib_a-jp2uc.o)
 *fill*         0x00125bea        0x2 
 .rodata.a1     0x00125bec       0xbc c:/devkitpro/devkitarm/bin/../lib/gcc/arm-none-eabi/6.3.0/../../../../arm-none-eabi/lib/armv6k/fpu\libg.a(lib_a-jp2uc.o)
 .rodata.a2     0x00125ca8       0xbc c:/devkitpro/devkitarm/bin/../lib/gcc/arm-none-eabi/6.3.0/../../../../arm-none-eabi/lib/armv6k/fpu\libg.a(lib_a-jp2uc.o)
 .rodata.a3     0x00125d64       0x5b c:/devkitpro/devkitarm/bin/../lib/gcc/arm-none-eabi/6.3.0/../../../../arm-none-eabi/lib/armv6k/fpu\libg.a(lib_a-jp2uc.o)
 *fill*         0x00125dbf        0x1 
 .rodata.a6     0x00125dc0       0x70 c:/devkitpro/devkitarm/bin/../lib/gcc/arm-none-eabi/6.3.0/../../../../arm-none-eabi/lib/armv6k/fpu\libg.a(lib_a-jp2uc.o)
 .rodata.a7     0x00125e30       0xa2 c:/devkitpro/devkitarm/bin/../lib/gcc/arm-none-eabi/6.3.0/../../../../arm-none-eabi/lib/armv6k/fpu\libg.a(lib_a-jp2uc.o)
 *fill*         0x00125ed2        0x2 
 .rodata.a8     0x00125ed4       0x40 c:/devkitpro/devkitarm/bin/../lib/gcc/arm-none-eabi/6.3.0/../../../../arm-none-eabi/lib/armv6k/fpu\libg.a(lib_a-jp2uc.o)
 .rodata.b02cf  0x00125f14     0x172a c:/devkitpro/devkitarm/bin/../lib/gcc/arm-none-eabi/6.3.0/../../../../arm-none-eabi/lib/armv6k/fpu\libg.a(lib_a-jp2uc.o)
 *fill*         0x0012763e        0x2 
 .rodata.d02f4  0x00127640     0x1a7c c:/devkitpro/devkitarm/bin/../lib/gcc/arm-none-eabi/6.3.0/../../../../arm-none-eabi/lib/armv6k/fpu\libg.a(lib_a-jp2uc.o)
 .rodata.str1.4
                0x001290bc       0x48 c:/devkitpro/devkitarm/bin/../lib/gcc/arm-none-eabi/6.3.0/../../../../arm-none-eabi/lib/armv6k/fpu\libg.a(lib_a-locale.o)
                                 0x4c (size before relaxing)
 .rodata._mbrtowc_r.str1.4
                0x00129104        0x1 c:/devkitpro/devkitarm/bin/../lib/gcc/arm-none-eabi/6.3.0/../../../../arm-none-eabi/lib/armv6k/fpu\libg.a(lib_a-mbrtowc.o)
 *fill*         0x00129104        0x4 
 .rodata.__mprec_bigtens
                0x00129108       0x28 c:/devkitpro/devkitarm/bin/../lib/gcc/arm-none-eabi/6.3.0/../../../../arm-none-eabi/lib/armv6k/fpu\libg.a(lib_a-mprec.o)
                0x00129108                __mprec_bigtens
 .rodata.__mprec_tens
                0x00129130       0xc8 c:/devkitpro/devkitarm/bin/../lib/gcc/arm-none-eabi/6.3.0/../../../../arm-none-eabi/lib/armv6k/fpu\libg.a(lib_a-mprec.o)
                0x00129130                __mprec_tens
 .rodata.p05.7191
                0x001291f8        0xc c:/devkitpro/devkitarm/bin/../lib/gcc/arm-none-eabi/6.3.0/../../../../arm-none-eabi/lib/armv6k/fpu\libg.a(lib_a-mprec.o)
 .rodata._strtod_l.str1.4
                0x00129204        0xf c:/devkitpro/devkitarm/bin/../lib/gcc/arm-none-eabi/6.3.0/../../../../arm-none-eabi/lib/armv6k/fpu\libg.a(lib_a-strtod.o)
 *fill*         0x00129213        0x1 
 .rodata.fpi.7277
                0x00129214       0x14 c:/devkitpro/devkitarm/bin/../lib/gcc/arm-none-eabi/6.3.0/../../../../arm-none-eabi/lib/armv6k/fpu\libg.a(lib_a-strtod.o)
 .rodata.fpinan.7313
                0x00129228       0x14 c:/devkitpro/devkitarm/bin/../lib/gcc/arm-none-eabi/6.3.0/../../../../arm-none-eabi/lib/armv6k/fpu\libg.a(lib_a-strtod.o)
 *fill*         0x0012923c        0x4 
 .rodata.tinytens
                0x00129240       0x28 c:/devkitpro/devkitarm/bin/../lib/gcc/arm-none-eabi/6.3.0/../../../../arm-none-eabi/lib/armv6k/fpu\libg.a(lib_a-strtod.o)
 .rodata.__action_table
                0x00129268       0x6c c:/devkitpro/devkitarm/bin/../lib/gcc/arm-none-eabi/6.3.0/../../../../arm-none-eabi/lib/armv6k/fpu\libg.a(lib_a-svfiprintf.o)
                0x00129268                __action_table
 .rodata.__chclass
                0x001292d4      0x100 c:/devkitpro/devkitarm/bin/../lib/gcc/arm-none-eabi/6.3.0/../../../../arm-none-eabi/lib/armv6k/fpu\libg.a(lib_a-svfiprintf.o)
                0x001292d4                __chclass
 .rodata.__state_table
                0x001293d4       0x6c c:/devkitpro/devkitarm/bin/../lib/gcc/arm-none-eabi/6.3.0/../../../../arm-none-eabi/lib/armv6k/fpu\libg.a(lib_a-svfiprintf.o)
                0x001293d4                __state_table
 .rodata._svfprintf_r.str1.4
                0x00129440       0x42 c:/devkitpro/devkitarm/bin/../lib/gcc/arm-none-eabi/6.3.0/../../../../arm-none-eabi/lib/armv6k/fpu\libg.a(lib_a-svfprintf.o)
 .rodata.blanks.8400
                0x00129440       0x10 c:/devkitpro/devkitarm/bin/../lib/gcc/arm-none-eabi/6.3.0/../../../../arm-none-eabi/lib/armv6k/fpu\libg.a(lib_a-svfprintf.o)
 .rodata.zeroes.8401
                0x00129450       0x10 c:/devkitpro/devkitarm/bin/../lib/gcc/arm-none-eabi/6.3.0/../../../../arm-none-eabi/lib/armv6k/fpu\libg.a(lib_a-svfprintf.o)
 .rodata._ctype_
                0x00129460      0x101 c:/devkitpro/devkitarm/bin/../lib/gcc/arm-none-eabi/6.3.0/../../../../arm-none-eabi/lib/armv6k/fpu\libg.a(lib_a-ctype_.o)
                0x00129460                _ctype_
 *fill*         0x00129561        0x3 
 .rodata.__hexdig
                0x00129564      0x100 c:/devkitpro/devkitarm/bin/../lib/gcc/arm-none-eabi/6.3.0/../../../../arm-none-eabi/lib/armv6k/fpu\libg.a(lib_a-gdtoa-gethex.o)
                0x00129564                __hexdig
 .rodata.AddDevice.str1.4
                0x00129664        0x8 c:/devkitpro/devkitarm/bin/../lib/gcc/arm-none-eabi/6.3.0/../../../../arm-none-eabi/lib/armv6k/fpu\libsysbase.a(iosupport.o)
 .rodata.dotab_stdnull
                0x0012966c       0x68 c:/devkitpro/devkitarm/bin/../lib/gcc/arm-none-eabi/6.3.0/../../../../arm-none-eabi/lib/armv6k/fpu\libsysbase.a(iosupport.o)
                0x0012966c                dotab_stdnull
 .rodata.DIRECTORY_PARENT
                0x001296d4        0x3 c:/devkitpro/devkitarm/bin/../lib/gcc/arm-none-eabi/6.3.0/../../../../arm-none-eabi/lib/armv6k/fpu\libsysbase.a(chdir.o)
                0x001296d4                DIRECTORY_PARENT
 *all.rodata*(*)
 *(.gnu.linkonce.r*)
                0x001296d8                . = ALIGN (0x4)
 *fill*         0x001296d7        0x1 

.eh_frame       0x001296d8        0x0
 .eh_frame      0x001296d8        0x0 c:/devkitpro/devkitarm/bin/../lib/gcc/arm-none-eabi/6.3.0/armv6k/fpu/crtbegin.o

.rel.dyn        0x001296d8        0x0
 .rel.iplt      0x001296d8        0x0 c:/devkitpro/devkitarm/bin/../lib/gcc/arm-none-eabi/6.3.0/../../../../arm-none-eabi/lib/armv6k/fpu/3dsx_crt0.o

.ARM.extab
 *(.ARM.extab* .gnu.linkonce.armextab.*)
                0x001296d8                __exidx_start = .

ARM.exidx
 *(.ARM.exidx* .gnu.linkonce.armexidx.*)
                0x001296d8                __exidx_end = .

.data           0x0012a000     0x2f58
 *(.data)
 .data          0x0012a000        0xc c:/devkitPro/libctru/lib\libctru.a(gfx.o)
 .data          0x0012a00c       0x51 c:/devkitPro/libctru/lib\libctru.a(console.o)
                0x0012a00c                defaultConsole
                0x0012a058                currentConsole
 *fill*         0x0012a05d        0x3 
 .data          0x0012a060        0x4 c:/devkitPro/libctru/lib\libctru.a(apt.o)
 .data          0x0012a064        0x4 c:/devkitPro/libctru/lib\libctru.a(gspgpu.o)
 .data          0x0012a068        0x4 c:/devkitPro/libctru/lib\libctru.a(stack_adjust.o)
                0x0012a068                __stacksize__
 .data          0x0012a06c        0x4 c:/devkitPro/libctru/lib\libctru.a(allocateHeaps.o)
                0x0012a06c                __ctru_linear_heap_size
 .data          0x0012a070      0x46c c:/devkitPro/libctru/lib\libctru.a(sdmc_dev.o)
 *(.data.*)
 .data._impure_ptr
                0x0012a4dc        0x4 c:/devkitpro/devkitarm/bin/../lib/gcc/arm-none-eabi/6.3.0/../../../../arm-none-eabi/lib/armv6k/fpu\libg.a(lib_a-impure.o)
                0x0012a4dc                _impure_ptr
 .data.impure_data
                0x0012a4e0      0x460 c:/devkitpro/devkitarm/bin/../lib/gcc/arm-none-eabi/6.3.0/../../../../arm-none-eabi/lib/armv6k/fpu\libg.a(lib_a-impure.o)
 .data.__malloc_av_
                0x0012a940      0x408 c:/devkitpro/devkitarm/bin/../lib/gcc/arm-none-eabi/6.3.0/../../../../arm-none-eabi/lib/armv6k/fpu\libg.a(lib_a-mallocr.o)
                0x0012a940                __malloc_av_
 .data.__malloc_sbrk_base
                0x0012ad48        0x4 c:/devkitpro/devkitarm/bin/../lib/gcc/arm-none-eabi/6.3.0/../../../../arm-none-eabi/lib/armv6k/fpu\libg.a(lib_a-mallocr.o)
                0x0012ad48                __malloc_sbrk_base
 .data.__malloc_trim_threshold
                0x0012ad4c        0x4 c:/devkitpro/devkitarm/bin/../lib/gcc/arm-none-eabi/6.3.0/../../../../arm-none-eabi/lib/armv6k/fpu\libg.a(lib_a-mallocr.o)
                0x0012ad4c                __malloc_trim_threshold
 .data.__malloc_lock_object
                0x0012ad50        0xc c:/devkitpro/devkitarm/bin/../lib/gcc/arm-none-eabi/6.3.0/../../../../arm-none-eabi/lib/armv6k/fpu\libg.a(lib_a-mlock.o)
 .data.__atexit_lock
                0x0012ad5c        0xc c:/devkitpro/devkitarm/bin/../lib/gcc/arm-none-eabi/6.3.0/../../../../arm-none-eabi/lib/armv6k/fpu\libg.a(lib_a-__call_atexit.o)
                0x0012ad5c                __atexit_lock
 .data.__sfp_lock
                0x0012ad68        0xc c:/devkitpro/devkitarm/bin/../lib/gcc/arm-none-eabi/6.3.0/../../../../arm-none-eabi/lib/armv6k/fpu\libg.a(lib_a-findfp.o)
 .data.__sinit_lock
                0x0012ad74        0xc c:/devkitpro/devkitarm/bin/../lib/gcc/arm-none-eabi/6.3.0/../../../../arm-none-eabi/lib/armv6k/fpu\libg.a(lib_a-findfp.o)
 .data.__global_locale
                0x0012ad80      0x16c c:/devkitpro/devkitarm/bin/../lib/gcc/arm-none-eabi/6.3.0/../../../../arm-none-eabi/lib/armv6k/fpu\libg.a(lib_a-locale.o)
                0x0012ad80                __global_locale
 .data.defaultDevice
                0x0012aeec        0x4 c:/devkitpro/devkitarm/bin/../lib/gcc/arm-none-eabi/6.3.0/../../../../arm-none-eabi/lib/armv6k/fpu\libsysbase.a(iosupport.o)
 .data.devoptab_list
                0x0012aef0       0x40 c:/devkitpro/devkitarm/bin/../lib/gcc/arm-none-eabi/6.3.0/../../../../arm-none-eabi/lib/armv6k/fpu\libsysbase.a(iosupport.o)
                0x0012aef0                devoptab_list
 .data._current_working_directory
                0x0012af30     0x1000 c:/devkitpro/devkitarm/bin/../lib/gcc/arm-none-eabi/6.3.0/../../../../arm-none-eabi/lib/armv6k/fpu\libsysbase.a(chdir.o)
 .data.__hndl_lock
                0x0012bf30        0x4 c:/devkitpro/devkitarm/bin/../lib/gcc/arm-none-eabi/6.3.0/../../../../arm-none-eabi/lib/armv6k/fpu\libsysbase.a(handle_manager.o)
 .data.__stderr_handle
                0x0012bf34        0xc c:/devkitpro/devkitarm/bin/../lib/gcc/arm-none-eabi/6.3.0/../../../../arm-none-eabi/lib/armv6k/fpu\libsysbase.a(handle_manager.o)
 .data.__stdin_handle
                0x0012bf40        0xc c:/devkitpro/devkitarm/bin/../lib/gcc/arm-none-eabi/6.3.0/../../../../arm-none-eabi/lib/armv6k/fpu\libsysbase.a(handle_manager.o)
 .data.__stdout_handle
                0x0012bf4c        0xc c:/devkitpro/devkitarm/bin/../lib/gcc/arm-none-eabi/6.3.0/../../../../arm-none-eabi/lib/armv6k/fpu\libsysbase.a(handle_manager.o)
 .data.handles  0x0012bf58     0x1000 c:/devkitpro/devkitarm/bin/../lib/gcc/arm-none-eabi/6.3.0/../../../../arm-none-eabi/lib/armv6k/fpu\libsysbase.a(handle_manager.o)
 *(.gnu.linkonce.d*)
                0x0012cf58                . = ALIGN (0x4)

.igot.plt       0x0012cf58        0x0
 .igot.plt      0x0012cf58        0x0 c:/devkitpro/devkitarm/bin/../lib/gcc/arm-none-eabi/6.3.0/../../../../arm-none-eabi/lib/armv6k/fpu/3dsx_crt0.o

.jcr            0x0012cf58        0x0
 .jcr           0x0012cf58        0x0 c:/devkitpro/devkitarm/bin/../lib/gcc/arm-none-eabi/6.3.0/armv6k/fpu/crtbegin.o

.tm_clone_table
                0x0012cf58        0x0
 .tm_clone_table
                0x0012cf58        0x0 c:/devkitpro/devkitarm/bin/../lib/gcc/arm-none-eabi/6.3.0/armv6k/fpu/crtbegin.o
 .tm_clone_table
                0x0012cf58        0x0 c:/devkitpro/devkitarm/bin/../lib/gcc/arm-none-eabi/6.3.0/armv6k/fpu/crtend.o
                0x0012cf58                __TMC_END__

.tdata          0x0012cf58        0x0
                0x0012cf58                __tdata_lma = .
 *(.tdata)
 *(.tdata.*)
 *(.gnu.linkonce.td.*)
                0x0012cf58                . = ALIGN (0x4)
                0x0012cf58                __tdata_lma_end = .

.tbss           0x0012cf58     0x340c
 *(.tbss)
 .tbss          0x0012cf58     0x340a c:/devkitPro/libctru/lib\libctru.a(sdmc_dev.o)
 *(.tbss.*)
 *(.gnu.linkonce.tb.*)
 *(.tcommon)
                0x00130364                . = ALIGN (0x4)
 *fill*         0x00130362        0x2 

.preinit_array  0x0012cf58        0x0
                0x0012cf58                PROVIDE (__preinit_array_start, .)
 *(.preinit_array)
                0x0012cf58                PROVIDE (__preinit_array_end, .)

.init_array     0x0012cf58        0x4
                0x0012cf58                PROVIDE (__init_array_start, .)
 *(SORT(.init_array.*))
 *(.init_array)
 .init_array    0x0012cf58        0x4 c:/devkitpro/devkitarm/bin/../lib/gcc/arm-none-eabi/6.3.0/armv6k/fpu/crtbegin.o
                0x0012cf5c                PROVIDE (__init_array_end, .)

.fini_array     0x0012cf5c        0x4
                0x0012cf5c                PROVIDE (__fini_array_start, .)
 *(.fini_array)
 .fini_array    0x0012cf5c        0x4 c:/devkitpro/devkitarm/bin/../lib/gcc/arm-none-eabi/6.3.0/armv6k/fpu/crtbegin.o
 *(SORT(.fini_array.*))
                0x0012cf60                PROVIDE (__fini_array_end, .)

.ctors
 *crtbegin.o(.ctors)
 *(EXCLUDE_FILE(*crtend.o) .ctors)
 *(SORT(.ctors.*))
 *(.ctors)

.dtors
 *crtbegin.o(.dtors)
 *(EXCLUDE_FILE(*crtend.o) .dtors)
 *(SORT(.dtors.*))
 *(.dtors)
                0x0012cf60                __bss_start__ = .

.bss            0x0012cf60     0x57c8
 *(.dynbss)
 *(.bss)
 .bss           0x0012cf60        0xe c:/devkitPro/libctru/lib\libctru.a(gfx.o)
 *fill*         0x0012cf6e        0x2 
 .bss           0x0012cf70       0x2c c:/devkitPro/libctru/lib\libctru.a(hid.o)
 .bss           0x0012cf9c     0x103e c:/devkitPro/libctru/lib\libctru.a(apt.o)
 *fill*         0x0012dfda        0x2 
 .bss           0x0012dfdc       0xa8 c:/devkitPro/libctru/lib\libctru.a(gspgpu.o)
 .bss           0x0012e084        0xc c:/devkitPro/libctru/lib\libctru.a(irrst.o)
 .bss           0x0012e090        0x8 c:/devkitPro/libctru/lib\libctru.a(stack_adjust.o)
 .bss           0x0012e098       0x14 c:/devkitPro/libctru/lib\libctru.a(linear.o)
 .bss           0x0012e0ac       0x14 c:/devkitPro/libctru/lib\libctru.a(mappable.o)
 .bss           0x0012e0c0       0x14 c:/devkitPro/libctru/lib\libctru.a(vram.o)
 .bss           0x0012e0d4        0x8 c:/devkitPro/libctru/lib\libctru.a(srv.o)
 .bss           0x0012e0dc        0x1 c:/devkitPro/libctru/lib\libctru.a(os.o)
                0x0012e0dc                __ctru_speedup
 *fill*         0x0012e0dd        0x3 
 .bss           0x0012e0e0        0x4 c:/devkitPro/libctru/lib\libctru.a(synchronization.o)
 .bss           0x0012e0e4        0x8 c:/devkitPro/libctru/lib\libctru.a(ptmsysm.o)
 .bss           0x0012e0ec        0x4 c:/devkitPro/libctru/lib\libctru.a(allocateHeaps.o)
                0x0012e0ec                __ctru_heap_size
 .bss           0x0012e0f0        0x9 c:/devkitPro/libctru/lib\libctru.a(sdmc_dev.o)
 *fill*         0x0012e0f9        0x7 
 .bss           0x0012e100       0x88 c:/devkitPro/libctru/lib\libctru.a(fs.o)
 *(.bss.*)
 .bss.completed.7620
                0x0012e188        0x1 c:/devkitpro/devkitarm/bin/../lib/gcc/arm-none-eabi/6.3.0/armv6k/fpu/crtbegin.o
 *fill*         0x0012e189        0x3 
 .bss.object.7625
                0x0012e18c       0x18 c:/devkitpro/devkitarm/bin/../lib/gcc/arm-none-eabi/6.3.0/armv6k/fpu/crtbegin.o
 .bss.__malloc_current_mallinfo
                0x0012e1a4       0x28 c:/devkitpro/devkitarm/bin/../lib/gcc/arm-none-eabi/6.3.0/../../../../arm-none-eabi/lib/armv6k/fpu\libg.a(lib_a-mallocr.o)
                0x0012e1a4                __malloc_current_mallinfo
 .bss.__malloc_max_sbrked_mem
                0x0012e1cc        0x4 c:/devkitpro/devkitarm/bin/../lib/gcc/arm-none-eabi/6.3.0/../../../../arm-none-eabi/lib/armv6k/fpu\libg.a(lib_a-mallocr.o)
                0x0012e1cc                __malloc_max_sbrked_mem
 .bss.__malloc_max_total_mem
                0x0012e1d0        0x4 c:/devkitpro/devkitarm/bin/../lib/gcc/arm-none-eabi/6.3.0/../../../../arm-none-eabi/lib/armv6k/fpu\libg.a(lib_a-mallocr.o)
                0x0012e1d0                __malloc_max_total_mem
 .bss.__malloc_top_pad
                0x0012e1d4        0x4 c:/devkitpro/devkitarm/bin/../lib/gcc/arm-none-eabi/6.3.0/../../../../arm-none-eabi/lib/armv6k/fpu\libg.a(lib_a-mallocr.o)
                0x0012e1d4                __malloc_top_pad
 .bss.heap_start.6927
                0x0012e1d8        0x4 c:/devkitpro/devkitarm/bin/../lib/gcc/arm-none-eabi/6.3.0/../../../../arm-none-eabi/lib/armv6k/fpu\libsysbase.a(sbrk.o)
 .bss.fake_heap_end
                0x0012e1dc        0x4 c:/devkitpro/devkitarm/bin/../lib/gcc/arm-none-eabi/6.3.0/../../../../arm-none-eabi/lib/armv6k/fpu\libsysbase.a(malloc_vars.o)
                0x0012e1dc                fake_heap_end
 .bss.fake_heap_start
                0x0012e1e0        0x4 c:/devkitpro/devkitarm/bin/../lib/gcc/arm-none-eabi/6.3.0/../../../../arm-none-eabi/lib/armv6k/fpu\libsysbase.a(malloc_vars.o)
                0x0012e1e0                fake_heap_start
 .bss.temp_cwd  0x0012e1e4     0x1000 c:/devkitpro/devkitarm/bin/../lib/gcc/arm-none-eabi/6.3.0/../../../../arm-none-eabi/lib/armv6k/fpu\libsysbase.a(chdir.o)
 .bss.__syscalls
                0x0012f1e4       0x38 c:/devkitpro/devkitarm/bin/../lib/gcc/arm-none-eabi/6.3.0/../../../../arm-none-eabi/lib/armv6k/fpu\libsysbase.a(syscall_support.o)
                0x0012f1e4                __syscalls
 *(.gnu.linkonce.b*)
 *(COMMON)
 COMMON         0x0012f21c       0x68 c:/devkitPro/libctru/lib\libctru.a(gfx.o)
                0x0012f21c                gfxBottomFramebuffers
                0x0012f224                gspSharedMemHandle
                0x0012f228                bottomFramebufferInfo
                0x0012f244                gspEvent
                0x0012f248                gfxTopLeftFramebuffers
                0x0012f250                gfxTopRightFramebuffers
                0x0012f258                topFramebufferInfo
                0x0012f274                gfxThreadID
                0x0012f278                gfxSharedMemory
                0x0012f27c                gfxTopFramebufferMaxSize