Archive member included to satisfy reference by file (symbol)

c:/devkitPro/libctru/lib\libctru.a(gfx.o)
                              main.o (gfxInitDefault)
c:/devkitPro/libctru/lib\libctru.a(console.o)
                              main.o (consoleInit)
c:/devkitPro/libctru/lib\libctru.a(gx.o)
                              c:/devkitPro/libctru/lib\libctru.a(gfx.o) (gxCmdBuf)
c:/devkitPro/libctru/lib\libctru.a(hid.o)
                              main.o (hidScanInput)
c:/devkitPro/libctru/lib\libctru.a(apt.o)
                              main.o (aptMainLoop)
c:/devkitPro/libctru/lib\libctru.a(gspgpu.o)
                              c:/devkitPro/libctru/lib\libctru.a(gfx.o) (gspInit)
c:/devkitPro/libctru/lib\libctru.a(irrst.o)
                              c:/devkitPro/libctru/lib\libctru.a(hid.o) (irrstScanInput)
c:/devkitPro/libctru/lib\libctru.a(initArgv.o)
                              c:/devkitpro/devkitarm/bin/../lib/gcc/arm-none-eabi/6.3.0/../../../../arm-none-eabi/lib/armv6k/fpu/3dsx_crt0.o (__system_argc)
c:/devkitPro/libctru/lib\libctru.a(initSystem.o)
                              c:/devkitPro/libctru/lib\libctru.a(apt.o) (__system_retAddr)
c:/devkitPro/libctru/lib\libctru.a(svc.o)
                              c:/devkitPro/libctru/lib\libctru.a(apt.o) (svcExitProcess)
c:/devkitPro/libctru/lib\libctru.a(stack_adjust.o)
                              c:/devkitpro/devkitarm/bin/../lib/gcc/arm-none-eabi/6.3.0/../../../../arm-none-eabi/lib/armv6k/fpu/3dsx_crt0.o (initSystem)
c:/devkitPro/libctru/lib\libctru.a(default_font.bin.o)
                              c:/devkitPro/libctru/lib\libctru.a(console.o) (default_font_bin)
c:/devkitPro/libctru/lib\libctru.a(linear.o)
                              c:/devkitPro/libctru/lib\libctru.a(gfx.o) (linearAlloc)
c:/devkitPro/libctru/lib\libctru.a(mappable.o)
                              c:/devkitPro/libctru/lib\libctru.a(gfx.o) (mappableAlloc)
c:/devkitPro/libctru/lib\libctru.a(vram.o)
                              c:/devkitPro/libctru/lib\libctru.a(gfx.o) (vramAlloc)
c:/devkitPro/libctru/lib\libctru.a(thread.o)
                              c:/devkitPro/libctru/lib\libctru.a(apt.o) (threadCreate)
c:/devkitPro/libctru/lib\libctru.a(srv.o)
                              c:/devkitPro/libctru/lib\libctru.a(apt.o) (srvInit)
c:/devkitPro/libctru/lib\libctru.a(os.o)
                              c:/devkitPro/libctru/lib\libctru.a(apt.o) (__ctru_speedup_config)
c:/devkitPro/libctru/lib\libctru.a(env.o)
                              c:/devkitPro/libctru/lib\libctru.a(irrst.o) (envGetHandle)
c:/devkitPro/libctru/lib\libctru.a(synchronization.o)
                              c:/devkitPro/libctru/lib\libctru.a(initSystem.o) (__sync_init)
c:/devkitPro/libctru/lib\libctru.a(ptmsysm.o)
                              c:/devkitPro/libctru/lib\libctru.a(os.o) (ptmSysmInit)
c:/devkitPro/libctru/lib\libctru.a(rbtree_find.o)
                              c:/devkitPro/libctru/lib\libctru.a(linear.o) (rbtree_find)
c:/devkitPro/libctru/lib\libctru.a(rbtree_remove.o)
                              c:/devkitPro/libctru/lib\libctru.a(linear.o) (rbtree_remove)
c:/devkitPro/libctru/lib\libctru.a(rbtree_iterator.o)
                              c:/devkitPro/libctru/lib\libctru.a(rbtree_remove.o) (rbtree_node_next)
c:/devkitPro/libctru/lib\libctru.a(rbtree_rotate.o)
                              c:/devkitPro/libctru/lib\libctru.a(rbtree_remove.o) (rbtree_rotate)
c:/devkitPro/libctru/lib\libctru.a(rbtree_insert.o)
                              c:/devkitPro/libctru/lib\libctru.a(linear.o) (rbtree_insert)
c:/devkitPro/libctru/lib\libctru.a(rbtree_init.o)
                              c:/devkitPro/libctru/lib\libctru.a(linear.o) (rbtree_init)
c:/devkitPro/libctru/lib\libctru.a(ctru_exit.o)
                              c:/devkitPro/libctru/lib\libctru.a(stack_adjust.o) (__libctru_exit)
c:/devkitPro/libctru/lib\libctru.a(appExit.o)
                              c:/devkitPro/libctru/lib\libctru.a(stack_adjust.o) (__appExit)
c:/devkitPro/libctru/lib\libctru.a(allocateHeaps.o)
                              c:/devkitPro/libctru/lib\libctru.a(initSystem.o) (__system_allocateHeaps)
c:/devkitPro/libctru/lib\libctru.a(syscalls.o)
                              c:/devkitPro/libctru/lib\libctru.a(initSystem.o) (__system_initSyscalls)
c:/devkitPro/libctru/lib\libctru.a(appInit.o)
                              c:/devkitPro/libctru/lib\libctru.a(stack_adjust.o) (__appInit)
c:/devkitPro/libctru/lib\libctru.a(mem_pool.o)
                              c:/devkitPro/libctru/lib\libctru.a(linear.o) (MemPool::Allocate(MemChunk&, unsigned long, int))
c:/devkitPro/libctru/lib\libctru.a(sdmc_dev.o)
                              c:/devkitPro/libctru/lib\libctru.a(appInit.o) (sdmcInit)
c:/devkitPro/libctru/lib\libctru.a(fs.o)
                              c:/devkitPro/libctru/lib\libctru.a(appInit.o) (fsInit)
c:/devkitPro/libctru/lib\libctru.a(utf8_to_utf16.o)
[...]
Memory Configuration

Name             Origin             Length             Attributes
*default*        0x00000000         0xffffffff

Linker script and memory map

                0x00100000                PROVIDE (__start__, 0x100000)
                0x00100000                . = __start__

.text           0x00100000    0x24ca0
 *(.crt0)
 .crt0          0x00100000       0x94 c:/devkitpro/devkitarm/bin/../lib/gcc/arm-none-eabi/6.3.0/../../../../arm-none-eabi/lib/armv6k/fpu/3dsx_crt0.o
                0x00100000                _start
                0x00100008                __service_ptr
                0x0010000c                __apt_appid
                0x00100010                __heap_size
                0x00100014                __linear_heap_size
                0x00100018                __system_arglist
                0x0010001c                __system_runflags
 *(.init)
 .init          0x00100094        0xc c:/devkitpro/devkitarm/bin/../lib/gcc/arm-none-eabi/6.3.0/armv6k/fpu/crti.o
                0x00100094                _init
 .init          0x001000a0        0xc c:/devkitpro/devkitarm/bin/../lib/gcc/arm-none-eabi/6.3.0/armv6k/fpu/crtn.o
                0x001000ac                . = ALIGN (0x4)
 *(.text)
 .text          0x001000ac      0x164 main.o
                0x001000ac                handle_exit
                0x001000bc                handle_msg
                0x001000d8                nmenu_btn1
                0x0010015c                nmenu
                0x001001e8                nmenu_btn2
                0x00100200                nmenu2_exit
 .text          0x00100210      0xd8c zupper.o
                0x00100210                printZMenuOptions
                0x0010032c                printZMenuSelection
                0x001003a0                printZMenu
                0x00100594                createZMenuTextItem
                0x001005b8                createZMenuActionItem
                0x001005e4                createZMenuStrOptionsItem
                0x00100648                createZMenuNumOptionsItem
                0x001006f8                clearMenu
                0x001006fc                zupperMenu
                0x0010075c                llMenuGetLast
                0x00100774                llMenuGet
                0x001007c0                llMenuPop
                0x00100860                llMenuPopLast
                0x0010087c                llMenuClear
                0x00100890                llMenuAppend
                0x001008dc                llMenuSetLast
                0x00100940                linkedListZMenu
                0x00100964                initCurrZMenuSystem
                0x00100a18                zupperSTARTK
                0x00100a24                zupperAK
                0x00100b18                zupperDUPK
                0x00100c0c                zupperDDOWNK
                0x00100d00                zupperDLEFTK
                0x00100d24                zupperDRIGHTK
                0x00100d60                setZMenu
                0x00100da8                returnToLastMenu
                0x00100dfc                zupperBK
                0x00100e1c                zupperKeysDown
                0x00100eb4                addZMenuItem
                0x00100f28                createZMenu
 .text          0x00100f9c       0x64 c:/devkitPro/libctru/lib\libctru.a(stack_adjust.o)
                0x00100f9c                initSystem
                0x00100fe0                __ctru_exit
 .text          0x00101000      0x240 c:/devkitpro/devkitarm/bin/../lib/gcc/arm-none-eabi/6.3.0/armv6k/fpu\libgcc.a(_divsi3.o)
                0x00101000                __divsi3
                0x00101000                __aeabi_idiv
                0x00101220                __aeabi_idivmod
 .text          0x00101240        0x4 c:/devkitpro/devkitarm/bin/../lib/gcc/arm-none-eabi/6.3.0/armv6k/fpu\libgcc.a(_dvmd_tls.o)
                0x00101240                __aeabi_idiv0
                0x00101240                __aeabi_ldiv0
 .text          0x00101244       0x3c c:/devkitpro/devkitarm/bin/../lib/gcc/arm-none-eabi/6.3.0/armv6k/fpu\libgcc.a(_aeabi_uldivmod.o)
                0x00101244                __aeabi_uldivmod
 .text          0x00101280      0x390 c:/devkitpro/devkitarm/bin/../lib/gcc/arm-none-eabi/6.3.0/../../../../arm-none-eabi/lib/armv6k/fpu\libg.a(lib_a-strcmp.o)
                0x00101288                strcmp
 .text          0x00101610      0x20c c:/devkitpro/devkitarm/bin/../lib/gcc/arm-none-eabi/6.3.0/armv6k/fpu\libgcc.a(_udivsi3.o)
                0x00101610                __aeabi_uidiv
                0x00101610                __udivsi3
                0x001017fc                __aeabi_uidivmod
 *(.text.*)
 .text.deregister_tm_clones
                0x0010181c       0x30 c:/devkitpro/devkitarm/bin/../lib/gcc/arm-none-eabi/6.3.0/armv6k/fpu/crtbegin.o
 .text.register_tm_clones
                0x0010184c       0x38 c:/devkitpro/devkitarm/bin/../lib/gcc/arm-none-eabi/6.3.0/armv6k/fpu/crtbegin.o
 .text.__do_global_dtors_aux
                0x00101884       0x44 c:/devkitpro/devkitarm/bin/../lib/gcc/arm-none-eabi/6.3.0/armv6k/fpu/crtbegin.o
 .text.frame_dummy
                0x001018c8       0x5c c:/devkitpro/devkitarm/bin/../lib/gcc/arm-none-eabi/6.3.0/armv6k/fpu/crtbegin.o
 .text.startup  0x00101924      0x1f8 main.o
                0x00101924                main
 .text.gfxSetFramebufferInfo.part.0
                0x00101b1c       0x8c c:/devkitPro/libctru/lib\libctru.a(gfx.o)
 .text.__get_bytes_per_pixel
                0x00101ba8       0x18 c:/devkitPro/libctru/lib\libctru.a(gfx.o)
                0x00101ba8                __get_bytes_per_pixel
 .text.gfxSetScreenFormat
                0x00101bc0      0x174 c:/devkitPro/libctru/lib\libctru.a(gfx.o)
                0x00101bc0                gfxSetScreenFormat
 .text.gfxSetDoubleBuffering
                0x00101d34       0x14 c:/devkitPro/libctru/lib\libctru.a(gfx.o)
                0x00101d34                gfxSetDoubleBuffering
 .text.gfxSetFramebufferInfo
                0x00101d48       0x70 c:/devkitPro/libctru/lib\libctru.a(gfx.o)
                0x00101d48                gfxSetFramebufferInfo
 .text.gfxWriteFramebufferInfo
                0x00101db8       0x88 c:/devkitPro/libctru/lib\libctru.a(gfx.o)
                0x00101db8                gfxWriteFramebufferInfo
 .text.gfxInit  0x00101e40      0x1fc c:/devkitPro/libctru/lib\libctru.a(gfx.o)
                0x00101e40                gfxInit
 .text.gfxInitDefault
                0x0010203c       0x10 c:/devkitPro/libctru/lib\libctru.a(gfx.o)
                0x0010203c                gfxInitDefault
 .text.gfxExit  0x0010204c       0xe0 c:/devkitPro/libctru/lib\libctru.a(gfx.o)
                0x0010204c                gfxExit
 .text.gfxGetFramebuffer
                0x0010212c       0xb0 c:/devkitPro/libctru/lib\libctru.a(gfx.o)
                0x0010212c                gfxGetFramebuffer
 .text.gfxFlushBuffers
                0x001021dc       0xc8 c:/devkitPro/libctru/lib\libctru.a(gfx.o)
                0x001021dc                gfxFlushBuffers
 .text.gfxConfigScreen
                0x001022a4       0x70 c:/devkitPro/libctru/lib\libctru.a(gfx.o)
                0x001022a4                gfxConfigScreen
 .text.gfxSwapBuffers
                0x00102314       0x20 c:/devkitPro/libctru/lib\libctru.a(gfx.o)
                0x00102314                gfxSwapBuffers
 .text.gfxSwapBuffersGpu
                0x00102334       0x20 c:/devkitPro/libctru/lib\libctru.a(gfx.o)
                0x00102334                gfxSwapBuffersGpu
 .text.debug_write
                0x00102354       0x1c c:/devkitPro/libctru/lib\libctru.a(console.o)
                0x00102354                debug_write
 .text.consoleDrawChar
                0x00102370      0x1b0 c:/devkitPro/libctru/lib\libctru.a(console.o)
                0x00102370                consoleDrawChar
 .text.consolePrintChar
                0x00102520      0x124 c:/devkitPro/libctru/lib\libctru.a(console.o)
                0x00102520                consolePrintChar
 .text.consoleCls
                0x00102644      0x190 c:/devkitPro/libctru/lib\libctru.a(console.o)
 .text.consoleInit
                0x001027d4       0xf8 c:/devkitPro/libctru/lib\libctru.a(console.o)
                0x001027d4                consoleInit
 .text.consoleClearLine
                0x001028cc      0x144 c:/devkitPro/libctru/lib\libctru.a(console.o)
 .text.newRow   0x00102a10       0xbc c:/devkitPro/libctru/lib\libctru.a(console.o)
 .text.con_write
                0x00102acc      0x79c c:/devkitPro/libctru/lib\libctru.a(console.o)
                0x00102acc                con_write
 .text.consoleClear
                0x00103268        0xc c:/devkitPro/libctru/lib\libctru.a(console.o)
                0x00103268                consoleClear
 .text.hidExit  0x00103274       0xd0 c:/devkitPro/libctru/lib\libctru.a(hid.o)
                0x00103274                hidExit
 .text.hidScanInput
                0x00103344      0x234 c:/devkitPro/libctru/lib\libctru.a(hid.o)
                0x00103344                hidScanInput
 .text.hidKeysDown
                0x00103578       0x10 c:/devkitPro/libctru/lib\libctru.a(hid.o)
                0x00103578                hidKeysDown
 .text.HIDUSER_GetHandles
                0x00103588       0x90 c:/devkitPro/libctru/lib\libctru.a(hid.o)
                0x00103588                HIDUSER_GetHandles
 .text.hidInit  0x00103618      0x18c c:/devkitPro/libctru/lib\libctru.a(hid.o)
                0x00103618                hidInit
 .text._aptDebug
                0x001037a4        0x4 c:/devkitPro/libctru/lib\libctru.a(apt.o)
                0x001037a4                _aptDebug
 .text.aptSendCommand
                0x001037a8      0x130 c:/devkitPro/libctru/lib\libctru.a(apt.o)
                0x001037a8                aptSendCommand
 .text.aptExitProcess
                0x001038d8       0x3c c:/devkitPro/libctru/lib\libctru.a(apt.o)
 .text.APT_InquireNotification
                0x00103914       0x4c c:/devkitPro/libctru/lib\libctru.a(apt.o)
                0x00103914                APT_InquireNotification
 .text.aptEventHandler
                0x00103960      0x19c c:/devkitPro/libctru/lib\libctru.a(apt.o)
 .text.APT_AppletUtility
                0x00103afc       0x74 c:/devkitPro/libctru/lib\libctru.a(apt.o)
                0x00103afc                APT_AppletUtility
 .text.aptSetSleepAllowed
                0x00103b70       0xb4 c:/devkitPro/libctru/lib\libctru.a(apt.o)
                0x00103b70                aptSetSleepAllowed
 .text.APT_GlanceParameter
                0x00103c24       0xb4 c:/devkitPro/libctru/lib\libctru.a(apt.o)
                0x00103c24                APT_GlanceParameter
 .text.APT_ReceiveParameter
                0x00103cd8       0xc0 c:/devkitPro/libctru/lib\libctru.a(apt.o)
                0x00103cd8                APT_ReceiveParameter
 .text.aptReceiveParameter.constprop.1
                0x00103d98       0xa8 c:/devkitPro/libctru/lib\libctru.a(apt.o)
 .text.aptScreenTransfer
                0x00103e40      0x1ec c:/devkitPro/libctru/lib\libctru.a(apt.o)
 .text.aptWaitForWakeUp
                0x0010402c      0x228 c:/devkitPro/libctru/lib\libctru.a(apt.o)
 .text.APT_CancelParameter
                0x00104254       0x70 c:/devkitPro/libctru/lib\libctru.a(apt.o)
                0x00104254                APT_CancelParameter
 .text.aptInit  0x001042c4      0x230 c:/devkitPro/libctru/lib\libctru.a(apt.o)
                0x001042c4                aptInit
 .text.aptClearParamQueue
                0x001044f4       0x8c c:/devkitPro/libctru/lib\libctru.a(apt.o)
 .text.aptMainLoop
                0x00104580      0x214 c:/devkitPro/libctru/lib\libctru.a(apt.o)
                0x00104580                aptMainLoop
 .text.aptExit  0x00104794      0x148 c:/devkitPro/libctru/lib\libctru.a(apt.o)
                0x00104794                aptExit
 .text.APT_CheckNew3DS
                0x001048dc       0x70 c:/devkitPro/libctru/lib\libctru.a(apt.o)
                0x001048dc                APT_CheckNew3DS
 .text.gspEventThreadMain
                0x0010494c      0x160 c:/devkitPro/libctru/lib\libctru.a(gspgpu.o)
 .text.gspInit  0x00104aac       0x74 c:/devkitPro/libctru/lib\libctru.a(gspgpu.o)
                0x00104aac                gspInit
 .text.gspExit  0x00104b20       0x3c c:/devkitPro/libctru/lib\libctru.a(gspgpu.o)
                0x00104b20                gspExit
 .text.gspInitEventHandler
                0x00104b5c       0x88 c:/devkitPro/libctru/lib\libctru.a(gspgpu.o)
                0x00104b5c                gspInitEventHandler
 .text.gspExitEventHandler
                0x00104be4       0x30 c:/devkitPro/libctru/lib\libctru.a(gspgpu.o)
                0x00104be4                gspExitEventHandler
 .text.gspWaitForEvent
                0x00104c14       0x44 c:/devkitPro/libctru/lib\libctru.a(gspgpu.o)
                0x00104c14                gspWaitForEvent
 .text.GSPGPU_SetBufferSwap
                0x00104c58       0x6c c:/devkitPro/libctru/lib\libctru.a(gspgpu.o)
                0x00104c58                GSPGPU_SetBufferSwap
 .text.GSPGPU_FlushDataCache
                0x00104cc4       0x4c c:/devkitPro/libctru/lib\libctru.a(gspgpu.o)
                0x00104cc4                GSPGPU_FlushDataCache
 .text.GSPGPU_SetLcdForceBlack
                0x00104d10       0x34 c:/devkitPro/libctru/lib\libctru.a(gspgpu.o)
                0x00104d10                GSPGPU_SetLcdForceBlack
 .text.GSPGPU_RegisterInterruptRelayQueue
                0x00104d44       0x64 c:/devkitPro/libctru/lib\libctru.a(gspgpu.o)
                0x00104d44                GSPGPU_RegisterInterruptRelayQueue
 .text.GSPGPU_UnregisterInterruptRelayQueue
                0x00104da8       0x2c c:/devkitPro/libctru/lib\libctru.a(gspgpu.o)
                0x00104da8                GSPGPU_UnregisterInterruptRelayQueue
 .text.GSPGPU_AcquireRight
                0x00104dd4       0x48 c:/devkitPro/libctru/lib\libctru.a(gspgpu.o)
                0x00104dd4                GSPGPU_AcquireRight
 .text.GSPGPU_ReleaseRight
                0x00104e1c       0x2c c:/devkitPro/libctru/lib\libctru.a(gspgpu.o)
                0x00104e1c                GSPGPU_ReleaseRight
 .text.GSPGPU_ImportDisplayCaptureInfo
                0x00104e48       0x80 c:/devkitPro/libctru/lib\libctru.a(gspgpu.o)
                0x00104e48                GSPGPU_ImportDisplayCaptureInfo
 .text.GSPGPU_SaveVramSysArea
                0x00104ec8       0x2c c:/devkitPro/libctru/lib\libctru.a(gspgpu.o)
                0x00104ec8                GSPGPU_SaveVramSysArea
 .text.GSPGPU_RestoreVramSysArea
                0x00104ef4       0x2c c:/devkitPro/libctru/lib\libctru.a(gspgpu.o)
                0x00104ef4                GSPGPU_RestoreVramSysArea
 .text.irrstScanInput
                0x00104f20       0xb0 c:/devkitPro/libctru/lib\libctru.a(irrst.o)
                0x00104f20                irrstScanInput
 .text.irrstKeysHeld
                0x00104fd0       0x1c c:/devkitPro/libctru/lib\libctru.a(irrst.o)
                0x00104fd0                irrstKeysHeld
 .text.IRRST_GetHandles
                0x00104fec       0x50 c:/devkitPro/libctru/lib\libctru.a(irrst.o)
                0x00104fec                IRRST_GetHandles
 .text.irrstInit
                0x0010503c      0x150 c:/devkitPro/libctru/lib\libctru.a(irrst.o)
                0x0010503c                irrstInit
 .text.IRRST_Shutdown
                0x0010518c       0x2c c:/devkitPro/libctru/lib\libctru.a(irrst.o)
                0x0010518c                IRRST_Shutdown
 .text.irrstExit
                0x001051b8       0xac c:/devkitPro/libctru/lib\libctru.a(irrst.o)
                0x001051b8                irrstExit
 .text.__system_initArgv
                0x00105264       0xe8 c:/devkitPro/libctru/lib\libctru.a(initArgv.o)
                0x00105264                __system_initArgv
 .text.__libctru_init
                0x0010534c       0x38 c:/devkitPro/libctru/lib\libctru.a(initSystem.o)
                0x0010534c                __libctru_init
 .text.svcControlMemory
                0x00105384       0x20 c:/devkitPro/libctru/lib\libctru.a(svc.o)
                0x00105384                svcControlMemory
 .text.svcExitProcess
                0x001053a4        0x8 c:/devkitPro/libctru/lib\libctru.a(svc.o)
                0x001053a4                svcExitProcess
 .text.svcCreateThread
                0x001053ac       0x20 c:/devkitPro/libctru/lib\libctru.a(svc.o)
                0x001053ac                svcCreateThread
 .text.svcExitThread
                0x001053cc        0x8 c:/devkitPro/libctru/lib\libctru.a(svc.o)
                0x001053cc                svcExitThread
 .text.svcSleepThread
                0x001053d4        0x8 c:/devkitPro/libctru/lib\libctru.a(svc.o)
                0x001053d4                svcSleepThread
 .text.svcReleaseMutex
                0x001053dc        0x8 c:/devkitPro/libctru/lib\libctru.a(svc.o)
                0x001053dc                svcReleaseMutex
 .text.svcCreateEvent
                0x001053e4       0x14 c:/devkitPro/libctru/lib\libctru.a(svc.o)
                0x001053e4                svcCreateEvent
 .text.svcSignalEvent
                0x001053f8        0x8 c:/devkitPro/libctru/lib\libctru.a(svc.o)
                0x001053f8                svcSignalEvent
 .text.svcClearEvent
                0x00105400        0x8 c:/devkitPro/libctru/lib\libctru.a(svc.o)
                0x00105400                svcClearEvent
 .text.svcMapMemoryBlock
                0x00105408        0x8 c:/devkitPro/libctru/lib\libctru.a(svc.o)
                0x00105408                svcMapMemoryBlock
 .text.svcUnmapMemoryBlock
                0x00105410        0x8 c:/devkitPro/libctru/lib\libctru.a(svc.o)
                0x00105410                svcUnmapMemoryBlock
 .text.svcCreateAddressArbiter
                0x00105418       0x14 c:/devkitPro/libctru/lib\libctru.a(svc.o)
                0x00105418                svcCreateAddressArbiter
 .text.svcArbitrateAddress
                0x0010542c       0x18 c:/devkitPro/libctru/lib\libctru.a(svc.o)
                0x0010542c                svcArbitrateAddress
 .text.svcCloseHandle
                0x00105444        0x8 c:/devkitPro/libctru/lib\libctru.a(svc.o)
                0x00105444                svcCloseHandle
 .text.svcWaitSynchronization
                0x0010544c        0x8 c:/devkitPro/libctru/lib\libctru.a(svc.o)
                0x0010544c                svcWaitSynchronization
 .text.svcWaitSynchronizationN
                0x00105454       0x28 c:/devkitPro/libctru/lib\libctru.a(svc.o)
                0x00105454                svcWaitSynchronizationN
 .text.svcDuplicateHandle
                0x0010547c       0x14 c:/devkitPro/libctru/lib\libctru.a(svc.o)
                0x0010547c                svcDuplicateHandle
 .text.svcGetSystemTick
                0x00105490        0x8 c:/devkitPro/libctru/lib\libctru.a(svc.o)
                0x00105490                svcGetSystemTick
 .text.svcGetSystemInfo
                0x00105498       0x18 c:/devkitPro/libctru/lib\libctru.a(svc.o)
                0x00105498                svcGetSystemInfo
 .text.svcConnectToPort
                0x001054b0       0x14 c:/devkitPro/libctru/lib\libctru.a(svc.o)
                0x001054b0                svcConnectToPort
 .text.svcSendSyncRequest
                0x001054c4        0x8 c:/devkitPro/libctru/lib\libctru.a(svc.o)
                0x001054c4                svcSendSyncRequest
 .text.svcBreak
                0x001054cc        0x8 c:/devkitPro/libctru/lib\libctru.a(svc.o)
                0x001054cc                svcBreak
 .text.svcOutputDebugString
                0x001054d4        0x8 c:/devkitPro/libctru/lib\libctru.a(svc.o)
                0x001054d4                svcOutputDebugString
 .text._ZL21addrMapNodeComparatorPK11rbtree_nodeS1_
                0x001054dc       0x24 c:/devkitPro/libctru/lib\libctru.a(linear.o)
 .text._ZL21addrMapNodeDestructorP11rbtree_node
                0x00105500        0x4 c:/devkitPro/libctru/lib\libctru.a(linear.o)
 .text.linearMemAlign
                0x00105504      0x13c c:/devkitPro/libctru/lib\libctru.a(linear.o)
                0x00105504                linearMemAlign
 .text.linearAlloc
                0x00105640        0x8 c:/devkitPro/libctru/lib\libctru.a(linear.o)
                0x00105640                linearAlloc
 .text.linearFree
                0x00105648       0x50 c:/devkitPro/libctru/lib\libctru.a(linear.o)
                0x00105648                linearFree
 .text._ZL21addrMapNodeComparatorPK11rbtree_nodeS1_
                0x00105698       0x24 c:/devkitPro/libctru/lib\libctru.a(mappable.o)
 .text._ZL21addrMapNodeDestructorP11rbtree_node
                0x001056bc        0x4 c:/devkitPro/libctru/lib\libctru.a(mappable.o)
 .text.mappableAlloc
                0x001056c0       0xf4 c:/devkitPro/libctru/lib\libctru.a(mappable.o)
                0x001056c0                mappableAlloc
 .text.mappableFree
                0x001057b4       0x50 c:/devkitPro/libctru/lib\libctru.a(mappable.o)
                0x001057b4                mappableFree
 .text._ZL21addrMapNodeComparatorPK11rbtree_nodeS1_
                0x00105804       0x24 c:/devkitPro/libctru/lib\libctru.a(vram.o)
 .text._ZL21addrMapNodeDestructorP11rbtree_node
                0x00105828        0x4 c:/devkitPro/libctru/lib\libctru.a(vram.o)
 .text.vramMemAlign
                0x0010582c      0x12c c:/devkitPro/libctru/lib\libctru.a(vram.o)
                0x0010582c                vramMemAlign
 .text.vramAlloc
                0x00105958        0x8 c:/devkitPro/libctru/lib\libctru.a(vram.o)
                0x00105958                vramAlloc
 .text.vramFree
                0x00105960       0x50 c:/devkitPro/libctru/lib\libctru.a(vram.o)
                0x00105960                vramFree
 .text.threadCreate
                0x001059b0      0x1bc c:/devkitPro/libctru/lib\libctru.a(thread.o)
                0x001059b0                threadCreate
 .text.threadJoin
                0x00105b6c       0x24 c:/devkitPro/libctru/lib\libctru.a(thread.o)
                0x00105b6c                threadJoin
 .text.threadExit
                0x00105b90       0x70 c:/devkitPro/libctru/lib\libctru.a(thread.o)
                0x00105b90                threadExit
 .text._thread_begin
                0x00105c00       0x40 c:/devkitPro/libctru/lib\libctru.a(thread.o)
 .text.srvExit  0x00105c40       0x50 c:/devkitPro/libctru/lib\libctru.a(srv.o)
                0x00105c40                srvExit
 .text.srvRegisterClient
                0x00105c90       0x38 c:/devkitPro/libctru/lib\libctru.a(srv.o)
                0x00105c90                srvRegisterClient
 .text.srvInit  0x00105cc8       0x78 c:/devkitPro/libctru/lib\libctru.a(srv.o)
                0x00105cc8                srvInit
 .text.srvGetServiceHandleDirect
                0x00105d40       0x68 c:/devkitPro/libctru/lib\libctru.a(srv.o)
                0x00105d40                srvGetServiceHandleDirect
 .text.srvGetServiceHandle
                0x00105da8       0x38 c:/devkitPro/libctru/lib\libctru.a(srv.o)
                0x00105da8                srvGetServiceHandle
 .text.getSysTime
                0x00105de0       0x58 c:/devkitPro/libctru/lib\libctru.a(os.o)
 .text.osGetMemRegionUsed
                0x00105e38       0x24 c:/devkitPro/libctru/lib\libctru.a(os.o)
                0x00105e38                osGetMemRegionUsed
 *fill*         0x00105e5c        0x4 
 .text.__libctru_gtod
                0x00105e60       0xf4 c:/devkitPro/libctru/lib\libctru.a(os.o)
                0x00105e60                __libctru_gtod
 .text.__ctru_speedup_config
                0x00105f54       0x34 c:/devkitPro/libctru/lib\libctru.a(os.o)
                0x00105f54                __ctru_speedup_config
 .text.envGetHandle
                0x00105f88       0x84 c:/devkitPro/libctru/lib\libctru.a(env.o)
                0x00105f88                envGetHandle
 .text.envDestroyHandles
                0x0010600c       0x4c c:/devkitPro/libctru/lib\libctru.a(env.o)
                0x0010600c                envDestroyHandles
 .text.LightLock_Unlock.part.1
                0x00106058       0x34 c:/devkitPro/libctru/lib\libctru.a(synchronization.o)
 .text.__sync_init
                0x0010608c        0xc c:/devkitPro/libctru/lib\libctru.a(synchronization.o)
                0x0010608c                __sync_init
 .text.__sync_fini
                0x00106098       0x18 c:/devkitPro/libctru/lib\libctru.a(synchronization.o)
                0x00106098                __sync_fini
 .text.__sync_get_arbiter
                0x001060b0       0x10 c:/devkitPro/libctru/lib\libctru.a(synchronization.o)
                0x001060b0                __sync_get_arbiter
 .text.LightLock_Init
                0x001060c0       0x18 c:/devkitPro/libctru/lib\libctru.a(synchronization.o)
                0x001060c0                LightLock_Init
 .text.LightLock_Lock
                0x001060d8       0xa0 c:/devkitPro/libctru/lib\libctru.a(synchronization.o)
                0x001060d8                LightLock_Lock
 .text.LightLock_TryLock
                0x00106178       0x34 c:/devkitPro/libctru/lib\libctru.a(synchronization.o)
                0x00106178                LightLock_TryLock
 .text.LightLock_Unlock
                0x001061ac       0x20 c:/devkitPro/libctru/lib\libctru.a(synchronization.o)
                0x001061ac                LightLock_Unlock
 .text.RecursiveLock_Init
                0x001061cc       0x24 c:/devkitPro/libctru/lib\libctru.a(synchronization.o)
                0x001061cc                RecursiveLock_Init
 .text.RecursiveLock_Lock
                0x001061f0       0x30 c:/devkitPro/libctru/lib\libctru.a(synchronization.o)
                0x001061f0                RecursiveLock_Lock
 .text.RecursiveLock_TryLock
                0x00106220       0x58 c:/devkitPro/libctru/lib\libctru.a(synchronization.o)
                0x00106220                RecursiveLock_TryLock
 .text.RecursiveLock_Unlock
                0x00106278       0x38 c:/devkitPro/libctru/lib\libctru.a(synchronization.o)
                0x00106278                RecursiveLock_Unlock
 .text.LightEvent_Init
                0x001062b0       0x38 c:/devkitPro/libctru/lib\libctru.a(synchronization.o)
                0x001062b0                LightEvent_Init
 .text.LightEvent_Clear
                0x001062e8       0x7c c:/devkitPro/libctru/lib\libctru.a(synchronization.o)
                0x001062e8                LightEvent_Clear
 .text.LightEvent_Signal
                0x00106364       0xdc c:/devkitPro/libctru/lib\libctru.a(synchronization.o)
                0x00106364                LightEvent_Signal
 .text.LightEvent_Wait
                0x00106440       0xd0 c:/devkitPro/libctru/lib\libctru.a(synchronization.o)
                0x00106440                LightEvent_Wait
 .text.ptmSysmInit
                0x00106510       0x70 c:/devkitPro/libctru/lib\libctru.a(ptmsysm.o)
                0x00106510                ptmSysmInit
 .text.ptmSysmExit
                0x00106580       0x34 c:/devkitPro/libctru/lib\libctru.a(ptmsysm.o)
                0x00106580                ptmSysmExit
 .text.PTMSYSM_ConfigureNew3DSCPU
                0x001065b4       0x34 c:/devkitPro/libctru/lib\libctru.a(ptmsysm.o)
                0x001065b4                PTMSYSM_ConfigureNew3DSCPU
 .text.rbtree_find
                0x001065e8       0x70 c:/devkitPro/libctru/lib\libctru.a(rbtree_find.o)
                0x001065e8                rbtree_find
 .text.rbtree_remove
                0x00106658      0x324 c:/devkitPro/libctru/lib\libctru.a(rbtree_remove.o)
                0x00106658                rbtree_remove
 .text.rbtree_node_next
                0x0010697c       0x74 c:/devkitPro/libctru/lib\libctru.a(rbtree_iterator.o)
                0x0010697c                rbtree_node_next
 .text.rbtree_rotate
                0x001069f0       0x94 c:/devkitPro/libctru/lib\libctru.a(rbtree_rotate.o)
                0x001069f0                rbtree_rotate
 .text.do_insert
                0x00106a84      0x18c c:/devkitPro/libctru/lib\libctru.a(rbtree_insert.o)
 .text.rbtree_insert
                0x00106c10        0x8 c:/devkitPro/libctru/lib\libctru.a(rbtree_insert.o)
                0x00106c10                rbtree_insert
 .text.rbtree_init
                0x00106c18       0x14 c:/devkitPro/libctru/lib\libctru.a(rbtree_init.o)
                0x00106c18                rbtree_init
 .text.__libctru_exit
                0x00106c2c       0xa4 c:/devkitPro/libctru/lib\libctru.a(ctru_exit.o)
                0x00106c2c                __libctru_exit
 .text.__appExit
                0x00106cd0       0x1c c:/devkitPro/libctru/lib\libctru.a(appExit.o)
                0x00106cd0                __appExit
 .text.osGetMemRegionSize
                0x00106cec       0x58 c:/devkitPro/libctru/lib\libctru.a(allocateHeaps.o)
 .text.__system_allocateHeaps
                0x00106d44      0x104 c:/devkitPro/libctru/lib\libctru.a(allocateHeaps.o)
                0x00106d44                __system_allocateHeaps
 .text.__ctru_get_reent
                0x00106e48       0x30 c:/devkitPro/libctru/lib\libctru.a(syscalls.o)
 .text.__system_initSyscalls
                0x00106e78       0xe4 c:/devkitPro/libctru/lib\libctru.a(syscalls.o)
                0x00106e78                __system_initSyscalls
 .text.__appInit
                0x00106f5c       0x1c c:/devkitPro/libctru/lib\libctru.a(appInit.o)
                0x00106f5c                __appInit
 .text._ZN7MemPool13CoalesceRightEP8MemBlock
                0x00106f78       0x98 c:/devkitPro/libctru/lib\libctru.a(mem_pool.o)
                0x00106f78                MemPool::CoalesceRight(MemBlock*)
 .text._ZN7MemPool8AllocateER8MemChunkmi
                0x00107010      0x178 c:/devkitPro/libctru/lib\libctru.a(mem_pool.o)
                0x00107010                MemPool::Allocate(MemChunk&, unsigned long, int)
 .text._ZN7MemPool10DeallocateERK8MemChunk
                0x00107188      0x100 c:/devkitPro/libctru/lib\libctru.a(mem_pool.o)
                0x00107188                MemPool::Deallocate(MemChunk const&)
 .text.sdmc_link
                0x00107288       0x10 c:/devkitPro/libctru/lib\libctru.a(sdmc_dev.o)
 .text.sdmc_dirreset
                0x00107298       0x10 c:/devkitPro/libctru/lib\libctru.a(sdmc_dev.o)
 .text.sdmc_fchmod
                0x001072a8       0x10 c:/devkitPro/libctru/lib\libctru.a(sdmc_dev.o)
 .text.error_cmp
                0x001072b8       0x24 c:/devkitPro/libctru/lib\libctru.a(sdmc_dev.o)
 .text.sdmc_translate_error
                0x001072dc       0x50 c:/devkitPro/libctru/lib\libctru.a(sdmc_dev.o)
 .text.sdmc_fsync
                0x0010732c       0x34 c:/devkitPro/libctru/lib\libctru.a(sdmc_dev.o)
 .text.sdmc_ftruncate
                0x00107360       0x54 c:/devkitPro/libctru/lib\libctru.a(sdmc_dev.o)
 .text.sdmc_statvfs
                0x001073b4       0xb8 c:/devkitPro/libctru/lib\libctru.a(sdmc_dev.o)
 .text.sdmc_dirclose
                0x0010746c       0x38 c:/devkitPro/libctru/lib\libctru.a(sdmc_dev.o)
 .text.sdmc_dirnext
                0x001074a4      0x138 c:/devkitPro/libctru/lib\libctru.a(sdmc_dev.o)
 .text.sdmc_close
                0x001075dc       0x34 c:/devkitPro/libctru/lib\libctru.a(sdmc_dev.o)
 .text.sdmc_fstat
                0x00107610       0x74 c:/devkitPro/libctru/lib\libctru.a(sdmc_dev.o)
 .text.sdmc_seek
                0x00107684       0xd8 c:/devkitPro/libctru/lib\libctru.a(sdmc_dev.o)
 .text.sdmc_read
                0x0010775c       0x84 c:/devkitPro/libctru/lib\libctru.a(sdmc_dev.o)
 .text.sdmc_write
                0x001077e0       0xb8 c:/devkitPro/libctru/lib\libctru.a(sdmc_dev.o)
 .text.sdmc_utf16path
                0x00107898      0x1b4 c:/devkitPro/libctru/lib\libctru.a(sdmc_dev.o)
 .text.sdmc_rmdir
                0x00107a4c       0x74 c:/devkitPro/libctru/lib\libctru.a(sdmc_dev.o)
 .text.sdmc_diropen
                0x00107ac0       0xa4 c:/devkitPro/libctru/lib\libctru.a(sdmc_dev.o)
 .text.sdmc_chdir
                0x00107b64       0xa0 c:/devkitPro/libctru/lib\libctru.a(sdmc_dev.o)
 .text.sdmc_mkdir
                0x00107c04       0x98 c:/devkitPro/libctru/lib\libctru.a(sdmc_dev.o)
 .text.sdmc_rename
                0x00107c9c      0x108 c:/devkitPro/libctru/lib\libctru.a(sdmc_dev.o)
 .text.sdmc_unlink
                0x00107da4       0x74 c:/devkitPro/libctru/lib\libctru.a(sdmc_dev.o)
 .text.sdmc_stat
                0x00107e18      0x108 c:/devkitPro/libctru/lib\libctru.a(sdmc_dev.o)
 .text.sdmc_open
                0x00107f20      0x188 c:/devkitPro/libctru/lib\libctru.a(sdmc_dev.o)
 .text.sdmc_chmod
                0x001080a8       0x10 c:/devkitPro/libctru/lib\libctru.a(sdmc_dev.o)
 .text.sdmcInit
                0x001080b8      0x15c c:/devkitPro/libctru/lib\libctru.a(sdmc_dev.o)
                0x001080b8                sdmcInit
 .text.sdmcExit
                0x00108214       0x58 c:/devkitPro/libctru/lib\libctru.a(sdmc_dev.o)
                0x00108214                sdmcExit
 .text.fsSessionForArchive.part.0
                0x0010826c       0x28 c:/devkitPro/libctru/lib\libctru.a(fs.o)
 .text.fsInit   0x00108294       0xc8 c:/devkitPro/libctru/lib\libctru.a(fs.o)
                0x00108294                fsInit
 .text.fsExit   0x0010835c       0x38 c:/devkitPro/libctru/lib\libctru.a(fs.o)
                0x0010835c                fsExit
 .text.fsExemptFromSession
                0x00108394       0xa0 c:/devkitPro/libctru/lib\libctru.a(fs.o)
                0x00108394                fsExemptFromSession
 .text.fsUnexemptFromSession
                0x00108434       0x54 c:/devkitPro/libctru/lib\libctru.a(fs.o)
                0x00108434                fsUnexemptFromSession
 .text.FSUSER_OpenFile
                0x00108488       0xbc c:/devkitPro/libctru/lib\libctru.a(fs.o)
                0x00108488                FSUSER_OpenFile
 .text.FSUSER_DeleteFile
                0x00108544       0xa4 c:/devkitPro/libctru/lib\libctru.a(fs.o)
                0x00108544                FSUSER_DeleteFile
 .text.FSUSER_RenameFile
                0x001085e8       0xe0 c:/devkitPro/libctru/lib\libctru.a(fs.o)
                0x001085e8                FSUSER_RenameFile
 .text.FSUSER_DeleteDirectory
                0x001086c8       0xa4 c:/devkitPro/libctru/lib\libctru.a(fs.o)
                0x001086c8                FSUSER_DeleteDirectory
 .text.FSUSER_CreateFile
                0x0010876c       0xbc c:/devkitPro/libctru/lib\libctru.a(fs.o)
                0x0010876c                FSUSER_CreateFile
 .text.FSUSER_CreateDirectory
                0x00108828       0xac c:/devkitPro/libctru/lib\libctru.a(fs.o)
                0x00108828                FSUSER_CreateDirectory
 .text.FSUSER_RenameDirectory
                0x001088d4       0xe0 c:/devkitPro/libctru/lib\libctru.a(fs.o)
                0x001088d4                FSUSER_RenameDirectory
 .text.FSUSER_OpenDirectory
                0x001089b4       0xa4 c:/devkitPro/libctru/lib\libctru.a(fs.o)
                0x001089b4                FSUSER_OpenDirectory
 .text.FSUSER_OpenArchive
                0x00108a58       0x98 c:/devkitPro/libctru/lib\libctru.a(fs.o)
                0x00108a58                FSUSER_OpenArchive
 .text.FSUSER_CloseArchive
                0x00108af0       0x74 c:/devkitPro/libctru/lib\libctru.a(fs.o)
                0x00108af0                FSUSER_CloseArchive
 .text.FSUSER_GetSdmcArchiveResource
                0x00108b64       0x78 c:/devkitPro/libctru/lib\libctru.a(fs.o)
                0x00108b64                FSUSER_GetSdmcArchiveResource
 .text.FSUSER_IsSdmcWritable
                0x00108bdc       0x64 c:/devkitPro/libctru/lib\libctru.a(fs.o)
                0x00108bdc                FSUSER_IsSdmcWritable
 .text.FSFILE_Read
                0x00108c40       0x5c c:/devkitPro/libctru/lib\libctru.a(fs.o)
                0x00108c40                FSFILE_Read
 .text.FSFILE_Write
                0x00108c9c       0x64 c:/devkitPro/libctru/lib\libctru.a(fs.o)
                0x00108c9c                FSFILE_Write
 .text.FSFILE_GetSize
                0x00108d00       0x3c c:/devkitPro/libctru/lib\libctru.a(fs.o)
                0x00108d00                FSFILE_GetSize
 .text.FSFILE_SetSize
                0x00108d3c       0x2c c:/devkitPro/libctru/lib\libctru.a(fs.o)
                0x00108d3c                FSFILE_SetSize
 .text.FSFILE_Close
                0x00108d68       0x3c c:/devkitPro/libctru/lib\libctru.a(fs.o)
                0x00108d68                FSFILE_Close
 .text.FSFILE_Flush
                0x00108da4       0x24 c:/devkitPro/libctru/lib\libctru.a(fs.o)
                0x00108da4                FSFILE_Flush
 .text.FSDIR_Read
                0x00108dc8       0x54 c:/devkitPro/libctru/lib\libctru.a(fs.o)
                0x00108dc8                FSDIR_Read
 .text.FSDIR_Close
                0x00108e1c       0x3c c:/devkitPro/libctru/lib\libctru.a(fs.o)
                0x00108e1c                FSDIR_Close
 .text.utf8_to_utf16
                0x00108e58       0xc0 c:/devkitPro/libctru/lib\libctru.a(utf8_to_utf16.o)
                0x00108e58                utf8_to_utf16
 .text.decode_utf8
                0x00108f18      0x138 c:/devkitPro/libctru/lib\libctru.a(decode_utf8.o)
                0x00108f18                decode_utf8
 .text.utf16_to_utf8
                0x00109050       0xe8 c:/devkitPro/libctru/lib\libctru.a(utf16_to_utf8.o)
                0x00109050                utf16_to_utf8
 .text.encode_utf8
                0x00109138      0x104 c:/devkitPro/libctru/lib\libctru.a(encode_utf8.o)
                0x00109138                encode_utf8
 .text.encode_utf16
                0x0010923c       0x68 c:/devkitPro/libctru/lib\libctru.a(encode_utf16.o)
                0x0010923c                encode_utf16
 .text.__aeabi_read_tp
                0x001092a4        0xc c:/devkitPro/libctru/lib\libctru.a(readtp.o)
                0x001092a4                __aeabi_read_tp
 .text.decode_utf16
                0x001092b0       0x60 c:/devkitPro/libctru/lib\libctru.a(decode_utf16.o)
                0x001092b0                decode_utf16
 .text.__udivmoddi4
                0x00109310      0x128 c:/devkitpro/devkitarm/bin/../lib/gcc/arm-none-eabi/6.3.0/armv6k/fpu\libgcc.a(_udivmoddi4.o)
                0x00109310                __udivmoddi4
 .text.bsearch  0x00109438       0x74 c:/devkitpro/devkitarm/bin/../lib/gcc/arm-none-eabi/6.3.0/../../../../arm-none-eabi/lib/armv6k/fpu\libg.a(lib_a-bsearch.o)
                0x00109438                bsearch
 .text.exit     0x001094ac       0x34 c:/devkitpro/devkitarm/bin/../lib/gcc/arm-none-eabi/6.3.0/../../../../arm-none-eabi/lib/armv6k/fpu\libg.a(lib_a-exit.o)
                0x001094ac                exit
 .text.__libc_fini_array
                0x001094e0       0x40 c:/devkitpro/devkitarm/bin/../lib/gcc/arm-none-eabi/6.3.0/../../../../arm-none-eabi/lib/armv6k/fpu\libg.a(lib_a-fini.o)
                0x001094e0                __libc_fini_array
 .text.__libc_init_array
                0x00109520       0x78 c:/devkitpro/devkitarm/bin/../lib/gcc/arm-none-eabi/6.3.0/../../../../arm-none-eabi/lib/armv6k/fpu\libg.a(lib_a-init.o)
                0x00109520                __libc_init_array
 .text.iprintf  0x00109598       0x38 c:/devkitpro/devkitarm/bin/../lib/gcc/arm-none-eabi/6.3.0/../../../../arm-none-eabi/lib/armv6k/fpu\libg.a(lib_a-iprintf.o)
                0x00109598                iprintf
 .text.memalign
                0x001095d0       0x20 c:/devkitpro/devkitarm/bin/../lib/gcc/arm-none-eabi/6.3.0/../../../../arm-none-eabi/lib/armv6k/fpu\libg.a(lib_a-malign.o)
                0x001095d0                memalign
 .text._memalign_r
                0x001095f0      0x158 c:/devkitpro/devkitarm/bin/../lib/gcc/arm-none-eabi/6.3.0/../../../../arm-none-eabi/lib/armv6k/fpu\libg.a(lib_a-malignr.o)
                0x001095f0                _memalign_r
 .text.malloc   0x00109748       0x18 c:/devkitpro/devkitarm/bin/../lib/gcc/arm-none-eabi/6.3.0/../../../../arm-none-eabi/lib/armv6k/fpu\libg.a(lib_a-malloc.o)
                0x00109748                malloc
 .text.free     0x00109760       0x18 c:/devkitpro/devkitarm/bin/../lib/gcc/arm-none-eabi/6.3.0/../../../../arm-none-eabi/lib/armv6k/fpu\libg.a(lib_a-malloc.o)
                0x00109760                free
 .text._malloc_r
                0x00109778      0x78c c:/devkitpro/devkitarm/bin/../lib/gcc/arm-none-eabi/6.3.0/../../../../arm-none-eabi/lib/armv6k/fpu\libg.a(lib_a-mallocr.o)
                0x00109778                _malloc_r
 .text.memchr   0x00109f04      0x104 c:/devkitpro/devkitarm/bin/../lib/gcc/arm-none-eabi/6.3.0/../../../../arm-none-eabi/lib/armv6k/fpu\libg.a(lib_a-memchr-stub.o)
                0x00109f04                memchr
 .text.memcpy   0x0010a008      0x114 c:/devkitpro/devkitarm/bin/../lib/gcc/arm-none-eabi/6.3.0/../../../../arm-none-eabi/lib/armv6k/fpu\libg.a(lib_a-memcpy-stub.o)
                0x0010a008                memcpy
 .text.memset   0x0010a11c      0x110 c:/devkitpro/devkitarm/bin/../lib/gcc/arm-none-eabi/6.3.0/../../../../arm-none-eabi/lib/armv6k/fpu\libg.a(lib_a-memset.o)
                0x0010a11c                memset
 .text.__malloc_lock
                0x0010a22c        0xc c:/devkitpro/devkitarm/bin/../lib/gcc/arm-none-eabi/6.3.0/../../../../arm-none-eabi/lib/armv6k/fpu\libg.a(lib_a-mlock.o)
                0x0010a22c                __malloc_lock
 .text.__malloc_unlock
                0x0010a238        0xc c:/devkitpro/devkitarm/bin/../lib/gcc/arm-none-eabi/6.3.0/../../../../arm-none-eabi/lib/armv6k/fpu\libg.a(lib_a-mlock.o)
                0x0010a238                __malloc_unlock
 .text.printf   0x0010a244       0x38 c:/devkitpro/devkitarm/bin/../lib/gcc/arm-none-eabi/6.3.0/../../../../arm-none-eabi/lib/armv6k/fpu\libg.a(lib_a-printf.o)
                0x0010a244                printf
 .text.setvbuf  0x0010a27c      0x258 c:/devkitpro/devkitarm/bin/../lib/gcc/arm-none-eabi/6.3.0/../../../../arm-none-eabi/lib/armv6k/fpu\libg.a(lib_a-setvbuf.o)
                0x0010a27c                setvbuf
 .text.sscanf   0x0010a4d4       0x74 c:/devkitpro/devkitarm/bin/../lib/gcc/arm-none-eabi/6.3.0/../../../../arm-none-eabi/lib/armv6k/fpu\libg.a(lib_a-sscanf.o)
                0x0010a4d4                sscanf
 .text.__sread  0x0010a548       0x3c c:/devkitpro/devkitarm/bin/../lib/gcc/arm-none-eabi/6.3.0/../../../../arm-none-eabi/lib/armv6k/fpu\libg.a(lib_a-stdio.o)
                0x0010a548                __sread
 .text.__seofread
                0x0010a584        0x8 c:/devkitpro/devkitarm/bin/../lib/gcc/arm-none-eabi/6.3.0/../../../../arm-none-eabi/lib/armv6k/fpu\libg.a(lib_a-stdio.o)
                0x0010a584                __seofread
 .text.__swrite
                0x0010a58c       0x64 c:/devkitpro/devkitarm/bin/../lib/gcc/arm-none-eabi/6.3.0/../../../../arm-none-eabi/lib/armv6k/fpu\libg.a(lib_a-stdio.o)
                0x0010a58c                __swrite
 .text.__sseek  0x0010a5f0       0x4c c:/devkitpro/devkitarm/bin/../lib/gcc/arm-none-eabi/6.3.0/../../../../arm-none-eabi/lib/armv6k/fpu\libg.a(lib_a-stdio.o)
                0x0010a5f0                __sseek
 .text.__sclose
                0x0010a63c        0x8 c:/devkitpro/devkitarm/bin/../lib/gcc/arm-none-eabi/6.3.0/../../../../arm-none-eabi/lib/armv6k/fpu\libg.a(lib_a-stdio.o)
                0x0010a63c                __sclose
 .text.strlen   0x0010a644       0x5c c:/devkitpro/devkitarm/bin/../lib/gcc/arm-none-eabi/6.3.0/../../../../arm-none-eabi/lib/armv6k/fpu\libg.a(lib_a-strlen-stub.o)
                0x0010a644                strlen
 .text.strncat  0x0010a6a0       0x9c c:/devkitpro/devkitarm/bin/../lib/gcc/arm-none-eabi/6.3.0/../../../../arm-none-eabi/lib/armv6k/fpu\libg.a(lib_a-strncat.o)
                0x0010a6a0                strncat
 .text.strncpy  0x0010a73c       0xd8 c:/devkitpro/devkitarm/bin/../lib/gcc/arm-none-eabi/6.3.0/../../../../arm-none-eabi/lib/armv6k/fpu\libg.a(lib_a-strncpy.o)
                0x0010a73c                strncpy
 .text.__ssvfscanf_r
                0x0010a814     0x290c c:/devkitpro/devkitarm/bin/../lib/gcc/arm-none-eabi/6.3.0/../../../../arm-none-eabi/lib/armv6k/fpu\libg.a(lib_a-svfscanf.o)
                0x0010a814                __ssvfscanf_r
 .text.get_arg  0x0010d120     0x1624 c:/devkitpro/devkitarm/bin/../lib/gcc/arm-none-eabi/6.3.0/../../../../arm-none-eabi/lib/armv6k/fpu\libg.a(lib_a-vfiprintf.o)
 .text.__sprint_r.part.0
                0x0010e744       0x1c c:/devkitpro/devkitarm/bin/../lib/gcc/arm-none-eabi/6.3.0/../../../../arm-none-eabi/lib/armv6k/fpu\libg.a(lib_a-vfiprintf.o)
 .text.__sprint_r
                0x0010e760       0x1c c:/devkitpro/devkitarm/bin/../lib/gcc/arm-none-eabi/6.3.0/../../../../arm-none-eabi/lib/armv6k/fpu\libg.a(lib_a-vfiprintf.o)
                0x0010e760                __sprint_r
 .text._vfiprintf_r
                0x0010e77c     0x2de8 c:/devkitpro/devkitarm/bin/../lib/gcc/arm-none-eabi/6.3.0/../../../../arm-none-eabi/lib/armv6k/fpu\libg.a(lib_a-vfiprintf.o)
                0x0010e77c                _vfiprintf_r
 .text.__sbprintf
                0x00111564       0xcc c:/devkitpro/devkitarm/bin/../lib/gcc/arm-none-eabi/6.3.0/../../../../arm-none-eabi/lib/armv6k/fpu\libg.a(lib_a-vfiprintf.o)
 .text.get_arg  0x00111630     0x1624 c:/devkitpro/devkitarm/bin/../lib/gcc/arm-none-eabi/6.3.0/../../../../arm-none-eabi/lib/armv6k/fpu\libg.a(lib_a-vfprintf.o)
 *fill*         0x00112c54        0x4 
 .text._vfprintf_r
                0x00112c58     0x4314 c:/devkitpro/devkitarm/bin/../lib/gcc/arm-none-eabi/6.3.0/../../../../arm-none-eabi/lib/armv6k/fpu\libg.a(lib_a-vfprintf.o)
                0x00112c58                _vfprintf_r
 .text.__sbprintf
                0x00116f6c       0xcc c:/devkitpro/devkitarm/bin/../lib/gcc/arm-none-eabi/6.3.0/../../../../arm-none-eabi/lib/armv6k/fpu\libg.a(lib_a-vfprintf.o)
 .text._wcrtomb_r
                0x00117038       0xa0 c:/devkitpro/devkitarm/bin/../lib/gcc/arm-none-eabi/6.3.0/../../../../arm-none-eabi/lib/armv6k/fpu\libg.a(lib_a-wcrtomb.o)
                0x00117038                _wcrtomb_r
 .text._wcsrtombs_r
                0x001170d8       0x20 c:/devkitpro/devkitarm/bin/../lib/gcc/arm-none-eabi/6.3.0/../../../../arm-none-eabi/lib/armv6k/fpu\libg.a(lib_a-wcsrtombs.o)
                0x001170d8                _wcsrtombs_r
 .text.__swsetup_r
                0x001170f8      0x144 c:/devkitpro/devkitarm/bin/../lib/gcc/arm-none-eabi/6.3.0/../../../../arm-none-eabi/lib/armv6k/fpu\libg.a(lib_a-wsetup.o)
                0x001170f8                __swsetup_r
 .text.__call_exitprocs
                0x0011723c      0x174 c:/devkitpro/devkitarm/bin/../lib/gcc/arm-none-eabi/6.3.0/../../../../arm-none-eabi/lib/armv6k/fpu\libg.a(lib_a-__call_atexit.o)
                0x0011723c                __call_exitprocs
 .text.quorem   0x001173b0      0x1d0 c:/devkitpro/devkitarm/bin/../lib/gcc/arm-none-eabi/6.3.0/../../../../arm-none-eabi/lib/armv6k/fpu\libg.a(lib_a-dtoa.o)
 .text._dtoa_r  0x00117580     0x1260 c:/devkitpro/devkitarm/bin/../lib/gcc/arm-none-eabi/6.3.0/../../../../arm-none-eabi/lib/armv6k/fpu\libg.a(lib_a-dtoa.o)
                0x00117580                _dtoa_r
 .text.__sflush_r
                0x001187e0      0x254 c:/devkitpro/devkitarm/bin/../lib/gcc/arm-none-eabi/6.3.0/../../../../arm-none-eabi/lib/armv6k/fpu\libg.a(lib_a-fflush.o)
                0x001187e0                __sflush_r
 .text._fflush_r
                0x00118a34       0x94 c:/devkitpro/devkitarm/bin/../lib/gcc/arm-none-eabi/6.3.0/../../../../arm-none-eabi/lib/armv6k/fpu\libg.a(lib_a-fflush.o)
                0x00118a34                _fflush_r
 .text._cleanup_r
                0x00118ac8        0xc c:/devkitpro/devkitarm/bin/../lib/gcc/arm-none-eabi/6.3.0/../../../../arm-none-eabi/lib/armv6k/fpu\libg.a(lib_a-findfp.o)
                0x00118ac8                _cleanup_r
 .text.std.isra.0
                0x00118ad4       0x80 c:/devkitpro/devkitarm/bin/../lib/gcc/arm-none-eabi/6.3.0/../../../../arm-none-eabi/lib/armv6k/fpu\libg.a(lib_a-findfp.o)
 .text.__sinit  0x00118b54       0x8c c:/devkitpro/devkitarm/bin/../lib/gcc/arm-none-eabi/6.3.0/../../../../arm-none-eabi/lib/armv6k/fpu\libg.a(lib_a-findfp.o)
                0x00118b54                __sinit
 .text.__sfp_lock_acquire
                0x00118be0        0xc c:/devkitpro/devkitarm/bin/../lib/gcc/arm-none-eabi/6.3.0/../../../../arm-none-eabi/lib/armv6k/fpu\libg.a(lib_a-findfp.o)
                0x00118be0                __sfp_lock_acquire
 .text.__sfp_lock_release
                0x00118bec        0xc c:/devkitpro/devkitarm/bin/../lib/gcc/arm-none-eabi/6.3.0/../../../../arm-none-eabi/lib/armv6k/fpu\libg.a(lib_a-findfp.o)
                0x00118bec                __sfp_lock_release
 .text._malloc_trim_r
                0x00118bf8       0xf8 c:/devkitpro/devkitarm/bin/../lib/gcc/arm-none-eabi/6.3.0/../../../../arm-none-eabi/lib/armv6k/fpu\libg.a(lib_a-freer.o)
                0x00118bf8                _malloc_trim_r
 .text._free_r  0x00118cf0      0x2e4 c:/devkitpro/devkitarm/bin/../lib/gcc/arm-none-eabi/6.3.0/../../../../arm-none-eabi/lib/armv6k/fpu\libg.a(lib_a-freer.o)
                0x00118cf0                _free_r
 .text.__sfvwrite_r
                0x00118fd4      0x4ac c:/devkitpro/devkitarm/bin/../lib/gcc/arm-none-eabi/6.3.0/../../../../arm-none-eabi/lib/armv6k/fpu\libg.a(lib_a-fvwrite.o)
                0x00118fd4                __sfvwrite_r
 .text._fwalk_reent
                0x00119480       0x80 c:/devkitpro/devkitarm/bin/../lib/gcc/arm-none-eabi/6.3.0/../../../../arm-none-eabi/lib/armv6k/fpu\libg.a(lib_a-fwalk.o)
                0x00119480                _fwalk_reent
 .text.iswspace
                0x00119500       0x74 c:/devkitpro/devkitarm/bin/../lib/gcc/arm-none-eabi/6.3.0/../../../../arm-none-eabi/lib/armv6k/fpu\libg.a(lib_a-iswspace.o)
                0x00119500                iswspace
 .text.__jp2uc  0x00119574      0x204 c:/devkitpro/devkitarm/bin/../lib/gcc/arm-none-eabi/6.3.0/../../../../arm-none-eabi/lib/armv6k/fpu\libg.a(lib_a-jp2uc.o)
 .text._jp2uc   0x00119778       0xc8 c:/devkitpro/devkitarm/bin/../lib/gcc/arm-none-eabi/6.3.0/../../../../arm-none-eabi/lib/armv6k/fpu\libg.a(lib_a-jp2uc.o)
                0x00119778                _jp2uc
 .text.__localeconv_l
                0x00119840        0x8 c:/devkitpro/devkitarm/bin/../lib/gcc/arm-none-eabi/6.3.0/../../../../arm-none-eabi/lib/armv6k/fpu\libg.a(lib_a-localeconv.o)
                0x00119840                __localeconv_l
 .text._localeconv_r
                0x00119848       0x24 c:/devkitpro/devkitarm/bin/../lib/gcc/arm-none-eabi/6.3.0/../../../../arm-none-eabi/lib/armv6k/fpu\libg.a(lib_a-localeconv.o)
                0x00119848                _localeconv_r
 .text.__locale_mb_cur_max
                0x0011986c       0x24 c:/devkitpro/devkitarm/bin/../lib/gcc/arm-none-eabi/6.3.0/../../../../arm-none-eabi/lib/armv6k/fpu\libg.a(lib_a-locale.o)
                0x0011986c                __locale_mb_cur_max
 .text.__locale_ctype_ptr_l
                0x00119890        0x8 c:/devkitpro/devkitarm/bin/../lib/gcc/arm-none-eabi/6.3.0/../../../../arm-none-eabi/lib/armv6k/fpu\libg.a(lib_a-locale.o)
                0x00119890                __locale_ctype_ptr_l
 .text.__locale_ctype_ptr
                0x00119898       0x24 c:/devkitpro/devkitarm/bin/../lib/gcc/arm-none-eabi/6.3.0/../../../../arm-none-eabi/lib/armv6k/fpu\libg.a(lib_a-locale.o)
                0x00119898                __locale_ctype_ptr
 .text.__swhatbuf_r
                0x001198bc       0x94 c:/devkitpro/devkitarm/bin/../lib/gcc/arm-none-eabi/6.3.0/../../../../arm-none-eabi/lib/armv6k/fpu\libg.a(lib_a-makebuf.o)
                0x001198bc                __swhatbuf_r
 .text.__smakebuf_r
                0x00119950       0xf4 c:/devkitpro/devkitarm/bin/../lib/gcc/arm-none-eabi/6.3.0/../../../../arm-none-eabi/lib/armv6k/fpu\libg.a(lib_a-makebuf.o)
                0x00119950                __smakebuf_r
 .text._mbrtowc_r
                0x00119a44       0xb4 c:/devkitpro/devkitarm/bin/../lib/gcc/arm-none-eabi/6.3.0/../../../../arm-none-eabi/lib/armv6k/fpu\libg.a(lib_a-mbrtowc.o)
                0x00119a44                _mbrtowc_r
 .text.__utf8_mbtowc
                0x00119af8      0x300 c:/devkitpro/devkitarm/bin/../lib/gcc/arm-none-eabi/6.3.0/../../../../arm-none-eabi/lib/armv6k/fpu\libg.a(lib_a-mbtowc_r.o)
                0x00119af8                __utf8_mbtowc
 .text.memmove  0x00119df8      0x148 c:/devkitpro/devkitarm/bin/../lib/gcc/arm-none-eabi/6.3.0/../../../../arm-none-eabi/lib/armv6k/fpu\libg.a(lib_a-memmove.o)
                0x00119df8                memmove
 .text._Balloc  0x00119f40       0x88 c:/devkitpro/devkitarm/bin/../lib/gcc/arm-none-eabi/6.3.0/../../../../arm-none-eabi/lib/armv6k/fpu\libg.a(lib_a-mprec.o)
                0x00119f40                _Balloc
 .text._Bfree   0x00119fc8       0x1c c:/devkitpro/devkitarm/bin/../lib/gcc/arm-none-eabi/6.3.0/../../../../arm-none-eabi/lib/armv6k/fpu\libg.a(lib_a-mprec.o)
                0x00119fc8                _Bfree
 .text.__multadd
                0x00119fe4       0xd8 c:/devkitpro/devkitarm/bin/../lib/gcc/arm-none-eabi/6.3.0/../../../../arm-none-eabi/lib/armv6k/fpu\libg.a(lib_a-mprec.o)
                0x00119fe4                __multadd
 .text.__s2b    0x0011a0bc       0xf0 c:/devkitpro/devkitarm/bin/../lib/gcc/arm-none-eabi/6.3.0/../../../../arm-none-eabi/lib/armv6k/fpu\libg.a(lib_a-mprec.o)
                0x0011a0bc                __s2b
 .text.__hi0bits
                0x0011a1ac       0x58 c:/devkitpro/devkitarm/bin/../lib/gcc/arm-none-eabi/6.3.0/../../../../arm-none-eabi/lib/armv6k/fpu\libg.a(lib_a-mprec.o)
                0x0011a1ac                __hi0bits
 .text.__lo0bits
                0x0011a204       0x9c c:/devkitpro/devkitarm/bin/../lib/gcc/arm-none-eabi/6.3.0/../../../../arm-none-eabi/lib/armv6k/fpu\libg.a(lib_a-mprec.o)
                0x0011a204                __lo0bits
 .text.__i2b    0x0011a2a0       0x20 c:/devkitpro/devkitarm/bin/../lib/gcc/arm-none-eabi/6.3.0/../../../../arm-none-eabi/lib/armv6k/fpu\libg.a(lib_a-mprec.o)
                0x0011a2a0                __i2b
 .text.__multiply
                0x0011a2c0      0x1cc c:/devkitpro/devkitarm/bin/../lib/gcc/arm-none-eabi/6.3.0/../../../../arm-none-eabi/lib/armv6k/fpu\libg.a(lib_a-mprec.o)
                0x0011a2c0                __multiply
 .text.__pow5mult
                0x0011a48c      0x100 c:/devkitpro/devkitarm/bin/../lib/gcc/arm-none-eabi/6.3.0/../../../../arm-none-eabi/lib/armv6k/fpu\libg.a(lib_a-mprec.o)
                0x0011a48c                __pow5mult
 .text.__lshift
                0x0011a58c       0xe4 c:/devkitpro/devkitarm/bin/../lib/gcc/arm-none-eabi/6.3.0/../../../../arm-none-eabi/lib/armv6k/fpu\libg.a(lib_a-mprec.o)
                0x0011a58c                __lshift
 .text.__mcmp   0x0011a670       0x60 c:/devkitpro/devkitarm/bin/../lib/gcc/arm-none-eabi/6.3.0/../../../../arm-none-eabi/lib/armv6k/fpu\libg.a(lib_a-mprec.o)
                0x0011a670                __mcmp
 .text.__mdiff  0x0011a6d0      0x198 c:/devkitpro/devkitarm/bin/../lib/gcc/arm-none-eabi/6.3.0/../../../../arm-none-eabi/lib/armv6k/fpu\libg.a(lib_a-mprec.o)
                0x0011a6d0                __mdiff
 .text.__ulp    0x0011a868       0x78 c:/devkitpro/devkitarm/bin/../lib/gcc/arm-none-eabi/6.3.0/../../../../arm-none-eabi/lib/armv6k/fpu\libg.a(lib_a-mprec.o)
                0x0011a868                __ulp
 .text.__b2d    0x0011a8e0       0xd4 c:/devkitpro/devkitarm/bin/../lib/gcc/arm-none-eabi/6.3.0/../../../../arm-none-eabi/lib/armv6k/fpu\libg.a(lib_a-mprec.o)
                0x0011a8e0                __b2d
 .text.__d2b    0x0011a9b4      0x108 c:/devkitpro/devkitarm/bin/../lib/gcc/arm-none-eabi/6.3.0/../../../../arm-none-eabi/lib/armv6k/fpu\libg.a(lib_a-mprec.o)
                0x0011a9b4                __d2b
 .text.__ratio  0x0011aabc       0x7c c:/devkitpro/devkitarm/bin/../lib/gcc/arm-none-eabi/6.3.0/../../../../arm-none-eabi/lib/armv6k/fpu\libg.a(lib_a-mprec.o)
                0x0011aabc                __ratio
 .text.__copybits
                0x0011ab38       0x6c c:/devkitpro/devkitarm/bin/../lib/gcc/arm-none-eabi/6.3.0/../../../../arm-none-eabi/lib/armv6k/fpu\libg.a(lib_a-mprec.o)
                0x0011ab38                __copybits
 .text.__any_on
                0x0011aba4       0x80 c:/devkitpro/devkitarm/bin/../lib/gcc/arm-none-eabi/6.3.0/../../../../arm-none-eabi/lib/armv6k/fpu\libg.a(lib_a-mprec.o)
                0x0011aba4                __any_on
 .text._realloc_r
                0x0011ac24      0x4cc c:/devkitpro/devkitarm/bin/../lib/gcc/arm-none-eabi/6.3.0/../../../../arm-none-eabi/lib/armv6k/fpu\libg.a(lib_a-reallocr.o)
                0x0011ac24                _realloc_r
 .text.__sccl   0x0011b0f0       0xcc c:/devkitpro/devkitarm/bin/../lib/gcc/arm-none-eabi/6.3.0/../../../../arm-none-eabi/lib/armv6k/fpu\libg.a(lib_a-sccl.o)
                0x0011b0f0                __sccl
 .text.nanf     0x0011b1bc        0xc c:/devkitpro/devkitarm/bin/../lib/gcc/arm-none-eabi/6.3.0/../../../../arm-none-eabi/lib/armv6k/fpu\libg.a(lib_a-sf_nan.o)
                0x0011b1bc                nanf
 .text.frexp    0x0011b1c8       0x9c c:/devkitpro/devkitarm/bin/../lib/gcc/arm-none-eabi/6.3.0/../../../../arm-none-eabi/lib/armv6k/fpu\libg.a(lib_a-s_frexp.o)
                0x0011b1c8                frexp
 .text.sprintf  0x0011b264       0x68 c:/devkitpro/devkitarm/bin/../lib/gcc/arm-none-eabi/6.3.0/../../../../arm-none-eabi/lib/armv6k/fpu\libg.a(lib_a-sprintf.o)
                0x0011b264                sprintf
 .text.stpncpy  0x0011b2cc      0x100 c:/devkitpro/devkitarm/bin/../lib/gcc/arm-none-eabi/6.3.0/../../../../arm-none-eabi/lib/armv6k/fpu\libg.a(lib_a-stpncpy.o)
                0x0011b2cc                stpncpy
 .text.strchr   0x0011b3cc      0x1ac c:/devkitpro/devkitarm/bin/../lib/gcc/arm-none-eabi/6.3.0/../../../../arm-none-eabi/lib/armv6k/fpu\libg.a(lib_a-strchr.o)
                0x0011b3cc                strchr
 .text.strncmp  0x0011b578      0x108 c:/devkitpro/devkitarm/bin/../lib/gcc/arm-none-eabi/6.3.0/../../../../arm-none-eabi/lib/armv6k/fpu\libg.a(lib_a-strncmp.o)
                0x0011b578                strncmp
 .text.unlikely.sulp
                0x0011b680       0x54 c:/devkitpro/devkitarm/bin/../lib/gcc/arm-none-eabi/6.3.0/../../../../arm-none-eabi/lib/armv6k/fpu\libg.a(lib_a-strtod.o)
 *fill*         0x0011b6d4        0x4 
 .text._strtod_l
                0x0011b6d8     0x1434 c:/devkitpro/devkitarm/bin/../lib/gcc/arm-none-eabi/6.3.0/../../../../arm-none-eabi/lib/armv6k/fpu\libg.a(lib_a-strtod.o)
                0x0011b6d8                _strtod_l
 .text._strtod_r
                0x0011cb0c       0x3c c:/devkitpro/devkitarm/bin/../lib/gcc/arm-none-eabi/6.3.0/../../../../arm-none-eabi/lib/armv6k/fpu\libg.a(lib_a-strtod.o)
                0x0011cb0c                _strtod_r
 .text._strtoll_l.isra.0
                0x0011cb48      0x2dc c:/devkitpro/devkitarm/bin/../lib/gcc/arm-none-eabi/6.3.0/../../../../arm-none-eabi/lib/armv6k/fpu\libg.a(lib_a-strtoll.o)
 .text._strtoll_r
                0x0011ce24       0x50 c:/devkitpro/devkitarm/bin/../lib/gcc/arm-none-eabi/6.3.0/../../../../arm-none-eabi/lib/armv6k/fpu\libg.a(lib_a-strtoll.o)
                0x0011ce24                _strtoll_r
 .text._strtol_l.isra.0
                0x0011ce74      0x220 c:/devkitpro/devkitarm/bin/../lib/gcc/arm-none-eabi/6.3.0/../../../../arm-none-eabi/lib/armv6k/fpu\libg.a(lib_a-strtol.o)
 .text._strtol_r
                0x0011d094       0x50 c:/devkitpro/devkitarm/bin/../lib/gcc/arm-none-eabi/6.3.0/../../../../arm-none-eabi/lib/armv6k/fpu\libg.a(lib_a-strtol.o)
                0x0011d094                _strtol_r
 *fill*         0x0011d0e4        0x4 
 .text._strtoull_l.isra.0
                0x0011d0e8      0x268 c:/devkitpro/devkitarm/bin/../lib/gcc/arm-none-eabi/6.3.0/../../../../arm-none-eabi/lib/armv6k/fpu\libg.a(lib_a-strtoull.o)
 .text._strtoull_r
                0x0011d350       0x50 c:/devkitpro/devkitarm/bin/../lib/gcc/arm-none-eabi/6.3.0/../../../../arm-none-eabi/lib/armv6k/fpu\libg.a(lib_a-strtoull.o)
                0x0011d350                _strtoull_r
 .text._strtoul_l.isra.0
                0x0011d3a0      0x1e4 c:/devkitpro/devkitarm/bin/../lib/gcc/arm-none-eabi/6.3.0/../../../../arm-none-eabi/lib/armv6k/fpu\libg.a(lib_a-strtoul.o)
 .text._strtoul_r
                0x0011d584       0x50 c:/devkitpro/devkitarm/bin/../lib/gcc/arm-none-eabi/6.3.0/../../../../arm-none-eabi/lib/armv6k/fpu\libg.a(lib_a-strtoul.o)
                0x0011d584                _strtoul_r
 .text.__ssprint_r
                0x0011d5d4      0x188 c:/devkitpro/devkitarm/bin/../lib/gcc/arm-none-eabi/6.3.0/../../../../arm-none-eabi/lib/armv6k/fpu\libg.a(lib_a-svfiprintf.o)
                0x0011d5d4                __ssprint_r
 .text._sungetc_r
                0x0011d75c       0xe8 c:/devkitpro/devkitarm/bin/../lib/gcc/arm-none-eabi/6.3.0/../../../../arm-none-eabi/lib/armv6k/fpu\libg.a(lib_a-svfiscanf.o)
                0x0011d75c                _sungetc_r
 .text.__ssrefill_r
                0x0011d844       0x6c c:/devkitpro/devkitarm/bin/../lib/gcc/arm-none-eabi/6.3.0/../../../../arm-none-eabi/lib/armv6k/fpu\libg.a(lib_a-svfiscanf.o)
                0x0011d844                __ssrefill_r
 .text._sfread_r
                0x0011d8b0       0xd0 c:/devkitpro/devkitarm/bin/../lib/gcc/arm-none-eabi/6.3.0/../../../../arm-none-eabi/lib/armv6k/fpu\libg.a(lib_a-svfiscanf.o)
                0x0011d8b0                _sfread_r
 .text.get_arg  0x0011d980     0x1624 c:/devkitpro/devkitarm/bin/../lib/gcc/arm-none-eabi/6.3.0/../../../../arm-none-eabi/lib/armv6k/fpu\libg.a(lib_a-svfprintf.o)
 *fill*         0x0011efa4        0x4 
 .text._svfprintf_r
                0x0011efa8     0x41c4 c:/devkitpro/devkitarm/bin/../lib/gcc/arm-none-eabi/6.3.0/../../../../arm-none-eabi/lib/armv6k/fpu\libg.a(lib_a-svfprintf.o)
                0x0011efa8                _svfprintf_r
 .text.__submore
                0x0012316c       0xa8 c:/devkitpro/devkitarm/bin/../lib/gcc/arm-none-eabi/6.3.0/../../../../arm-none-eabi/lib/armv6k/fpu\libg.a(lib_a-ungetc.o)
                0x0012316c                __submore
 .text._wcsnrtombs_l
                0x00123214      0x174 c:/devkitpro/devkitarm/bin/../lib/gcc/arm-none-eabi/6.3.0/../../../../arm-none-eabi/lib/armv6k/fpu\libg.a(lib_a-wcsnrtombs.o)
                0x00123214                _wcsnrtombs_l
 .text._wcsnrtombs_r
                0x00123388       0x64 c:/devkitpro/devkitarm/bin/../lib/gcc/arm-none-eabi/6.3.0/../../../../arm-none-eabi/lib/armv6k/fpu\libg.a(lib_a-wcsnrtombs.o)
                0x00123388                _wcsnrtombs_r
 .text.__utf8_wctomb
                0x001233ec       0xe8 c:/devkitpro/devkitarm/bin/../lib/gcc/arm-none-eabi/6.3.0/../../../../arm-none-eabi/lib/armv6k/fpu\libg.a(lib_a-wctomb_r.o)
                0x001233ec                __utf8_wctomb
 .text._calloc_r
                0x001234d4       0x90 c:/devkitpro/devkitarm/bin/../lib/gcc/arm-none-eabi/6.3.0/../../../../arm-none-eabi/lib/armv6k/fpu\libg.a(lib_a-callocr.o)
                0x001234d4                _calloc_r
 .text._fclose_r
                0x00123564      0x154 c:/devkitpro/devkitarm/bin/../lib/gcc/arm-none-eabi/6.3.0/../../../../arm-none-eabi/lib/armv6k/fpu\libg.a(lib_a-fclose.o)
                0x00123564                _fclose_r
 .text.rshift   0x001236b8       0xf0 c:/devkitpro/devkitarm/bin/../lib/gcc/arm-none-eabi/6.3.0/../../../../arm-none-eabi/lib/armv6k/fpu\libg.a(lib_a-gdtoa-gethex.o)
 .text.__gethex
                0x001237a8      0x7f4 c:/devkitpro/devkitarm/bin/../lib/gcc/arm-none-eabi/6.3.0/../../../../arm-none-eabi/lib/armv6k/fpu\libg.a(lib_a-gdtoa-gethex.o)
                0x001237a8                __gethex
 .text.__match  0x00123f9c       0x64 c:/devkitpro/devkitarm/bin/../lib/gcc/arm-none-eabi/6.3.0/../../../../arm-none-eabi/lib/armv6k/fpu\libg.a(lib_a-gdtoa-hexnan.o)
                0x00123f9c                __match
 .text.__hexnan
                0x00124000      0x264 c:/devkitpro/devkitarm/bin/../lib/gcc/arm-none-eabi/6.3.0/../../../../arm-none-eabi/lib/armv6k/fpu\libg.a(lib_a-gdtoa-hexnan.o)
                0x00124000                __hexnan
 .text.null_write
                0x00124264        0x8 c:/devkitpro/devkitarm/bin/../lib/gcc/arm-none-eabi/6.3.0/../../../../arm-none-eabi/lib/armv6k/fpu\libsysbase.a(iosupport.o)
 .text.setDefaultDevice
                0x0012426c       0x18 c:/devkitpro/devkitarm/bin/../lib/gcc/arm-none-eabi/6.3.0/../../../../arm-none-eabi/lib/armv6k/fpu\libsysbase.a(iosupport.o)
                0x0012426c                setDefaultDevice
 .text.FindDevice
                0x00124284       0xcc c:/devkitpro/devkitarm/bin/../lib/gcc/arm-none-eabi/6.3.0/../../../../arm-none-eabi/lib/armv6k/fpu\libsysbase.a(iosupport.o)
                0x00124284                FindDevice
 .text.RemoveDevice
                0x00124350       0x28 c:/devkitpro/devkitarm/bin/../lib/gcc/arm-none-eabi/6.3.0/../../../../arm-none-eabi/lib/armv6k/fpu\libsysbase.a(iosupport.o)
                0x00124350                RemoveDevice
 .text.AddDevice
                0x00124378       0x98 c:/devkitpro/devkitarm/bin/../lib/gcc/arm-none-eabi/6.3.0/../../../../arm-none-eabi/lib/armv6k/fpu\libsysbase.a(iosupport.o)
                0x00124378                AddDevice
 .text._close_r
                0x00124410       0x84 c:/devkitpro/devkitarm/bin/../lib/gcc/arm-none-eabi/6.3.0/../../../../arm-none-eabi/lib/armv6k/fpu\libsysbase.a(close.o)
                0x00124410                _close_r
 .text._fstat_r
                0x00124494       0x7c c:/devkitpro/devkitarm/bin/../lib/gcc/arm-none-eabi/6.3.0/../../../../arm-none-eabi/lib/armv6k/fpu\libsysbase.a(fstat.o)
                0x00124494                _fstat_r
 .text._isatty_r
                0x00124510        0x8 c:/devkitpro/devkitarm/bin/../lib/gcc/arm-none-eabi/6.3.0/../../../../arm-none-eabi/lib/armv6k/fpu\libsysbase.a(isatty.o)
                0x00124510                _isatty_r
 .text._lseek_r
                0x00124518       0x90 c:/devkitpro/devkitarm/bin/../lib/gcc/arm-none-eabi/6.3.0/../../../../arm-none-eabi/lib/armv6k/fpu\libsysbase.a(lseek.o)
                0x00124518                _lseek_r
 .text._read_r  0x001245a8       0x88 c:/devkitpro/devkitarm/bin/../lib/gcc/arm-none-eabi/6.3.0/../../../../arm-none-eabi/lib/armv6k/fpu\libsysbase.a(read.o)
                0x001245a8                _read_r
 .text._sbrk_r  0x00124630       0x70 c:/devkitpro/devkitarm/bin/../lib/gcc/arm-none-eabi/6.3.0/../../../../arm-none-eabi/lib/armv6k/fpu\libsysbase.a(sbrk.o)
                0x00124630                _sbrk_r
 .text._write_r
                0x001246a0       0x88 c:/devkitpro/devkitarm/bin/../lib/gcc/arm-none-eabi/6.3.0/../../../../arm-none-eabi/lib/armv6k/fpu\libsysbase.a(write.o)
                0x001246a0                _write_r
 .text._exit    0x00124728       0x24 c:/devkitpro/devkitarm/bin/../lib/gcc/arm-none-eabi/6.3.0/../../../../arm-none-eabi/lib/armv6k/fpu\libsysbase.a(_exit.o)
                0x00124728                _exit
 .text._concatenate_path
                0x0012474c      0x1d4 c:/devkitpro/devkitarm/bin/../lib/gcc/arm-none-eabi/6.3.0/../../../../arm-none-eabi/lib/armv6k/fpu\libsysbase.a(chdir.o)
                0x0012474c                _concatenate_path
 .text.chdir    0x00124920      0x15c c:/devkitpro/devkitarm/bin/../lib/gcc/arm-none-eabi/6.3.0/../../../../arm-none-eabi/lib/armv6k/fpu\libsysbase.a(chdir.o)
                0x00124920                chdir
 .text.__flockfile
                0x00124a7c        0x8 c:/devkitpro/devkitarm/bin/../lib/gcc/arm-none-eabi/6.3.0/../../../../arm-none-eabi/lib/armv6k/fpu\libsysbase.a(flock.o)
                0x00124a7c                __flockfile
 .text.__funlockfile
                0x00124a84        0x8 c:/devkitpro/devkitarm/bin/../lib/gcc/arm-none-eabi/6.3.0/../../../../arm-none-eabi/lib/armv6k/fpu\libsysbase.a(flock.o)
                0x00124a84                __funlockfile
 .text.__libc_lock_acquire
                0x00124a8c       0x18 c:/devkitpro/devkitarm/bin/../lib/gcc/arm-none-eabi/6.3.0/../../../../arm-none-eabi/lib/armv6k/fpu\libsysbase.a(syscall_support.o)
                0x00124a8c                __libc_lock_acquire
 .text.__libc_lock_release
                0x00124aa4       0x18 c:/devkitpro/devkitarm/bin/../lib/gcc/arm-none-eabi/6.3.0/../../../../arm-none-eabi/lib/armv6k/fpu\libsysbase.a(syscall_support.o)
                0x00124aa4                __libc_lock_release
 .text.__libc_lock_init_recursive
                0x00124abc       0x18 c:/devkitpro/devkitarm/bin/../lib/gcc/arm-none-eabi/6.3.0/../../../../arm-none-eabi/lib/armv6k/fpu\libsysbase.a(syscall_support.o)
                0x00124abc                __libc_lock_init_recursive
 .text.__libc_lock_acquire_recursive
                0x00124ad4       0x18 c:/devkitpro/devkitarm/bin/../lib/gcc/arm-none-eabi/6.3.0/../../../../arm-none-eabi/lib/armv6k/fpu\libsysbase.a(syscall_support.o)
                0x00124ad4                __libc_lock_acquire_recursive
 .text.__libc_lock_release_recursive
                0x00124aec       0x18 c:/devkitpro/devkitarm/bin/../lib/gcc/arm-none-eabi/6.3.0/../../../../arm-none-eabi/lib/armv6k/fpu\libsysbase.a(syscall_support.o)
                0x00124aec                __libc_lock_release_recursive
 .text.__libc_lock_close_recursive
                0x00124b04       0x18 c:/devkitpro/devkitarm/bin/../lib/gcc/arm-none-eabi/6.3.0/../../../../arm-none-eabi/lib/armv6k/fpu\libsysbase.a(syscall_support.o)
                0x00124b04                __libc_lock_close_recursive
 .text.__free_handle
                0x00124b1c       0x4c c:/devkitpro/devkitarm/bin/../lib/gcc/arm-none-eabi/6.3.0/../../../../arm-none-eabi/lib/armv6k/fpu\libsysbase.a(handle_manager.o)
                0x00124b1c                __free_handle
 .text.__release_handle
                0x00124b68       0x40 c:/devkitpro/devkitarm/bin/../lib/gcc/arm-none-eabi/6.3.0/../../../../arm-none-eabi/lib/armv6k/fpu\libsysbase.a(handle_manager.o)
                0x00124b68                __release_handle
 .text.__get_handle
                0x00124ba8       0x18 c:/devkitpro/devkitarm/bin/../lib/gcc/arm-none-eabi/6.3.0/../../../../arm-none-eabi/lib/armv6k/fpu\libsysbase.a(handle_manager.o)
                0x00124ba8                __get_handle
 .text.__getreent
                0x00124bc0       0x28 c:/devkitpro/devkitarm/bin/../lib/gcc/arm-none-eabi/6.3.0/../../../../arm-none-eabi/lib/armv6k/fpu\libsysbase.a(getreent.o)
                0x00124bc0                __getreent
 .text.strnlen  0x00124be8       0x5c c:/devkitpro/devkitarm/bin/../lib/gcc/arm-none-eabi/6.3.0/../../../../arm-none-eabi/lib/armv6k/fpu\libg.a(lib_a-strnlen.o)
                0x00124be8                strnlen
 .text.strrchr  0x00124c44       0x44 c:/devkitpro/devkitarm/bin/../lib/gcc/arm-none-eabi/6.3.0/../../../../arm-none-eabi/lib/armv6k/fpu\libg.a(lib_a-strrchr.o)
                0x00124c44                strrchr
 *(.glue_7)
 .glue_7        0x00124c88        0x0 linker stubs
 *(.glue_7t)
 .glue_7t       0x00124c88        0x0 linker stubs
 *(.stub)
 *(.gnu.warning)
 *(.gnu.linkonce.t*)
                0x00124c88                . = ALIGN (0x4)
 *(.fini)
 .fini          0x00124c88        0xc c:/devkitpro/devkitarm/bin/../lib/gcc/arm-none-eabi/6.3.0/armv6k/fpu/crti.o
                0x00124c88                _fini
 .fini          0x00124c94        0xc c:/devkitpro/devkitarm/bin/../lib/gcc/arm-none-eabi/6.3.0/armv6k/fpu/crtn.o
                0x00124ca0                . = ALIGN (0x4)

.vfp11_veneer   0x00124ca0        0x0
 .vfp11_veneer  0x00124ca0        0x0 linker stubs

.v4_bx          0x00124ca0        0x0
 .v4_bx         0x00124ca0        0x0 linker stubs

.iplt           0x00124ca0        0x0
 .iplt          0x00124ca0        0x0 c:/devkitpro/devkitarm/bin/../lib/gcc/arm-none-eabi/6.3.0/../../../../arm-none-eabi/lib/armv6k/fpu/3dsx_crt0.o

.rodata         0x00125000     0x4780
 *(.rodata)
 .rodata        0x00125000        0x6 main.o
 *fill*         0x00125006        0x2 
 .rodata        0x00125008       0x1c c:/devkitPro/libctru/lib\libctru.a(gfx.o)
 .rodata        0x00125024      0x168 c:/devkitPro/libctru/lib\libctru.a(console.o)
 .rodata        0x0012518c        0xc c:/devkitPro/libctru/lib\libctru.a(apt.o)
 .rodata        0x00125198      0x804 c:/devkitPro/libctru/lib\libctru.a(default_font.bin.o)
                0x00125198                default_font_bin
                0x00125998                default_font_bin_size
                0x00125998                default_font_bin_end
 .rodata        0x0012599c       0x3c c:/devkitPro/libctru/lib\libctru.a(sdmc_dev.o)
 *(.roda)
 *(.rodata.*)
 .rodata.str1.4
                0x001259d8       0x92 main.o
 *fill*         0x00125a6a        0x2 
 .rodata.str1.4
                0x00125a6c       0x6d zupper.o
 *fill*         0x00125ad9        0x3 
 .rodata.str1.4
                0x00125adc       0x70 c:/devkitPro/libctru/lib\libctru.a(console.o)
 .rodata.str1.4
                0x00125b4c       0x15 c:/devkitPro/libctru/lib\libctru.a(hid.o)
 *fill*         0x00125b61        0x3 
 .rodata.str1.4
                0x00125b64       0x16 c:/devkitPro/libctru/lib\libctru.a(apt.o)
 *fill*         0x00125b7a        0x2 
 .rodata.str1.4
                0x00125b7c        0x9 c:/devkitPro/libctru/lib\libctru.a(gspgpu.o)
 *fill*         0x00125b85        0x3 
 .rodata.str1.4
                0x00125b88        0x7 c:/devkitPro/libctru/lib\libctru.a(irrst.o)
 *fill*         0x00125b8f        0x1 
 .rodata.str1.4
                0x00125b90        0x5 c:/devkitPro/libctru/lib\libctru.a(srv.o)
 *fill*         0x00125b95        0x3 
 .rodata.str1.4
                0x00125b98        0x9 c:/devkitPro/libctru/lib\libctru.a(ptmsysm.o)
 *fill*         0x00125ba1        0x3 
 .rodata.str1.4
                0x00125ba4        0xd c:/devkitPro/libctru/lib\libctru.a(sdmc_dev.o)
                                 0x11 (size before relaxing)
 *fill*         0x00125bb1        0x3 
 .rodata.str1.4
                0x00125bb4        0x8 c:/devkitPro/libctru/lib\libctru.a(fs.o)
                                  0x9 (size before relaxing)
 .rodata._global_impure_ptr
                0x00125bbc        0x4 c:/devkitpro/devkitarm/bin/../lib/gcc/arm-none-eabi/6.3.0/../../../../arm-none-eabi/lib/armv6k/fpu\libg.a(lib_a-impure.o)
                0x00125bbc                _global_impure_ptr
 .rodata.__ssvfscanf_r.str1.4
                0x00125bc0        0x5 c:/devkitpro/devkitarm/bin/../lib/gcc/arm-none-eabi/6.3.0/../../../../arm-none-eabi/lib/armv6k/fpu\libg.a(lib_a-svfscanf.o)
 *fill*         0x00125bc5        0x3 
 .rodata.basefix.8441
                0x00125bc8       0x22 c:/devkitpro/devkitarm/bin/../lib/gcc/arm-none-eabi/6.3.0/../../../../arm-none-eabi/lib/armv6k/fpu\libg.a(lib_a-svfscanf.o)
 *fill*         0x00125bea        0x2 
 .rodata._vfiprintf_r.str1.4
                0x00125bec       0x2f c:/devkitpro/devkitarm/bin/../lib/gcc/arm-none-eabi/6.3.0/../../../../arm-none-eabi/lib/armv6k/fpu\libg.a(lib_a-vfiprintf.o)
 *fill*         0x00125c1b        0x1 
 .rodata.blanks.8383
                0x00125c1c       0x10 c:/devkitpro/devkitarm/bin/../lib/gcc/arm-none-eabi/6.3.0/../../../../arm-none-eabi/lib/armv6k/fpu\libg.a(lib_a-vfiprintf.o)
 .rodata.zeroes.8384
                0x00125c2c       0x10 c:/devkitpro/devkitarm/bin/../lib/gcc/arm-none-eabi/6.3.0/../../../../arm-none-eabi/lib/armv6k/fpu\libg.a(lib_a-vfiprintf.o)
 .rodata._vfprintf_r.str1.4
                0x00125c3c       0x12 c:/devkitpro/devkitarm/bin/../lib/gcc/arm-none-eabi/6.3.0/../../../../arm-none-eabi/lib/armv6k/fpu\libg.a(lib_a-vfprintf.o)
                                 0x42 (size before relaxing)
 *fill*         0x00125c4e        0x2 
 .rodata.blanks.8415
                0x00125c50       0x10 c:/devkitpro/devkitarm/bin/../lib/gcc/arm-none-eabi/6.3.0/../../../../arm-none-eabi/lib/armv6k/fpu\libg.a(lib_a-vfprintf.o)
 .rodata.zeroes.8416
                0x00125c60       0x10 c:/devkitpro/devkitarm/bin/../lib/gcc/arm-none-eabi/6.3.0/../../../../arm-none-eabi/lib/armv6k/fpu\libg.a(lib_a-vfprintf.o)
 .rodata._dtoa_r.str1.4
                0x00125c70       0x10 c:/devkitpro/devkitarm/bin/../lib/gcc/arm-none-eabi/6.3.0/../../../../arm-none-eabi/lib/armv6k/fpu\libg.a(lib_a-dtoa.o)
                                 0x12 (size before relaxing)
 .rodata._jp2uc.str1.4
                0x00125c80       0x12 c:/devkitpro/devkitarm/bin/../lib/gcc/arm-none-eabi/6.3.0/../../../../arm-none-eabi/lib/armv6k/fpu\libg.a(lib_a-jp2uc.o)
 *fill*         0x00125c92        0x2 
 .rodata.a1     0x00125c94       0xbc c:/devkitpro/devkitarm/bin/../lib/gcc/arm-none-eabi/6.3.0/../../../../arm-none-eabi/lib/armv6k/fpu\libg.a(lib_a-jp2uc.o)
 .rodata.a2     0x00125d50       0xbc c:/devkitpro/devkitarm/bin/../lib/gcc/arm-none-eabi/6.3.0/../../../../arm-none-eabi/lib/armv6k/fpu\libg.a(lib_a-jp2uc.o)
 .rodata.a3     0x00125e0c       0x5b c:/devkitpro/devkitarm/bin/../lib/gcc/arm-none-eabi/6.3.0/../../../../arm-none-eabi/lib/armv6k/fpu\libg.a(lib_a-jp2uc.o)
 *fill*         0x00125e67        0x1 
 .rodata.a6     0x00125e68       0x70 c:/devkitpro/devkitarm/bin/../lib/gcc/arm-none-eabi/6.3.0/../../../../arm-none-eabi/lib/armv6k/fpu\libg.a(lib_a-jp2uc.o)
 .rodata.a7     0x00125ed8       0xa2 c:/devkitpro/devkitarm/bin/../lib/gcc/arm-none-eabi/6.3.0/../../../../arm-none-eabi/lib/armv6k/fpu\libg.a(lib_a-jp2uc.o)
 *fill*         0x00125f7a        0x2 
 .rodata.a8     0x00125f7c       0x40 c:/devkitpro/devkitarm/bin/../lib/gcc/arm-none-eabi/6.3.0/../../../../arm-none-eabi/lib/armv6k/fpu\libg.a(lib_a-jp2uc.o)
 .rodata.b02cf  0x00125fbc     0x172a c:/devkitpro/devkitarm/bin/../lib/gcc/arm-none-eabi/6.3.0/../../../../arm-none-eabi/lib/armv6k/fpu\libg.a(lib_a-jp2uc.o)
 *fill*         0x001276e6        0x2 
 .rodata.d02f4  0x001276e8     0x1a7c c:/devkitpro/devkitarm/bin/../lib/gcc/arm-none-eabi/6.3.0/../../../../arm-none-eabi/lib/armv6k/fpu\libg.a(lib_a-jp2uc.o)
 .rodata.str1.4
                0x00129164       0x48 c:/devkitpro/devkitarm/bin/../lib/gcc/arm-none-eabi/6.3.0/../../../../arm-none-eabi/lib/armv6k/fpu\libg.a(lib_a-locale.o)
                                 0x4c (size before relaxing)
 .rodata._mbrtowc_r.str1.4
                0x001291ac        0x1 c:/devkitpro/devkitarm/bin/../lib/gcc/arm-none-eabi/6.3.0/../../../../arm-none-eabi/lib/armv6k/fpu\libg.a(lib_a-mbrtowc.o)
 *fill*         0x001291ac        0x4 
 .rodata.__mprec_bigtens
                0x001291b0       0x28 c:/devkitpro/devkitarm/bin/../lib/gcc/arm-none-eabi/6.3.0/../../../../arm-none-eabi/lib/armv6k/fpu\libg.a(lib_a-mprec.o)
                0x001291b0                __mprec_bigtens
 .rodata.__mprec_tens
                0x001291d8       0xc8 c:/devkitpro/devkitarm/bin/../lib/gcc/arm-none-eabi/6.3.0/../../../../arm-none-eabi/lib/armv6k/fpu\libg.a(lib_a-mprec.o)
                0x001291d8                __mprec_tens
 .rodata.p05.7191
                0x001292a0        0xc c:/devkitpro/devkitarm/bin/../lib/gcc/arm-none-eabi/6.3.0/../../../../arm-none-eabi/lib/armv6k/fpu\libg.a(lib_a-mprec.o)
 .rodata._strtod_l.str1.4
                0x001292ac        0xf c:/devkitpro/devkitarm/bin/../lib/gcc/arm-none-eabi/6.3.0/../../../../arm-none-eabi/lib/armv6k/fpu\libg.a(lib_a-strtod.o)
 *fill*         0x001292bb        0x1 
 .rodata.fpi.7277
                0x001292bc       0x14 c:/devkitpro/devkitarm/bin/../lib/gcc/arm-none-eabi/6.3.0/../../../../arm-none-eabi/lib/armv6k/fpu\libg.a(lib_a-strtod.o)
 .rodata.fpinan.7313
                0x001292d0       0x14 c:/devkitpro/devkitarm/bin/../lib/gcc/arm-none-eabi/6.3.0/../../../../arm-none-eabi/lib/armv6k/fpu\libg.a(lib_a-strtod.o)
 *fill*         0x001292e4        0x4 
 .rodata.tinytens
                0x001292e8       0x28 c:/devkitpro/devkitarm/bin/../lib/gcc/arm-none-eabi/6.3.0/../../../../arm-none-eabi/lib/armv6k/fpu\libg.a(lib_a-strtod.o)
 .rodata.__action_table
                0x00129310       0x6c c:/devkitpro/devkitarm/bin/../lib/gcc/arm-none-eabi/6.3.0/../../../../arm-none-eabi/lib/armv6k/fpu\libg.a(lib_a-svfiprintf.o)
                0x00129310                __action_table
 .rodata.__chclass
                0x0012937c      0x100 c:/devkitpro/devkitarm/bin/../lib/gcc/arm-none-eabi/6.3.0/../../../../arm-none-eabi/lib/armv6k/fpu\libg.a(lib_a-svfiprintf.o)
                0x0012937c                __chclass
 .rodata.__state_table
                0x0012947c       0x6c c:/devkitpro/devkitarm/bin/../lib/gcc/arm-none-eabi/6.3.0/../../../../arm-none-eabi/lib/armv6k/fpu\libg.a(lib_a-svfiprintf.o)
                0x0012947c                __state_table
 .rodata._svfprintf_r.str1.4
                0x001294e8       0x42 c:/devkitpro/devkitarm/bin/../lib/gcc/arm-none-eabi/6.3.0/../../../../arm-none-eabi/lib/armv6k/fpu\libg.a(lib_a-svfprintf.o)
 .rodata.blanks.8400
                0x001294e8       0x10 c:/devkitpro/devkitarm/bin/../lib/gcc/arm-none-eabi/6.3.0/../../../../arm-none-eabi/lib/armv6k/fpu\libg.a(lib_a-svfprintf.o)
 .rodata.zeroes.8401
                0x001294f8       0x10 c:/devkitpro/devkitarm/bin/../lib/gcc/arm-none-eabi/6.3.0/../../../../arm-none-eabi/lib/armv6k/fpu\libg.a(lib_a-svfprintf.o)
 .rodata._ctype_
                0x00129508      0x101 c:/devkitpro/devkitarm/bin/../lib/gcc/arm-none-eabi/6.3.0/../../../../arm-none-eabi/lib/armv6k/fpu\libg.a(lib_a-ctype_.o)
                0x00129508                _ctype_
 *fill*         0x00129609        0x3 
 .rodata.__hexdig
                0x0012960c      0x100 c:/devkitpro/devkitarm/bin/../lib/gcc/arm-none-eabi/6.3.0/../../../../arm-none-eabi/lib/armv6k/fpu\libg.a(lib_a-gdtoa-gethex.o)
                0x0012960c                __hexdig
 .rodata.AddDevice.str1.4
                0x0012970c        0x8 c:/devkitpro/devkitarm/bin/../lib/gcc/arm-none-eabi/6.3.0/../../../../arm-none-eabi/lib/armv6k/fpu\libsysbase.a(iosupport.o)
 .rodata.dotab_stdnull
                0x00129714       0x68 c:/devkitpro/devkitarm/bin/../lib/gcc/arm-none-eabi/6.3.0/../../../../arm-none-eabi/lib/armv6k/fpu\libsysbase.a(iosupport.o)
                0x00129714                dotab_stdnull
 .rodata.DIRECTORY_PARENT
                0x0012977c        0x3 c:/devkitpro/devkitarm/bin/../lib/gcc/arm-none-eabi/6.3.0/../../../../arm-none-eabi/lib/armv6k/fpu\libsysbase.a(chdir.o)
                0x0012977c                DIRECTORY_PARENT
 *all.rodata*(*)
 *(.gnu.linkonce.r*)
                0x00129780                . = ALIGN (0x4)
 *fill*         0x0012977f        0x1 

.eh_frame       0x00129780        0x0
 .eh_frame      0x00129780        0x0 c:/devkitpro/devkitarm/bin/../lib/gcc/arm-none-eabi/6.3.0/armv6k/fpu/crtbegin.o

.rel.dyn        0x00129780        0x0
 .rel.iplt      0x00129780        0x0 c:/devkitpro/devkitarm/bin/../lib/gcc/arm-none-eabi/6.3.0/../../../../arm-none-eabi/lib/armv6k/fpu/3dsx_crt0.o

.ARM.extab
 *(.ARM.extab* .gnu.linkonce.armextab.*)
                0x00129780                __exidx_start = .

ARM.exidx
 *(.ARM.exidx* .gnu.linkonce.armexidx.*)
                0x00129780                __exidx_end = .

.data           0x0012a000     0x2f58
 *(.data)
 .data          0x0012a000        0xc c:/devkitPro/libctru/lib\libctru.a(gfx.o)
 .data          0x0012a00c       0x51 c:/devkitPro/libctru/lib\libctru.a(console.o)
                0x0012a00c                defaultConsole
                0x0012a058                currentConsole
 *fill*         0x0012a05d        0x3 
 .data          0x0012a060        0x4 c:/devkitPro/libctru/lib\libctru.a(apt.o)
 .data          0x0012a064        0x4 c:/devkitPro/libctru/lib\libctru.a(gspgpu.o)
 .data          0x0012a068        0x4 c:/devkitPro/libctru/lib\libctru.a(stack_adjust.o)
                0x0012a068                __stacksize__
 .data          0x0012a06c        0x4 c:/devkitPro/libctru/lib\libctru.a(allocateHeaps.o)
                0x0012a06c                __ctru_linear_heap_size
 .data          0x0012a070      0x46c c:/devkitPro/libctru/lib\libctru.a(sdmc_dev.o)
 *(.data.*)
 .data._impure_ptr
                0x0012a4dc        0x4 c:/devkitpro/devkitarm/bin/../lib/gcc/arm-none-eabi/6.3.0/../../../../arm-none-eabi/lib/armv6k/fpu\libg.a(lib_a-impure.o)
                0x0012a4dc                _impure_ptr
 .data.impure_data
                0x0012a4e0      0x460 c:/devkitpro/devkitarm/bin/../lib/gcc/arm-none-eabi/6.3.0/../../../../arm-none-eabi/lib/armv6k/fpu\libg.a(lib_a-impure.o)
 .data.__malloc_av_
                0x0012a940      0x408 c:/devkitpro/devkitarm/bin/../lib/gcc/arm-none-eabi/6.3.0/../../../../arm-none-eabi/lib/armv6k/fpu\libg.a(lib_a-mallocr.o)
                0x0012a940                __malloc_av_
 .data.__malloc_sbrk_base
                0x0012ad48        0x4 c:/devkitpro/devkitarm/bin/../lib/gcc/arm-none-eabi/6.3.0/../../../../arm-none-eabi/lib/armv6k/fpu\libg.a(lib_a-mallocr.o)
                0x0012ad48                __malloc_sbrk_base
 .data.__malloc_trim_threshold
                0x0012ad4c        0x4 c:/devkitpro/devkitarm/bin/../lib/gcc/arm-none-eabi/6.3.0/../../../../arm-none-eabi/lib/armv6k/fpu\libg.a(lib_a-mallocr.o)
                0x0012ad4c                __malloc_trim_threshold
 .data.__malloc_lock_object
                0x0012ad50        0xc c:/devkitpro/devkitarm/bin/../lib/gcc/arm-none-eabi/6.3.0/../../../../arm-none-eabi/lib/armv6k/fpu\libg.a(lib_a-mlock.o)
 .data.__atexit_lock
                0x0012ad5c        0xc c:/devkitpro/devkitarm/bin/../lib/gcc/arm-none-eabi/6.3.0/../../../../arm-none-eabi/lib/armv6k/fpu\libg.a(lib_a-__call_atexit.o)
                0x0012ad5c                __atexit_lock
 .data.__sfp_lock
                0x0012ad68        0xc c:/devkitpro/devkitarm/bin/../lib/gcc/arm-none-eabi/6.3.0/../../../../arm-none-eabi/lib/armv6k/fpu\libg.a(lib_a-findfp.o)
 .data.__sinit_lock
                0x0012ad74        0xc c:/devkitpro/devkitarm/bin/../lib/gcc/arm-none-eabi/6.3.0/../../../../arm-none-eabi/lib/armv6k/fpu\libg.a(lib_a-findfp.o)
 .data.__global_locale
                0x0012ad80      0x16c c:/devkitpro/devkitarm/bin/../lib/gcc/arm-none-eabi/6.3.0/../../../../arm-none-eabi/lib/armv6k/fpu\libg.a(lib_a-locale.o)
                0x0012ad80                __global_locale
 .data.defaultDevice
                0x0012aeec        0x4 c:/devkitpro/devkitarm/bin/../lib/gcc/arm-none-eabi/6.3.0/../../../../arm-none-eabi/lib/armv6k/fpu\libsysbase.a(iosupport.o)
 .data.devoptab_list
                0x0012aef0       0x40 c:/devkitpro/devkitarm/bin/../lib/gcc/arm-none-eabi/6.3.0/../../../../arm-none-eabi/lib/armv6k/fpu\libsysbase.a(iosupport.o)
                0x0012aef0                devoptab_list
 .data._current_working_directory
                0x0012af30     0x1000 c:/devkitpro/devkitarm/bin/../lib/gcc/arm-none-eabi/6.3.0/../../../../arm-none-eabi/lib/armv6k/fpu\libsysbase.a(chdir.o)
 .data.__hndl_lock
                0x0012bf30        0x4 c:/devkitpro/devkitarm/bin/../lib/gcc/arm-none-eabi/6.3.0/../../../../arm-none-eabi/lib/armv6k/fpu\libsysbase.a(handle_manager.o)
 .data.__stderr_handle
                0x0012bf34        0xc c:/devkitpro/devkitarm/bin/../lib/gcc/arm-none-eabi/6.3.0/../../../../arm-none-eabi/lib/armv6k/fpu\libsysbase.a(handle_manager.o)
 .data.__stdin_handle
                0x0012bf40        0xc c:/devkitpro/devkitarm/bin/../lib/gcc/arm-none-eabi/6.3.0/../../../../arm-none-eabi/lib/armv6k/fpu\libsysbase.a(handle_manager.o)
 .data.__stdout_handle
                0x0012bf4c        0xc c:/devkitpro/devkitarm/bin/../lib/gcc/arm-none-eabi/6.3.0/../../../../arm-none-eabi/lib/armv6k/fpu\libsysbase.a(handle_manager.o)
 .data.handles  0x0012bf58     0x1000 c:/devkitpro/devkitarm/bin/../lib/gcc/arm-none-eabi/6.3.0/../../../../arm-none-eabi/lib/armv6k/fpu\libsysbase.a(handle_manager.o)
 *(.gnu.linkonce.d*)
                0x0012cf58                . = ALIGN (0x4)

.igot.plt       0x0012cf58        0x0
 .igot.plt      0x0012cf58        0x0 c:/devkitpro/devkitarm/bin/../lib/gcc/arm-none-eabi/6.3.0/../../../../arm-none-eabi/lib/armv6k/fpu/3dsx_crt0.o

.jcr            0x0012cf58        0x0
 .jcr           0x0012cf58        0x0 c:/devkitpro/devkitarm/bin/../lib/gcc/arm-none-eabi/6.3.0/armv6k/fpu/crtbegin.o

.tm_clone_table
                0x0012cf58        0x0
 .tm_clone_table
                0x0012cf58        0x0 c:/devkitpro/devkitarm/bin/../lib/gcc/arm-none-eabi/6.3.0/armv6k/fpu/crtbegin.o
 .tm_clone_table
                0x0012cf58        0x0 c:/devkitpro/devkitarm/bin/../lib/gcc/arm-none-eabi/6.3.0/armv6k/fpu/crtend.o
                0x0012cf58                __TMC_END__

.tdata          0x0012cf58        0x0
                0x0012cf58                __tdata_lma = .
 *(.tdata)
 *(.tdata.*)
 *(.gnu.linkonce.td.*)
                0x0012cf58                . = ALIGN (0x4)
                0x0012cf58                __tdata_lma_end = .

.tbss           0x0012cf58     0x340c
 *(.tbss)
 .tbss          0x0012cf58     0x340a c:/devkitPro/libctru/lib\libctru.a(sdmc_dev.o)
 *(.tbss.*)
 *(.gnu.linkonce.tb.*)
 *(.tcommon)
                0x00130364                . = ALIGN (0x4)
 *fill*         0x00130362        0x2 

.preinit_array  0x0012cf58        0x0
                0x0012cf58                PROVIDE (__preinit_array_start, .)
 *(.preinit_array)
                0x0012cf58                PROVIDE (__preinit_array_end, .)

.init_array     0x0012cf58        0x4
                0x0012cf58                PROVIDE (__init_array_start, .)
 *(SORT(.init_array.*))
 *(.init_array)
 .init_array    0x0012cf58        0x4 c:/devkitpro/devkitarm/bin/../lib/gcc/arm-none-eabi/6.3.0/armv6k/fpu/crtbegin.o
                0x0012cf5c                PROVIDE (__init_array_end, .)

.fini_array     0x0012cf5c        0x4
                0x0012cf5c                PROVIDE (__fini_array_start, .)
 *(.fini_array)
 .fini_array    0x0012cf5c        0x4 c:/devkitpro/devkitarm/bin/../lib/gcc/arm-none-eabi/6.3.0/armv6k/fpu/crtbegin.o
 *(SORT(.fini_array.*))
                0x0012cf60                PROVIDE (__fini_array_end, .)

.ctors
 *crtbegin.o(.ctors)
 *(EXCLUDE_FILE(*crtend.o) .ctors)
 *(SORT(.ctors.*))
 *(.ctors)

.dtors
 *crtbegin.o(.dtors)
 *(EXCLUDE_FILE(*crtend.o) .dtors)
 *(SORT(.dtors.*))
 *(.dtors)
                0x0012cf60                __bss_start__ = .

.bss            0x0012cf60     0x57c8
 *(.dynbss)
 *(.bss)
 .bss           0x0012cf60        0xe c:/devkitPro/libctru/lib\libctru.a(gfx.o)
 *fill*         0x0012cf6e        0x2 
 .bss           0x0012cf70       0x2c c:/devkitPro/libctru/lib\libctru.a(hid.o)
 .bss           0x0012cf9c     0x103e c:/devkitPro/libctru/lib\libctru.a(apt.o)
 *fill*         0x0012dfda        0x2 
 .bss           0x0012dfdc       0xa8 c:/devkitPro/libctru/lib\libctru.a(gspgpu.o)
 .bss           0x0012e084        0xc c:/devkitPro/libctru/lib\libctru.a(irrst.o)
 .bss           0x0012e090        0x8 c:/devkitPro/libctru/lib\libctru.a(stack_adjust.o)
 .bss           0x0012e098       0x14 c:/devkitPro/libctru/lib\libctru.a(linear.o)
 .bss           0x0012e0ac       0x14 c:/devkitPro/libctru/lib\libctru.a(mappable.o)
 .bss           0x0012e0c0       0x14 c:/devkitPro/libctru/lib\libctru.a(vram.o)
 .bss           0x0012e0d4        0x8 c:/devkitPro/libctru/lib\libctru.a(srv.o)
 .bss           0x0012e0dc        0x1 c:/devkitPro/libctru/lib\libctru.a(os.o)
                0x0012e0dc                __ctru_speedup
 *fill*         0x0012e0dd        0x3 
 .bss           0x0012e0e0        0x4 c:/devkitPro/libctru/lib\libctru.a(synchronization.o)
 .bss           0x0012e0e4        0x8 c:/devkitPro/libctru/lib\libctru.a(ptmsysm.o)
 .bss           0x0012e0ec        0x4 c:/devkitPro/libctru/lib\libctru.a(allocateHeaps.o)
                0x0012e0ec                __ctru_heap_size
 .bss           0x0012e0f0        0x9 c:/devkitPro/libctru/lib\libctru.a(sdmc_dev.o)
 *fill*         0x0012e0f9        0x7 
 .bss           0x0012e100       0x88 c:/devkitPro/libctru/lib\libctru.a(fs.o)
 *(.bss.*)
 .bss.completed.7620
                0x0012e188        0x1 c:/devkitpro/devkitarm/bin/../lib/gcc/arm-none-eabi/6.3.0/armv6k/fpu/crtbegin.o
 *fill*         0x0012e189        0x3 
 .bss.object.7625
                0x0012e18c       0x18 c:/devkitpro/devkitarm/bin/../lib/gcc/arm-none-eabi/6.3.0/armv6k/fpu/crtbegin.o
 .bss.__malloc_current_mallinfo
                0x0012e1a4       0x28 c:/devkitpro/devkitarm/bin/../lib/gcc/arm-none-eabi/6.3.0/../../../../arm-none-eabi/lib/armv6k/fpu\libg.a(lib_a-mallocr.o)
                0x0012e1a4                __malloc_current_mallinfo
 .bss.__malloc_max_sbrked_mem
                0x0012e1cc        0x4 c:/devkitpro/devkitarm/bin/../lib/gcc/arm-none-eabi/6.3.0/../../../../arm-none-eabi/lib/armv6k/fpu\libg.a(lib_a-mallocr.o)
                0x0012e1cc                __malloc_max_sbrked_mem
 .bss.__malloc_max_total_mem
                0x0012e1d0        0x4 c:/devkitpro/devkitarm/bin/../lib/gcc/arm-none-eabi/6.3.0/../../../../arm-none-eabi/lib/armv6k/fpu\libg.a(lib_a-mallocr.o)
                0x0012e1d0                __malloc_max_total_mem
 .bss.__malloc_top_pad
                0x0012e1d4        0x4 c:/devkitpro/devkitarm/bin/../lib/gcc/arm-none-eabi/6.3.0/../../../../arm-none-eabi/lib/armv6k/fpu\libg.a(lib_a-mallocr.o)
                0x0012e1d4                __malloc_top_pad
 .bss.heap_start.6927
                0x0012e1d8        0x4 c:/devkitpro/devkitarm/bin/../lib/gcc/arm-none-eabi/6.3.0/../../../../arm-none-eabi/lib/armv6k/fpu\libsysbase.a(sbrk.o)
 .bss.fake_heap_end
                0x0012e1dc        0x4 c:/devkitpro/devkitarm/bin/../lib/gcc/arm-none-eabi/6.3.0/../../../../arm-none-eabi/lib/armv6k/fpu\libsysbase.a(malloc_vars.o)
                0x0012e1dc                fake_heap_end
 .bss.fake_heap_start
                0x0012e1e0        0x4 c:/devkitpro/devkitarm/bin/../lib/gcc/arm-none-eabi/6.3.0/../../../../arm-none-eabi/lib/armv6k/fpu\libsysbase.a(malloc_vars.o)
                0x0012e1e0                fake_heap_start
 .bss.temp_cwd  0x0012e1e4     0x1000 c:/devkitpro/devkitarm/bin/../lib/gcc/arm-none-eabi/6.3.0/../../../../arm-none-eabi/lib/armv6k/fpu\libsysbase.a(chdir.o)
 .bss.__syscalls
                0x0012f1e4       0x38 c:/devkitpro/devkitarm/bin/../lib/gcc/arm-none-eabi/6.3.0/../../../../arm-none-eabi/lib/armv6k/fpu\libsysbase.a(syscall_support.o)
                0x0012f1e4                __syscalls
 *(.gnu.linkonce.b*)
 *(COMMON)
 COMMON         0x0012f21c       0x68 c:/devkitPro/libctru/lib\libctru.a(gfx.o)
                0x0012f21c                gfxBottomFramebuffers
                0x0012f224                gspSharedMemHandle
                0x0012f228                bottomFramebufferInfo